[0.264s] Invoking command in '/home/ws/src/wyrm_mocap_bridge_pkg': PYTHONPATH=/home/ws/build/wyrm_mocap_bridge_pkg/prefix_override:/usr/lib/python3/dist-packages/colcon_core/task/python/colcon_distutils_commands:/home/ws/install/wyrm_mocap_bridge_pkg/lib/python3.10/site-packages:${PYTHONPATH} /usr/bin/python3 -W ignore:setup.py install is deprecated -W ignore:easy_install command is deprecated setup.py egg_info --egg-base ../../build/wyrm_mocap_bridge_pkg build --build-base /home/ws/build/wyrm_mocap_bridge_pkg/build install --record /home/ws/build/wyrm_mocap_bridge_pkg/install.log --install-scripts $base/lib/wyrm_mocap_bridge_pkg --single-version-externally-managed install_data
[0.366s] running egg_info
[0.366s] writing ../../build/wyrm_mocap_bridge_pkg/wyrm_mocap_bridge_pkg.egg-info/PKG-INFO
[0.366s] writing dependency_links to ../../build/wyrm_mocap_bridge_pkg/wyrm_mocap_bridge_pkg.egg-info/dependency_links.txt
[0.366s] writing entry points to ../../build/wyrm_mocap_bridge_pkg/wyrm_mocap_bridge_pkg.egg-info/entry_points.txt
[0.366s] writing requirements to ../../build/wyrm_mocap_bridge_pkg/wyrm_mocap_bridge_pkg.egg-info/requires.txt
[0.366s] writing top-level names to ../../build/wyrm_mocap_bridge_pkg/wyrm_mocap_bridge_pkg.egg-info/top_level.txt
[0.367s] reading manifest file '../../build/wyrm_mocap_bridge_pkg/wyrm_mocap_bridge_pkg.egg-info/SOURCES.txt'
[0.368s] writing manifest file '../../build/wyrm_mocap_bridge_pkg/wyrm_mocap_bridge_pkg.egg-info/SOURCES.txt'
[0.368s] running build
[0.368s] running build_py
[0.368s] running install
[0.368s] running install_lib
[0.369s] running install_data
[0.369s] running install_egg_info
[0.370s] removing '/home/ws/install/wyrm_mocap_bridge_pkg/lib/python3.10/site-packages/wyrm_mocap_bridge_pkg-0.0.0-py3.10.egg-info' (and everything under it)
[0.371s] Copying ../../build/wyrm_mocap_bridge_pkg/wyrm_mocap_bridge_pkg.egg-info to /home/ws/install/wyrm_mocap_bridge_pkg/lib/python3.10/site-packages/wyrm_mocap_bridge_pkg-0.0.0-py3.10.egg-info
[0.371s] running install_scripts
[0.383s] Installing wyrm_mocap_bridge_node script to /home/ws/install/wyrm_mocap_bridge_pkg/lib/wyrm_mocap_bridge_pkg
[0.384s] writing list of installed files to '/home/ws/build/wyrm_mocap_bridge_pkg/install.log'
[0.397s] Invoked command in '/home/ws/src/wyrm_mocap_bridge_pkg' returned '0': PYTHONPATH=/home/ws/build/wyrm_mocap_bridge_pkg/prefix_override:/usr/lib/python3/dist-packages/colcon_core/task/python/colcon_distutils_commands:/home/ws/install/wyrm_mocap_bridge_pkg/lib/python3.10/site-packages:${PYTHONPATH} /usr/bin/python3 -W ignore:setup.py install is deprecated -W ignore:easy_install command is deprecated setup.py egg_info --egg-base ../../build/wyrm_mocap_bridge_pkg build --build-base /home/ws/build/wyrm_mocap_bridge_pkg/build install --record /home/ws/build/wyrm_mocap_bridge_pkg/install.log --install-scripts $base/lib/wyrm_mocap_bridge_pkg --single-version-externally-managed install_data
