[0.007s] Invoking command in '/home/ws/build/wyrm_msgs': CMAKE_PREFIX_PATH=${CMAKE_PREFIX_PATH}:/home/ws/install/wyrm_mocap_bridge_pkg:/opt/ros/humble /usr/bin/cmake /home/ws/src/wyrm_msgs -DCMAKE_INSTALL_PREFIX=/home/ws/install/wyrm_msgs
[0.047s] -- The C compiler identification is GNU 11.4.0
[0.088s] -- The CXX compiler identification is GNU 11.4.0
[0.096s] -- Detecting C compiler ABI info
[0.140s] -- Detecting C compiler ABI info - done
[0.144s] -- Check for working C compiler: /usr/bin/cc - skipped
[0.144s] -- Detecting C compile features
[0.144s] -- Detecting C compile features - done
[0.146s] -- Detecting CXX compiler ABI info
[0.193s] -- Detecting CXX compiler ABI info - done
[0.197s] -- Check for working CXX compiler: /usr/bin/c++ - skipped
[0.197s] -- Detecting CXX compile features
[0.197s] -- Detecting CXX compile features - done
[0.199s] -- Found ament_cmake: 1.3.14 (/opt/ros/humble/share/ament_cmake/cmake)
[0.272s] -- Found Python3: /usr/bin/python3 (found version "3.10.12") found components: Interpreter 
[0.325s] -- Found rosidl_default_generators: 1.2.1 (/opt/ros/humble/share/rosidl_default_generators/cmake)
[0.327s] -- Using all available rosidl_typesupport_c: rosidl_typesupport_fastrtps_c;rosidl_typesupport_introspection_c
[0.330s] -- Found rosidl_adapter: 3.1.8 (/opt/ros/humble/share/rosidl_adapter/cmake)
[0.351s] -- Using all available rosidl_typesupport_cpp: rosidl_typesupport_fastrtps_cpp;rosidl_typesupport_introspection_cpp
[0.373s] -- Found geometry_msgs: 4.9.1 (/opt/ros/humble/share/geometry_msgs/cmake)
[0.593s] -- Found ament_cmake_ros: 0.10.0 (/opt/ros/humble/share/ament_cmake_ros/cmake)
[0.725s] -- Using all available rosidl_typesupport_c: rosidl_typesupport_fastrtps_c;rosidl_typesupport_introspection_c
[0.895s] -- Using all available rosidl_typesupport_cpp: rosidl_typesupport_fastrtps_cpp;rosidl_typesupport_introspection_cpp
[0.904s] -- Found PythonInterp: /usr/bin/python3 (found suitable version "3.10.12", minimum required is "3.6") 
[0.905s] -- Found python_cmake_module: 0.10.0 (/opt/ros/humble/share/python_cmake_module/cmake)
[0.915s] -- Found PythonLibs: /usr/lib/x86_64-linux-gnu/libpython3.10.so (found suitable version "3.10.12", minimum required is "3.5") 
[0.916s] -- Using PYTHON_EXECUTABLE: /usr/bin/python3
[0.916s] -- Using PYTHON_INCLUDE_DIRS: /usr/include/python3.10
[0.916s] -- Using PYTHON_LIBRARIES: /usr/lib/x86_64-linux-gnu/libpython3.10.so
[0.925s] -- Found PythonExtra: .so  
[0.998s] -- Configuring done
[1.018s] -- Generating done
[1.024s] -- Build files have been written to: /home/ws/build/wyrm_msgs
[1.031s] Invoked command in '/home/ws/build/wyrm_msgs' returned '0': CMAKE_PREFIX_PATH=${CMAKE_PREFIX_PATH}:/home/ws/install/wyrm_mocap_bridge_pkg:/opt/ros/humble /usr/bin/cmake /home/ws/src/wyrm_msgs -DCMAKE_INSTALL_PREFIX=/home/ws/install/wyrm_msgs
[1.032s] Invoking command in '/home/ws/build/wyrm_msgs': CMAKE_PREFIX_PATH=${CMAKE_PREFIX_PATH}:/home/ws/install/wyrm_mocap_bridge_pkg:/opt/ros/humble /usr/bin/cmake --build /home/ws/build/wyrm_msgs -- -j16 -l16
[1.056s] [  2%] [34m[1mGenerating C code for ROS interfaces[0m
[1.062s] [  6%] [34m[1mGenerating C++ code for ROS interfaces[0m
[1.063s] [  6%] [34m[1mGenerating Rust code for ROS interfaces[0m
[1.068s] [  6%] Built target ament_cmake_python_copy_wyrm_msgs
[1.181s] running egg_info
[1.181s] creating wyrm_msgs.egg-info
[1.181s] writing wyrm_msgs.egg-info/PKG-INFO
[1.182s] writing dependency_links to wyrm_msgs.egg-info/dependency_links.txt
[1.182s] writing top-level names to wyrm_msgs.egg-info/top_level.txt
[1.182s] writing manifest file 'wyrm_msgs.egg-info/SOURCES.txt'
[1.182s] reading manifest file 'wyrm_msgs.egg-info/SOURCES.txt'
[1.182s] writing manifest file 'wyrm_msgs.egg-info/SOURCES.txt'
[1.202s] [  6%] Built target ament_cmake_python_build_wyrm_msgs_egg
[1.211s] [  6%] Built target wyrm_msgs__rs
[1.250s] [  6%] Built target wyrm_msgs__cpp
[1.257s] [ 12%] [34m[1mGenerating C++ introspection for ROS interfaces[0m
[1.257s] [ 12%] [34m[1mGenerating C++ type support dispatch for ROS interfaces[0m
[1.257s] [ 12%] [34m[1mGenerating C++ type support for eProsima Fast-RTPS[0m
[1.260s] [ 14%] [32mBuilding C object CMakeFiles/wyrm_msgs__rosidl_generator_c.dir/rosidl_generator_c/wyrm_msgs/msg/detail/description__functions.c.o[0m
[1.261s] [ 18%] [32mBuilding C object CMakeFiles/wyrm_msgs__rosidl_generator_c.dir/rosidl_generator_c/wyrm_msgs/msg/detail/frame__functions.c.o[0m
[1.261s] [ 18%] [32mBuilding C object CMakeFiles/wyrm_msgs__rosidl_generator_c.dir/rosidl_generator_c/wyrm_msgs/msg/detail/rigid_body__functions.c.o[0m
[1.294s] [ 20%] [32m[1mLinking C shared library libwyrm_msgs__rosidl_generator_c.so[0m
[1.321s] [ 20%] Built target wyrm_msgs__rosidl_generator_c
[1.330s] [ 27%] [34m[1mGenerating C type support for eProsima Fast-RTPS[0m
[1.330s] [ 27%] [34m[1mGenerating C introspection for ROS interfaces[0m
[1.330s] [ 27%] [34m[1mGenerating C type support dispatch for ROS interfaces[0m
[1.417s] [ 29%] [32mBuilding CXX object CMakeFiles/wyrm_msgs__rosidl_typesupport_cpp.dir/rosidl_typesupport_cpp/wyrm_msgs/msg/description__type_support.cpp.o[0m
[1.417s] [ 33%] [32mBuilding CXX object CMakeFiles/wyrm_msgs__rosidl_typesupport_cpp.dir/rosidl_typesupport_cpp/wyrm_msgs/msg/rigid_body__type_support.cpp.o[0m
[1.417s] [ 33%] [32mBuilding CXX object CMakeFiles/wyrm_msgs__rosidl_typesupport_cpp.dir/rosidl_typesupport_cpp/wyrm_msgs/msg/frame__type_support.cpp.o[0m
[1.444s] [ 35%] [32mBuilding CXX object CMakeFiles/wyrm_msgs__rosidl_typesupport_fastrtps_cpp.dir/rosidl_typesupport_fastrtps_cpp/wyrm_msgs/msg/detail/dds_fastrtps/frame__type_support.cpp.o[0m
[1.444s] [ 37%] [32mBuilding CXX object CMakeFiles/wyrm_msgs__rosidl_typesupport_fastrtps_cpp.dir/rosidl_typesupport_fastrtps_cpp/wyrm_msgs/msg/detail/dds_fastrtps/description__type_support.cpp.o[0m
[1.452s] [ 39%] [32mBuilding CXX object CMakeFiles/wyrm_msgs__rosidl_typesupport_fastrtps_cpp.dir/rosidl_typesupport_fastrtps_cpp/wyrm_msgs/msg/detail/dds_fastrtps/rigid_body__type_support.cpp.o[0m
[1.454s] [ 43%] [32mBuilding CXX object CMakeFiles/wyrm_msgs__rosidl_typesupport_introspection_cpp.dir/rosidl_typesupport_introspection_cpp/wyrm_msgs/msg/detail/description__type_support.cpp.o[0m
[1.454s] [ 43%] [32mBuilding CXX object CMakeFiles/wyrm_msgs__rosidl_typesupport_introspection_cpp.dir/rosidl_typesupport_introspection_cpp/wyrm_msgs/msg/detail/frame__type_support.cpp.o[0m
[1.460s] [ 45%] [32mBuilding CXX object CMakeFiles/wyrm_msgs__rosidl_typesupport_introspection_cpp.dir/rosidl_typesupport_introspection_cpp/wyrm_msgs/msg/detail/rigid_body__type_support.cpp.o[0m
[1.530s] [ 47%] [32mBuilding C object CMakeFiles/wyrm_msgs__rosidl_typesupport_introspection_c.dir/rosidl_typesupport_introspection_c/wyrm_msgs/msg/detail/description__type_support.c.o[0m
[1.531s] [ 50%] [32mBuilding CXX object CMakeFiles/wyrm_msgs__rosidl_typesupport_c.dir/rosidl_typesupport_c/wyrm_msgs/msg/description__type_support.cpp.o[0m
[1.532s] [ 54%] [32mBuilding CXX object CMakeFiles/wyrm_msgs__rosidl_typesupport_c.dir/rosidl_typesupport_c/wyrm_msgs/msg/rigid_body__type_support.cpp.o[0m
[1.535s] [ 54%] [32mBuilding C object CMakeFiles/wyrm_msgs__rosidl_typesupport_introspection_c.dir/rosidl_typesupport_introspection_c/wyrm_msgs/msg/detail/rigid_body__type_support.c.o[0m
[1.539s] [ 56%] [32mBuilding CXX object CMakeFiles/wyrm_msgs__rosidl_typesupport_c.dir/rosidl_typesupport_c/wyrm_msgs/msg/frame__type_support.cpp.o[0m
[1.543s] [ 58%] [32mBuilding C object CMakeFiles/wyrm_msgs__rosidl_typesupport_introspection_c.dir/rosidl_typesupport_introspection_c/wyrm_msgs/msg/detail/frame__type_support.c.o[0m
[1.562s] [ 60%] [32mBuilding CXX object CMakeFiles/wyrm_msgs__rosidl_typesupport_fastrtps_c.dir/rosidl_typesupport_fastrtps_c/wyrm_msgs/msg/detail/description__type_support_c.cpp.o[0m
[1.566s] [ 62%] [32mBuilding CXX object CMakeFiles/wyrm_msgs__rosidl_typesupport_fastrtps_c.dir/rosidl_typesupport_fastrtps_c/wyrm_msgs/msg/detail/rigid_body__type_support_c.cpp.o[0m
[1.577s] [ 66%] [32mBuilding CXX object CMakeFiles/wyrm_msgs__rosidl_typesupport_fastrtps_c.dir/rosidl_typesupport_fastrtps_c/wyrm_msgs/msg/detail/frame__type_support_c.cpp.o[0m
[1.577s] [ 66%] [32m[1mLinking CXX shared library libwyrm_msgs__rosidl_typesupport_c.so[0m
[1.582s] [ 68%] [32m[1mLinking C shared library libwyrm_msgs__rosidl_typesupport_introspection_c.so[0m
[1.596s] [ 70%] [32m[1mLinking CXX shared library libwyrm_msgs__rosidl_typesupport_cpp.so[0m
[1.609s] [ 70%] Built target wyrm_msgs__rosidl_typesupport_c
[1.610s] [ 70%] Built target wyrm_msgs__rosidl_typesupport_introspection_c
[1.639s] [ 70%] Built target wyrm_msgs__rosidl_typesupport_cpp
[1.722s] [ 72%] [32m[1mLinking CXX shared library libwyrm_msgs__rosidl_typesupport_fastrtps_cpp.so[0m
[1.754s] [ 75%] [32m[1mLinking CXX shared library libwyrm_msgs__rosidl_typesupport_introspection_cpp.so[0m
[1.780s] [ 75%] Built target wyrm_msgs__rosidl_typesupport_fastrtps_cpp
[1.789s] [ 77%] [32m[1mLinking CXX shared library libwyrm_msgs__rosidl_typesupport_fastrtps_c.so[0m
[1.812s] [ 77%] Built target wyrm_msgs__rosidl_typesupport_introspection_cpp
[1.852s] [ 77%] Built target wyrm_msgs__rosidl_typesupport_fastrtps_c
[1.867s] [ 77%] Built target wyrm_msgs
[1.883s] [ 79%] [34m[1mGenerating Python code for ROS interfaces[0m
[2.133s] [ 79%] Built target wyrm_msgs__py
[2.147s] [ 85%] [32mBuilding C object CMakeFiles/wyrm_msgs__rosidl_generator_py.dir/rosidl_generator_py/wyrm_msgs/msg/_rigid_body_s.c.o[0m
[2.147s] [ 85%] [32mBuilding C object CMakeFiles/wyrm_msgs__rosidl_generator_py.dir/rosidl_generator_py/wyrm_msgs/msg/_description_s.c.o[0m
[2.147s] [ 85%] [32mBuilding C object CMakeFiles/wyrm_msgs__rosidl_generator_py.dir/rosidl_generator_py/wyrm_msgs/msg/_frame_s.c.o[0m
[2.225s] [ 87%] [32m[1mLinking C shared library rosidl_generator_py/wyrm_msgs/libwyrm_msgs__rosidl_generator_py.so[0m
[2.252s] [ 87%] Built target wyrm_msgs__rosidl_generator_py
[2.265s] [ 89%] [32mBuilding C object CMakeFiles/wyrm_msgs__rosidl_typesupport_fastrtps_c__pyext.dir/rosidl_generator_py/wyrm_msgs/_wyrm_msgs_s.ep.rosidl_typesupport_fastrtps_c.c.o[0m
[2.265s] [ 91%] [32mBuilding C object CMakeFiles/wyrm_msgs__rosidl_typesupport_introspection_c__pyext.dir/rosidl_generator_py/wyrm_msgs/_wyrm_msgs_s.ep.rosidl_typesupport_introspection_c.c.o[0m
[2.265s] [ 93%] [32mBuilding C object CMakeFiles/wyrm_msgs__rosidl_typesupport_c__pyext.dir/rosidl_generator_py/wyrm_msgs/_wyrm_msgs_s.ep.rosidl_typesupport_c.c.o[0m
[2.331s] [ 97%] [32m[1mLinking C shared library rosidl_generator_py/wyrm_msgs/wyrm_msgs_s__rosidl_typesupport_c.cpython-310-x86_64-linux-gnu.so[0m
[2.331s] [ 97%] [32m[1mLinking C shared library rosidl_generator_py/wyrm_msgs/wyrm_msgs_s__rosidl_typesupport_fastrtps_c.cpython-310-x86_64-linux-gnu.so[0m
[2.346s] [100%] [32m[1mLinking C shared library rosidl_generator_py/wyrm_msgs/wyrm_msgs_s__rosidl_typesupport_introspection_c.cpython-310-x86_64-linux-gnu.so[0m
[2.358s] [100%] Built target wyrm_msgs__rosidl_typesupport_c__pyext
[2.358s] [100%] Built target wyrm_msgs__rosidl_typesupport_fastrtps_c__pyext
[2.372s] [100%] Built target wyrm_msgs__rosidl_typesupport_introspection_c__pyext
[2.379s] Invoked command in '/home/ws/build/wyrm_msgs' returned '0': CMAKE_PREFIX_PATH=${CMAKE_PREFIX_PATH}:/home/ws/install/wyrm_mocap_bridge_pkg:/opt/ros/humble /usr/bin/cmake --build /home/ws/build/wyrm_msgs -- -j16 -l16
[2.385s] Invoking command in '/home/ws/build/wyrm_msgs': CMAKE_PREFIX_PATH=${CMAKE_PREFIX_PATH}:/home/ws/install/wyrm_mocap_bridge_pkg:/opt/ros/humble /usr/bin/cmake --install /home/ws/build/wyrm_msgs
[2.389s] -- Install configuration: ""
[2.389s] -- Installing: /home/ws/install/wyrm_msgs/share/ament_index/resource_index/rosidl_interfaces/wyrm_msgs
[2.389s] -- Installing: /home/ws/install/wyrm_msgs/include/wyrm_msgs/wyrm_msgs
[2.389s] -- Installing: /home/ws/install/wyrm_msgs/include/wyrm_msgs/wyrm_msgs/msg
[2.390s] -- Installing: /home/ws/install/wyrm_msgs/include/wyrm_msgs/wyrm_msgs/msg/rosidl_generator_c__visibility_control.h
[2.390s] -- Installing: /home/ws/install/wyrm_msgs/include/wyrm_msgs/wyrm_msgs/msg/detail
[2.390s] -- Installing: /home/ws/install/wyrm_msgs/include/wyrm_msgs/wyrm_msgs/msg/detail/frame__type_support.h
[2.390s] -- Installing: /home/ws/install/wyrm_msgs/include/wyrm_msgs/wyrm_msgs/msg/detail/frame__functions.h
[2.390s] -- Installing: /home/ws/install/wyrm_msgs/include/wyrm_msgs/wyrm_msgs/msg/detail/rigid_body__struct.h
[2.390s] -- Installing: /home/ws/install/wyrm_msgs/include/wyrm_msgs/wyrm_msgs/msg/detail/frame__struct.h
[2.390s] -- Installing: /home/ws/install/wyrm_msgs/include/wyrm_msgs/wyrm_msgs/msg/detail/rigid_body__type_support.h
[2.390s] -- Installing: /home/ws/install/wyrm_msgs/include/wyrm_msgs/wyrm_msgs/msg/detail/description__type_support.h
[2.390s] -- Installing: /home/ws/install/wyrm_msgs/include/wyrm_msgs/wyrm_msgs/msg/detail/description__struct.h
[2.390s] -- Installing: /home/ws/install/wyrm_msgs/include/wyrm_msgs/wyrm_msgs/msg/detail/frame__functions.c
[2.390s] -- Installing: /home/ws/install/wyrm_msgs/include/wyrm_msgs/wyrm_msgs/msg/detail/rigid_body__functions.h
[2.390s] -- Installing: /home/ws/install/wyrm_msgs/include/wyrm_msgs/wyrm_msgs/msg/detail/description__functions.h
[2.390s] -- Installing: /home/ws/install/wyrm_msgs/include/wyrm_msgs/wyrm_msgs/msg/detail/rigid_body__functions.c
[2.390s] -- Installing: /home/ws/install/wyrm_msgs/include/wyrm_msgs/wyrm_msgs/msg/detail/description__functions.c
[2.390s] -- Installing: /home/ws/install/wyrm_msgs/include/wyrm_msgs/wyrm_msgs/msg/frame.h
[2.390s] -- Installing: /home/ws/install/wyrm_msgs/include/wyrm_msgs/wyrm_msgs/msg/rigid_body.h
[2.390s] -- Installing: /home/ws/install/wyrm_msgs/include/wyrm_msgs/wyrm_msgs/msg/description.h
[2.390s] -- Installing: /home/ws/install/wyrm_msgs/share/wyrm_msgs/environment/library_path.sh
[2.390s] -- Installing: /home/ws/install/wyrm_msgs/share/wyrm_msgs/environment/library_path.dsv
[2.391s] -- Installing: /home/ws/install/wyrm_msgs/lib/libwyrm_msgs__rosidl_generator_c.so
[2.391s] -- Set runtime path of "/home/ws/install/wyrm_msgs/lib/libwyrm_msgs__rosidl_generator_c.so" to ""
[2.391s] -- Up-to-date: /home/ws/install/wyrm_msgs/include/wyrm_msgs/wyrm_msgs
[2.391s] -- Up-to-date: /home/ws/install/wyrm_msgs/include/wyrm_msgs/wyrm_msgs/msg
[2.391s] -- Installing: /home/ws/install/wyrm_msgs/include/wyrm_msgs/wyrm_msgs/msg/rosidl_typesupport_fastrtps_c__visibility_control.h
[2.391s] -- Up-to-date: /home/ws/install/wyrm_msgs/include/wyrm_msgs/wyrm_msgs/msg/detail
[2.391s] -- Installing: /home/ws/install/wyrm_msgs/include/wyrm_msgs/wyrm_msgs/msg/detail/frame__rosidl_typesupport_fastrtps_c.h
[2.391s] -- Installing: /home/ws/install/wyrm_msgs/include/wyrm_msgs/wyrm_msgs/msg/detail/description__rosidl_typesupport_fastrtps_c.h
[2.391s] -- Installing: /home/ws/install/wyrm_msgs/include/wyrm_msgs/wyrm_msgs/msg/detail/rigid_body__rosidl_typesupport_fastrtps_c.h
[2.391s] -- Installing: /home/ws/install/wyrm_msgs/lib/libwyrm_msgs__rosidl_typesupport_fastrtps_c.so
[2.391s] -- Set runtime path of "/home/ws/install/wyrm_msgs/lib/libwyrm_msgs__rosidl_typesupport_fastrtps_c.so" to ""
[2.391s] -- Up-to-date: /home/ws/install/wyrm_msgs/include/wyrm_msgs/wyrm_msgs
[2.391s] -- Up-to-date: /home/ws/install/wyrm_msgs/include/wyrm_msgs/wyrm_msgs/msg
[2.391s] -- Up-to-date: /home/ws/install/wyrm_msgs/include/wyrm_msgs/wyrm_msgs/msg/detail
[2.391s] -- Installing: /home/ws/install/wyrm_msgs/include/wyrm_msgs/wyrm_msgs/msg/detail/frame__type_support.c
[2.391s] -- Installing: /home/ws/install/wyrm_msgs/include/wyrm_msgs/wyrm_msgs/msg/detail/rigid_body__type_support.c
[2.391s] -- Installing: /home/ws/install/wyrm_msgs/include/wyrm_msgs/wyrm_msgs/msg/detail/rigid_body__rosidl_typesupport_introspection_c.h
[2.391s] -- Installing: /home/ws/install/wyrm_msgs/include/wyrm_msgs/wyrm_msgs/msg/detail/frame__rosidl_typesupport_introspection_c.h
[2.391s] -- Installing: /home/ws/install/wyrm_msgs/include/wyrm_msgs/wyrm_msgs/msg/detail/description__type_support.c
[2.391s] -- Installing: /home/ws/install/wyrm_msgs/include/wyrm_msgs/wyrm_msgs/msg/detail/description__rosidl_typesupport_introspection_c.h
[2.392s] -- Installing: /home/ws/install/wyrm_msgs/include/wyrm_msgs/wyrm_msgs/msg/rosidl_typesupport_introspection_c__visibility_control.h
[2.392s] -- Installing: /home/ws/install/wyrm_msgs/lib/libwyrm_msgs__rosidl_typesupport_introspection_c.so
[2.392s] -- Set runtime path of "/home/ws/install/wyrm_msgs/lib/libwyrm_msgs__rosidl_typesupport_introspection_c.so" to ""
[2.392s] -- Installing: /home/ws/install/wyrm_msgs/lib/libwyrm_msgs__rosidl_typesupport_c.so
[2.392s] -- Set runtime path of "/home/ws/install/wyrm_msgs/lib/libwyrm_msgs__rosidl_typesupport_c.so" to ""
[2.392s] -- Up-to-date: /home/ws/install/wyrm_msgs/include/wyrm_msgs/wyrm_msgs
[2.392s] -- Up-to-date: /home/ws/install/wyrm_msgs/include/wyrm_msgs/wyrm_msgs/msg
[2.392s] -- Installing: /home/ws/install/wyrm_msgs/include/wyrm_msgs/wyrm_msgs/msg/frame.hpp
[2.392s] -- Installing: /home/ws/install/wyrm_msgs/include/wyrm_msgs/wyrm_msgs/msg/rigid_body.hpp
[2.392s] -- Up-to-date: /home/ws/install/wyrm_msgs/include/wyrm_msgs/wyrm_msgs/msg/detail
[2.392s] -- Installing: /home/ws/install/wyrm_msgs/include/wyrm_msgs/wyrm_msgs/msg/detail/description__type_support.hpp
[2.392s] -- Installing: /home/ws/install/wyrm_msgs/include/wyrm_msgs/wyrm_msgs/msg/detail/description__struct.hpp
[2.392s] -- Installing: /home/ws/install/wyrm_msgs/include/wyrm_msgs/wyrm_msgs/msg/detail/frame__type_support.hpp
[2.392s] -- Installing: /home/ws/install/wyrm_msgs/include/wyrm_msgs/wyrm_msgs/msg/detail/description__builder.hpp
[2.392s] -- Installing: /home/ws/install/wyrm_msgs/include/wyrm_msgs/wyrm_msgs/msg/detail/rigid_body__traits.hpp
[2.392s] -- Installing: /home/ws/install/wyrm_msgs/include/wyrm_msgs/wyrm_msgs/msg/detail/description__traits.hpp
[2.392s] -- Installing: /home/ws/install/wyrm_msgs/include/wyrm_msgs/wyrm_msgs/msg/detail/rigid_body__builder.hpp
[2.392s] -- Installing: /home/ws/install/wyrm_msgs/include/wyrm_msgs/wyrm_msgs/msg/detail/rigid_body__struct.hpp
[2.392s] -- Installing: /home/ws/install/wyrm_msgs/include/wyrm_msgs/wyrm_msgs/msg/detail/rigid_body__type_support.hpp
[2.392s] -- Installing: /home/ws/install/wyrm_msgs/include/wyrm_msgs/wyrm_msgs/msg/detail/frame__traits.hpp
[2.393s] -- Installing: /home/ws/install/wyrm_msgs/include/wyrm_msgs/wyrm_msgs/msg/detail/frame__struct.hpp
[2.393s] -- Installing: /home/ws/install/wyrm_msgs/include/wyrm_msgs/wyrm_msgs/msg/detail/frame__builder.hpp
[2.393s] -- Installing: /home/ws/install/wyrm_msgs/include/wyrm_msgs/wyrm_msgs/msg/description.hpp
[2.393s] -- Installing: /home/ws/install/wyrm_msgs/include/wyrm_msgs/wyrm_msgs/msg/rosidl_generator_cpp__visibility_control.hpp
[2.393s] -- Up-to-date: /home/ws/install/wyrm_msgs/include/wyrm_msgs/wyrm_msgs
[2.393s] -- Up-to-date: /home/ws/install/wyrm_msgs/include/wyrm_msgs/wyrm_msgs/msg
[2.393s] -- Up-to-date: /home/ws/install/wyrm_msgs/include/wyrm_msgs/wyrm_msgs/msg/detail
[2.393s] -- Installing: /home/ws/install/wyrm_msgs/include/wyrm_msgs/wyrm_msgs/msg/detail/description__rosidl_typesupport_fastrtps_cpp.hpp
[2.393s] -- Installing: /home/ws/install/wyrm_msgs/include/wyrm_msgs/wyrm_msgs/msg/detail/dds_fastrtps
[2.393s] -- Installing: /home/ws/install/wyrm_msgs/include/wyrm_msgs/wyrm_msgs/msg/detail/frame__rosidl_typesupport_fastrtps_cpp.hpp
[2.393s] -- Installing: /home/ws/install/wyrm_msgs/include/wyrm_msgs/wyrm_msgs/msg/detail/rigid_body__rosidl_typesupport_fastrtps_cpp.hpp
[2.393s] -- Installing: /home/ws/install/wyrm_msgs/include/wyrm_msgs/wyrm_msgs/msg/rosidl_typesupport_fastrtps_cpp__visibility_control.h
[2.393s] -- Installing: /home/ws/install/wyrm_msgs/lib/libwyrm_msgs__rosidl_typesupport_fastrtps_cpp.so
[2.393s] -- Set runtime path of "/home/ws/install/wyrm_msgs/lib/libwyrm_msgs__rosidl_typesupport_fastrtps_cpp.so" to ""
[2.393s] -- Up-to-date: /home/ws/install/wyrm_msgs/include/wyrm_msgs/wyrm_msgs
[2.393s] -- Up-to-date: /home/ws/install/wyrm_msgs/include/wyrm_msgs/wyrm_msgs/msg
[2.393s] -- Up-to-date: /home/ws/install/wyrm_msgs/include/wyrm_msgs/wyrm_msgs/msg/detail
[2.393s] -- Installing: /home/ws/install/wyrm_msgs/include/wyrm_msgs/wyrm_msgs/msg/detail/frame__type_support.cpp
[2.393s] -- Installing: /home/ws/install/wyrm_msgs/include/wyrm_msgs/wyrm_msgs/msg/detail/rigid_body__rosidl_typesupport_introspection_cpp.hpp
[2.393s] -- Installing: /home/ws/install/wyrm_msgs/include/wyrm_msgs/wyrm_msgs/msg/detail/rigid_body__type_support.cpp
[2.393s] -- Installing: /home/ws/install/wyrm_msgs/include/wyrm_msgs/wyrm_msgs/msg/detail/frame__rosidl_typesupport_introspection_cpp.hpp
[2.393s] -- Installing: /home/ws/install/wyrm_msgs/include/wyrm_msgs/wyrm_msgs/msg/detail/description__type_support.cpp
[2.394s] -- Installing: /home/ws/install/wyrm_msgs/include/wyrm_msgs/wyrm_msgs/msg/detail/description__rosidl_typesupport_introspection_cpp.hpp
[2.394s] -- Installing: /home/ws/install/wyrm_msgs/lib/libwyrm_msgs__rosidl_typesupport_introspection_cpp.so
[2.394s] -- Set runtime path of "/home/ws/install/wyrm_msgs/lib/libwyrm_msgs__rosidl_typesupport_introspection_cpp.so" to ""
[2.394s] -- Installing: /home/ws/install/wyrm_msgs/lib/libwyrm_msgs__rosidl_typesupport_cpp.so
[2.394s] -- Set runtime path of "/home/ws/install/wyrm_msgs/lib/libwyrm_msgs__rosidl_typesupport_cpp.so" to ""
[2.394s] -- Installing: /home/ws/install/wyrm_msgs/share/wyrm_msgs/environment/pythonpath.sh
[2.394s] -- Installing: /home/ws/install/wyrm_msgs/share/wyrm_msgs/environment/pythonpath.dsv
[2.394s] -- Installing: /home/ws/install/wyrm_msgs/local/lib/python3.10/dist-packages/wyrm_msgs-1.0.0-py3.10.egg-info
[2.394s] -- Installing: /home/ws/install/wyrm_msgs/local/lib/python3.10/dist-packages/wyrm_msgs-1.0.0-py3.10.egg-info/SOURCES.txt
[2.394s] -- Installing: /home/ws/install/wyrm_msgs/local/lib/python3.10/dist-packages/wyrm_msgs-1.0.0-py3.10.egg-info/PKG-INFO
[2.394s] -- Installing: /home/ws/install/wyrm_msgs/local/lib/python3.10/dist-packages/wyrm_msgs-1.0.0-py3.10.egg-info/top_level.txt
[2.394s] -- Installing: /home/ws/install/wyrm_msgs/local/lib/python3.10/dist-packages/wyrm_msgs-1.0.0-py3.10.egg-info/dependency_links.txt
[2.394s] -- Installing: /home/ws/install/wyrm_msgs/local/lib/python3.10/dist-packages/wyrm_msgs
[2.394s] -- Installing: /home/ws/install/wyrm_msgs/local/lib/python3.10/dist-packages/wyrm_msgs/wyrm_msgs_s__rosidl_typesupport_introspection_c.cpython-310-x86_64-linux-gnu.so
[2.395s] -- Installing: /home/ws/install/wyrm_msgs/local/lib/python3.10/dist-packages/wyrm_msgs/libwyrm_msgs__rosidl_generator_py.so
[2.395s] -- Installing: /home/ws/install/wyrm_msgs/local/lib/python3.10/dist-packages/wyrm_msgs/msg
[2.395s] -- Installing: /home/ws/install/wyrm_msgs/local/lib/python3.10/dist-packages/wyrm_msgs/msg/_frame_s.c
[2.395s] -- Installing: /home/ws/install/wyrm_msgs/local/lib/python3.10/dist-packages/wyrm_msgs/msg/_description.py
[2.395s] -- Installing: /home/ws/install/wyrm_msgs/local/lib/python3.10/dist-packages/wyrm_msgs/msg/_description_s.c
[2.395s] -- Installing: /home/ws/install/wyrm_msgs/local/lib/python3.10/dist-packages/wyrm_msgs/msg/__init__.py
[2.395s] -- Installing: /home/ws/install/wyrm_msgs/local/lib/python3.10/dist-packages/wyrm_msgs/msg/_rigid_body_s.c
[2.395s] -- Installing: /home/ws/install/wyrm_msgs/local/lib/python3.10/dist-packages/wyrm_msgs/msg/_rigid_body.py
[2.395s] -- Installing: /home/ws/install/wyrm_msgs/local/lib/python3.10/dist-packages/wyrm_msgs/msg/_frame.py
[2.395s] -- Installing: /home/ws/install/wyrm_msgs/local/lib/python3.10/dist-packages/wyrm_msgs/wyrm_msgs_s__rosidl_typesupport_c.cpython-310-x86_64-linux-gnu.so
[2.395s] -- Installing: /home/ws/install/wyrm_msgs/local/lib/python3.10/dist-packages/wyrm_msgs/wyrm_msgs_s__rosidl_typesupport_fastrtps_c.cpython-310-x86_64-linux-gnu.so
[2.395s] -- Installing: /home/ws/install/wyrm_msgs/local/lib/python3.10/dist-packages/wyrm_msgs/__init__.py
[2.395s] -- Installing: /home/ws/install/wyrm_msgs/local/lib/python3.10/dist-packages/wyrm_msgs/_wyrm_msgs_s.ep.rosidl_typesupport_introspection_c.c
[2.395s] -- Installing: /home/ws/install/wyrm_msgs/local/lib/python3.10/dist-packages/wyrm_msgs/_wyrm_msgs_s.ep.rosidl_typesupport_fastrtps_c.c
[2.395s] -- Installing: /home/ws/install/wyrm_msgs/local/lib/python3.10/dist-packages/wyrm_msgs/_wyrm_msgs_s.ep.rosidl_typesupport_c.c
[2.418s] Listing '/home/ws/install/wyrm_msgs/local/lib/python3.10/dist-packages/wyrm_msgs'...
[2.418s] Compiling '/home/ws/install/wyrm_msgs/local/lib/python3.10/dist-packages/wyrm_msgs/__init__.py'...
[2.418s] Listing '/home/ws/install/wyrm_msgs/local/lib/python3.10/dist-packages/wyrm_msgs/msg'...
[2.418s] Compiling '/home/ws/install/wyrm_msgs/local/lib/python3.10/dist-packages/wyrm_msgs/msg/__init__.py'...
[2.418s] Compiling '/home/ws/install/wyrm_msgs/local/lib/python3.10/dist-packages/wyrm_msgs/msg/_description.py'...
[2.418s] Compiling '/home/ws/install/wyrm_msgs/local/lib/python3.10/dist-packages/wyrm_msgs/msg/_frame.py'...
[2.418s] Compiling '/home/ws/install/wyrm_msgs/local/lib/python3.10/dist-packages/wyrm_msgs/msg/_rigid_body.py'...
[2.422s] -- Installing: /home/ws/install/wyrm_msgs/local/lib/python3.10/dist-packages/wyrm_msgs/wyrm_msgs_s__rosidl_typesupport_fastrtps_c.cpython-310-x86_64-linux-gnu.so
[2.422s] -- Set runtime path of "/home/ws/install/wyrm_msgs/local/lib/python3.10/dist-packages/wyrm_msgs/wyrm_msgs_s__rosidl_typesupport_fastrtps_c.cpython-310-x86_64-linux-gnu.so" to ""
[2.422s] -- Installing: /home/ws/install/wyrm_msgs/local/lib/python3.10/dist-packages/wyrm_msgs/wyrm_msgs_s__rosidl_typesupport_introspection_c.cpython-310-x86_64-linux-gnu.so
[2.422s] -- Set runtime path of "/home/ws/install/wyrm_msgs/local/lib/python3.10/dist-packages/wyrm_msgs/wyrm_msgs_s__rosidl_typesupport_introspection_c.cpython-310-x86_64-linux-gnu.so" to ""
[2.422s] -- Installing: /home/ws/install/wyrm_msgs/local/lib/python3.10/dist-packages/wyrm_msgs/wyrm_msgs_s__rosidl_typesupport_c.cpython-310-x86_64-linux-gnu.so
[2.423s] -- Set runtime path of "/home/ws/install/wyrm_msgs/local/lib/python3.10/dist-packages/wyrm_msgs/wyrm_msgs_s__rosidl_typesupport_c.cpython-310-x86_64-linux-gnu.so" to ""
[2.423s] -- Installing: /home/ws/install/wyrm_msgs/lib/libwyrm_msgs__rosidl_generator_py.so
[2.423s] -- Set runtime path of "/home/ws/install/wyrm_msgs/lib/libwyrm_msgs__rosidl_generator_py.so" to ""
[2.423s] -- Installing: /home/ws/install/wyrm_msgs/share/ament_index/resource_index/rust_packages/wyrm_msgs
[2.423s] -- Installing: /home/ws/install/wyrm_msgs/share/wyrm_msgs/rust
[2.423s] -- Installing: /home/ws/install/wyrm_msgs/share/wyrm_msgs/rust/build.rs
[2.423s] -- Installing: /home/ws/install/wyrm_msgs/share/wyrm_msgs/rust/Cargo.toml
[2.423s] -- Installing: /home/ws/install/wyrm_msgs/share/wyrm_msgs/rust/src
[2.423s] -- Installing: /home/ws/install/wyrm_msgs/share/wyrm_msgs/rust/src/lib.rs
[2.423s] -- Installing: /home/ws/install/wyrm_msgs/share/wyrm_msgs/rust/src/msg
[2.423s] -- Installing: /home/ws/install/wyrm_msgs/share/wyrm_msgs/rust/src/msg/rmw.rs
[2.424s] -- Installing: /home/ws/install/wyrm_msgs/share/wyrm_msgs/rust/src/msg.rs
[2.424s] -- Installing: /home/ws/install/wyrm_msgs/share/wyrm_msgs/msg/Description.idl
[2.424s] -- Installing: /home/ws/install/wyrm_msgs/share/wyrm_msgs/msg/RigidBody.idl
[2.424s] -- Installing: /home/ws/install/wyrm_msgs/share/wyrm_msgs/msg/Frame.idl
[2.424s] -- Installing: /home/ws/install/wyrm_msgs/share/wyrm_msgs/msg/Description.msg
[2.424s] -- Installing: /home/ws/install/wyrm_msgs/share/wyrm_msgs/msg/RigidBody.msg
[2.424s] -- Installing: /home/ws/install/wyrm_msgs/share/wyrm_msgs/msg/Frame.msg
[2.424s] -- Installing: /home/ws/install/wyrm_msgs/share/ament_index/resource_index/package_run_dependencies/wyrm_msgs
[2.424s] -- Installing: /home/ws/install/wyrm_msgs/share/ament_index/resource_index/parent_prefix_path/wyrm_msgs
[2.424s] -- Installing: /home/ws/install/wyrm_msgs/share/wyrm_msgs/environment/ament_prefix_path.sh
[2.424s] -- Installing: /home/ws/install/wyrm_msgs/share/wyrm_msgs/environment/ament_prefix_path.dsv
[2.424s] -- Installing: /home/ws/install/wyrm_msgs/share/wyrm_msgs/environment/path.sh
[2.424s] -- Installing: /home/ws/install/wyrm_msgs/share/wyrm_msgs/environment/path.dsv
[2.424s] -- Installing: /home/ws/install/wyrm_msgs/share/wyrm_msgs/local_setup.bash
[2.424s] -- Installing: /home/ws/install/wyrm_msgs/share/wyrm_msgs/local_setup.sh
[2.424s] -- Installing: /home/ws/install/wyrm_msgs/share/wyrm_msgs/local_setup.zsh
[2.424s] -- Installing: /home/ws/install/wyrm_msgs/share/wyrm_msgs/local_setup.dsv
[2.425s] -- Installing: /home/ws/install/wyrm_msgs/share/wyrm_msgs/package.dsv
[2.425s] -- Installing: /home/ws/install/wyrm_msgs/share/ament_index/resource_index/packages/wyrm_msgs
[2.425s] -- Installing: /home/ws/install/wyrm_msgs/share/wyrm_msgs/cmake/export_wyrm_msgs__rosidl_generator_cExport.cmake
[2.425s] -- Installing: /home/ws/install/wyrm_msgs/share/wyrm_msgs/cmake/export_wyrm_msgs__rosidl_generator_cExport-noconfig.cmake
[2.425s] -- Installing: /home/ws/install/wyrm_msgs/share/wyrm_msgs/cmake/export_wyrm_msgs__rosidl_typesupport_fastrtps_cExport.cmake
[2.425s] -- Installing: /home/ws/install/wyrm_msgs/share/wyrm_msgs/cmake/export_wyrm_msgs__rosidl_typesupport_fastrtps_cExport-noconfig.cmake
[2.425s] -- Installing: /home/ws/install/wyrm_msgs/share/wyrm_msgs/cmake/wyrm_msgs__rosidl_typesupport_introspection_cExport.cmake
[2.425s] -- Installing: /home/ws/install/wyrm_msgs/share/wyrm_msgs/cmake/wyrm_msgs__rosidl_typesupport_introspection_cExport-noconfig.cmake
[2.425s] -- Installing: /home/ws/install/wyrm_msgs/share/wyrm_msgs/cmake/wyrm_msgs__rosidl_typesupport_cExport.cmake
[2.425s] -- Installing: /home/ws/install/wyrm_msgs/share/wyrm_msgs/cmake/wyrm_msgs__rosidl_typesupport_cExport-noconfig.cmake
[2.425s] -- Installing: /home/ws/install/wyrm_msgs/share/wyrm_msgs/cmake/export_wyrm_msgs__rosidl_generator_cppExport.cmake
[2.425s] -- Installing: /home/ws/install/wyrm_msgs/share/wyrm_msgs/cmake/export_wyrm_msgs__rosidl_typesupport_fastrtps_cppExport.cmake
[2.425s] -- Installing: /home/ws/install/wyrm_msgs/share/wyrm_msgs/cmake/export_wyrm_msgs__rosidl_typesupport_fastrtps_cppExport-noconfig.cmake
[2.425s] -- Installing: /home/ws/install/wyrm_msgs/share/wyrm_msgs/cmake/wyrm_msgs__rosidl_typesupport_introspection_cppExport.cmake
[2.425s] -- Installing: /home/ws/install/wyrm_msgs/share/wyrm_msgs/cmake/wyrm_msgs__rosidl_typesupport_introspection_cppExport-noconfig.cmake
[2.425s] -- Installing: /home/ws/install/wyrm_msgs/share/wyrm_msgs/cmake/wyrm_msgs__rosidl_typesupport_cppExport.cmake
[2.425s] -- Installing: /home/ws/install/wyrm_msgs/share/wyrm_msgs/cmake/wyrm_msgs__rosidl_typesupport_cppExport-noconfig.cmake
[2.425s] -- Installing: /home/ws/install/wyrm_msgs/share/wyrm_msgs/cmake/export_wyrm_msgs__rosidl_generator_pyExport.cmake
[2.426s] -- Installing: /home/ws/install/wyrm_msgs/share/wyrm_msgs/cmake/export_wyrm_msgs__rosidl_generator_pyExport-noconfig.cmake
[2.426s] -- Installing: /home/ws/install/wyrm_msgs/share/wyrm_msgs/cmake/rosidl_cmake-extras.cmake
[2.426s] -- Installing: /home/ws/install/wyrm_msgs/share/wyrm_msgs/cmake/ament_cmake_export_dependencies-extras.cmake
[2.426s] -- Installing: /home/ws/install/wyrm_msgs/share/wyrm_msgs/cmake/ament_cmake_export_include_directories-extras.cmake
[2.426s] -- Installing: /home/ws/install/wyrm_msgs/share/wyrm_msgs/cmake/ament_cmake_export_libraries-extras.cmake
[2.426s] -- Installing: /home/ws/install/wyrm_msgs/share/wyrm_msgs/cmake/ament_cmake_export_targets-extras.cmake
[2.426s] -- Installing: /home/ws/install/wyrm_msgs/share/wyrm_msgs/cmake/rosidl_cmake_export_typesupport_targets-extras.cmake
[2.426s] -- Installing: /home/ws/install/wyrm_msgs/share/wyrm_msgs/cmake/rosidl_cmake_export_typesupport_libraries-extras.cmake
[2.426s] -- Installing: /home/ws/install/wyrm_msgs/share/wyrm_msgs/cmake/wyrm_msgsConfig.cmake
[2.426s] -- Installing: /home/ws/install/wyrm_msgs/share/wyrm_msgs/cmake/wyrm_msgsConfig-version.cmake
[2.426s] -- Installing: /home/ws/install/wyrm_msgs/share/wyrm_msgs/package.xml
[2.429s] Invoked command in '/home/ws/build/wyrm_msgs' returned '0': CMAKE_PREFIX_PATH=${CMAKE_PREFIX_PATH}:/home/ws/install/wyrm_mocap_bridge_pkg:/opt/ros/humble /usr/bin/cmake --install /home/ws/build/wyrm_msgs
