[0.066s] DEBUG:colcon:Command line arguments: ['/usr/bin/colcon', 'build']
[0.066s] DEBUG:colcon:Parsed command line arguments: Namespace(log_base=None, log_level=None, verb_name='build', build_base='build', install_base='install', merge_install=False, symlink_install=False, test_result_base=None, continue_on_error=False, executor='parallel', parallel_workers=16, event_handlers=None, ignore_user_meta=False, metas=['./colcon.meta'], base_paths=['.'], packages_ignore=None, packages_ignore_regex=None, paths=None, packages_up_to=None, packages_up_to_regex=None, packages_above=None, packages_above_and_dependencies=None, packages_above_depth=None, packages_select_by_dep=None, packages_skip_by_dep=None, packages_skip_up_to=None, packages_select_build_failed=False, packages_skip_build_finished=False, packages_select_test_failures=False, packages_skip_test_passed=False, packages_select=None, packages_skip=None, packages_select_regex=None, packages_skip_regex=None, packages_start=None, packages_end=None, cmake_args=None, cmake_target=None, cmake_target_skip_unavailable=False, cmake_clean_cache=False, cmake_clean_first=False, cmake_force_configure=False, ament_cmake_args=None, catkin_cmake_args=None, catkin_skip_building_tests=False, mixin_files=None, mixin=None, verb_parser=<colcon_mixin.mixin.mixin_argument.MixinArgumentDecorator object at 0x76b32369e2c0>, verb_extension=<colcon_core.verb.build.BuildVerb object at 0x76b32369d8a0>, main=<bound method BuildVerb.main of <colcon_core.verb.build.BuildVerb object at 0x76b32369d8a0>>, mixin_verb=('build',))
[0.119s] Level 1:colcon.colcon_core.package_discovery:discover_packages(colcon_meta) check parameters
[0.119s] Level 1:colcon.colcon_core.package_discovery:discover_packages(recursive) check parameters
[0.119s] Level 1:colcon.colcon_core.package_discovery:discover_packages(ignore) check parameters
[0.119s] Level 1:colcon.colcon_core.package_discovery:discover_packages(path) check parameters
[0.119s] Level 1:colcon.colcon_core.package_discovery:discover_packages(colcon_meta) discover
[0.119s] Level 1:colcon.colcon_core.package_discovery:discover_packages(recursive) discover
[0.119s] INFO:colcon.colcon_core.package_discovery:Crawling recursively for packages in '/home/ws'
[0.119s] Level 1:colcon.colcon_core.package_identification:_identify(.) by extensions ['ignore', 'ignore_ament_install']
[0.119s] Level 1:colcon.colcon_core.package_identification:_identify(.) by extension 'ignore'
[0.119s] Level 1:colcon.colcon_core.package_identification:_identify(.) by extension 'ignore_ament_install'
[0.119s] Level 1:colcon.colcon_core.package_identification:_identify(.) by extensions ['colcon_pkg']
[0.119s] Level 1:colcon.colcon_core.package_identification:_identify(.) by extension 'colcon_pkg'
[0.119s] Level 1:colcon.colcon_core.package_identification:_identify(.) by extensions ['colcon_meta']
[0.119s] Level 1:colcon.colcon_core.package_identification:_identify(.) by extension 'colcon_meta'
[0.119s] Level 1:colcon.colcon_core.package_identification:_identify(.) by extensions ['ros']
[0.119s] Level 1:colcon.colcon_core.package_identification:_identify(.) by extension 'ros'
[0.125s] Level 1:colcon.colcon_core.package_identification:_identify(.) by extensions ['cmake', 'python']
[0.125s] Level 1:colcon.colcon_core.package_identification:_identify(.) by extension 'cmake'
[0.125s] Level 1:colcon.colcon_core.package_identification:_identify(.) by extension 'python'
[0.125s] Level 1:colcon.colcon_core.package_identification:_identify(.) by extensions ['python_setup_py']
[0.125s] Level 1:colcon.colcon_core.package_identification:_identify(.) by extension 'python_setup_py'
[0.125s] Level 1:colcon.colcon_core.package_identification:_identify(build) by extensions ['ignore', 'ignore_ament_install']
[0.125s] Level 1:colcon.colcon_core.package_identification:_identify(build) by extension 'ignore'
[0.126s] Level 1:colcon.colcon_core.package_identification:_identify(build) ignored
[0.126s] Level 1:colcon.colcon_core.package_identification:_identify(cache) by extensions ['ignore', 'ignore_ament_install']
[0.126s] Level 1:colcon.colcon_core.package_identification:_identify(cache) by extension 'ignore'
[0.126s] Level 1:colcon.colcon_core.package_identification:_identify(cache) by extension 'ignore_ament_install'
[0.126s] Level 1:colcon.colcon_core.package_identification:_identify(cache) by extensions ['colcon_pkg']
[0.126s] Level 1:colcon.colcon_core.package_identification:_identify(cache) by extension 'colcon_pkg'
[0.126s] Level 1:colcon.colcon_core.package_identification:_identify(cache) by extensions ['colcon_meta']
[0.126s] Level 1:colcon.colcon_core.package_identification:_identify(cache) by extension 'colcon_meta'
[0.126s] Level 1:colcon.colcon_core.package_identification:_identify(cache) by extensions ['ros']
[0.126s] Level 1:colcon.colcon_core.package_identification:_identify(cache) by extension 'ros'
[0.126s] Level 1:colcon.colcon_core.package_identification:_identify(cache) by extensions ['cmake', 'python']
[0.126s] Level 1:colcon.colcon_core.package_identification:_identify(cache) by extension 'cmake'
[0.126s] Level 1:colcon.colcon_core.package_identification:_identify(cache) by extension 'python'
[0.126s] Level 1:colcon.colcon_core.package_identification:_identify(cache) by extensions ['python_setup_py']
[0.126s] Level 1:colcon.colcon_core.package_identification:_identify(cache) by extension 'python_setup_py'
[0.126s] Level 1:colcon.colcon_core.package_identification:_identify(cache/humble) by extensions ['ignore', 'ignore_ament_install']
[0.126s] Level 1:colcon.colcon_core.package_identification:_identify(cache/humble) by extension 'ignore'
[0.126s] Level 1:colcon.colcon_core.package_identification:_identify(cache/humble) by extension 'ignore_ament_install'
[0.126s] Level 1:colcon.colcon_core.package_identification:_identify(cache/humble) by extensions ['colcon_pkg']
[0.126s] Level 1:colcon.colcon_core.package_identification:_identify(cache/humble) by extension 'colcon_pkg'
[0.126s] Level 1:colcon.colcon_core.package_identification:_identify(cache/humble) by extensions ['colcon_meta']
[0.126s] Level 1:colcon.colcon_core.package_identification:_identify(cache/humble) by extension 'colcon_meta'
[0.126s] Level 1:colcon.colcon_core.package_identification:_identify(cache/humble) by extensions ['ros']
[0.126s] Level 1:colcon.colcon_core.package_identification:_identify(cache/humble) by extension 'ros'
[0.126s] Level 1:colcon.colcon_core.package_identification:_identify(cache/humble) by extensions ['cmake', 'python']
[0.126s] Level 1:colcon.colcon_core.package_identification:_identify(cache/humble) by extension 'cmake'
[0.126s] Level 1:colcon.colcon_core.package_identification:_identify(cache/humble) by extension 'python'
[0.126s] Level 1:colcon.colcon_core.package_identification:_identify(cache/humble) by extensions ['python_setup_py']
[0.126s] Level 1:colcon.colcon_core.package_identification:_identify(cache/humble) by extension 'python_setup_py'
[0.126s] Level 1:colcon.colcon_core.package_identification:_identify(cache/humble/build) by extensions ['ignore', 'ignore_ament_install']
[0.126s] Level 1:colcon.colcon_core.package_identification:_identify(cache/humble/build) by extension 'ignore'
[0.126s] Level 1:colcon.colcon_core.package_identification:_identify(cache/humble/build) by extension 'ignore_ament_install'
[0.126s] Level 1:colcon.colcon_core.package_identification:_identify(cache/humble/build) by extensions ['colcon_pkg']
[0.126s] Level 1:colcon.colcon_core.package_identification:_identify(cache/humble/build) by extension 'colcon_pkg'
[0.126s] Level 1:colcon.colcon_core.package_identification:_identify(cache/humble/build) by extensions ['colcon_meta']
[0.126s] Level 1:colcon.colcon_core.package_identification:_identify(cache/humble/build) by extension 'colcon_meta'
[0.126s] Level 1:colcon.colcon_core.package_identification:_identify(cache/humble/build) by extensions ['ros']
[0.126s] Level 1:colcon.colcon_core.package_identification:_identify(cache/humble/build) by extension 'ros'
[0.126s] Level 1:colcon.colcon_core.package_identification:_identify(cache/humble/build) by extensions ['cmake', 'python']
[0.126s] Level 1:colcon.colcon_core.package_identification:_identify(cache/humble/build) by extension 'cmake'
[0.126s] Level 1:colcon.colcon_core.package_identification:_identify(cache/humble/build) by extension 'python'
[0.126s] Level 1:colcon.colcon_core.package_identification:_identify(cache/humble/build) by extensions ['python_setup_py']
[0.126s] Level 1:colcon.colcon_core.package_identification:_identify(cache/humble/build) by extension 'python_setup_py'
[0.126s] Level 1:colcon.colcon_core.package_identification:_identify(cache/humble/install) by extensions ['ignore', 'ignore_ament_install']
[0.126s] Level 1:colcon.colcon_core.package_identification:_identify(cache/humble/install) by extension 'ignore'
[0.126s] Level 1:colcon.colcon_core.package_identification:_identify(cache/humble/install) by extension 'ignore_ament_install'
[0.126s] Level 1:colcon.colcon_core.package_identification:_identify(cache/humble/install) by extensions ['colcon_pkg']
[0.127s] Level 1:colcon.colcon_core.package_identification:_identify(cache/humble/install) by extension 'colcon_pkg'
[0.127s] Level 1:colcon.colcon_core.package_identification:_identify(cache/humble/install) by extensions ['colcon_meta']
[0.127s] Level 1:colcon.colcon_core.package_identification:_identify(cache/humble/install) by extension 'colcon_meta'
[0.127s] Level 1:colcon.colcon_core.package_identification:_identify(cache/humble/install) by extensions ['ros']
[0.127s] Level 1:colcon.colcon_core.package_identification:_identify(cache/humble/install) by extension 'ros'
[0.127s] Level 1:colcon.colcon_core.package_identification:_identify(cache/humble/install) by extensions ['cmake', 'python']
[0.127s] Level 1:colcon.colcon_core.package_identification:_identify(cache/humble/install) by extension 'cmake'
[0.127s] Level 1:colcon.colcon_core.package_identification:_identify(cache/humble/install) by extension 'python'
[0.127s] Level 1:colcon.colcon_core.package_identification:_identify(cache/humble/install) by extensions ['python_setup_py']
[0.127s] Level 1:colcon.colcon_core.package_identification:_identify(cache/humble/install) by extension 'python_setup_py'
[0.127s] Level 1:colcon.colcon_core.package_identification:_identify(cache/humble/log) by extensions ['ignore', 'ignore_ament_install']
[0.127s] Level 1:colcon.colcon_core.package_identification:_identify(cache/humble/log) by extension 'ignore'
[0.127s] Level 1:colcon.colcon_core.package_identification:_identify(cache/humble/log) by extension 'ignore_ament_install'
[0.127s] Level 1:colcon.colcon_core.package_identification:_identify(cache/humble/log) by extensions ['colcon_pkg']
[0.127s] Level 1:colcon.colcon_core.package_identification:_identify(cache/humble/log) by extension 'colcon_pkg'
[0.127s] Level 1:colcon.colcon_core.package_identification:_identify(cache/humble/log) by extensions ['colcon_meta']
[0.127s] Level 1:colcon.colcon_core.package_identification:_identify(cache/humble/log) by extension 'colcon_meta'
[0.127s] Level 1:colcon.colcon_core.package_identification:_identify(cache/humble/log) by extensions ['ros']
[0.127s] Level 1:colcon.colcon_core.package_identification:_identify(cache/humble/log) by extension 'ros'
[0.127s] Level 1:colcon.colcon_core.package_identification:_identify(cache/humble/log) by extensions ['cmake', 'python']
[0.127s] Level 1:colcon.colcon_core.package_identification:_identify(cache/humble/log) by extension 'cmake'
[0.127s] Level 1:colcon.colcon_core.package_identification:_identify(cache/humble/log) by extension 'python'
[0.127s] Level 1:colcon.colcon_core.package_identification:_identify(cache/humble/log) by extensions ['python_setup_py']
[0.127s] Level 1:colcon.colcon_core.package_identification:_identify(cache/humble/log) by extension 'python_setup_py'
[0.127s] Level 1:colcon.colcon_core.package_identification:_identify(install) by extensions ['ignore', 'ignore_ament_install']
[0.127s] Level 1:colcon.colcon_core.package_identification:_identify(install) by extension 'ignore'
[0.127s] Level 1:colcon.colcon_core.package_identification:_identify(install) ignored
[0.127s] Level 1:colcon.colcon_core.package_identification:_identify(log) by extensions ['ignore', 'ignore_ament_install']
[0.127s] Level 1:colcon.colcon_core.package_identification:_identify(log) by extension 'ignore'
[0.127s] Level 1:colcon.colcon_core.package_identification:_identify(log) ignored
[0.127s] Level 1:colcon.colcon_core.package_identification:_identify(src) by extensions ['ignore', 'ignore_ament_install']
[0.127s] Level 1:colcon.colcon_core.package_identification:_identify(src) by extension 'ignore'
[0.127s] Level 1:colcon.colcon_core.package_identification:_identify(src) by extension 'ignore_ament_install'
[0.127s] Level 1:colcon.colcon_core.package_identification:_identify(src) by extensions ['colcon_pkg']
[0.127s] Level 1:colcon.colcon_core.package_identification:_identify(src) by extension 'colcon_pkg'
[0.127s] Level 1:colcon.colcon_core.package_identification:_identify(src) by extensions ['colcon_meta']
[0.127s] Level 1:colcon.colcon_core.package_identification:_identify(src) by extension 'colcon_meta'
[0.127s] Level 1:colcon.colcon_core.package_identification:_identify(src) by extensions ['ros']
[0.127s] Level 1:colcon.colcon_core.package_identification:_identify(src) by extension 'ros'
[0.127s] Level 1:colcon.colcon_core.package_identification:_identify(src) by extensions ['cmake', 'python']
[0.127s] Level 1:colcon.colcon_core.package_identification:_identify(src) by extension 'cmake'
[0.127s] Level 1:colcon.colcon_core.package_identification:_identify(src) by extension 'python'
[0.127s] Level 1:colcon.colcon_core.package_identification:_identify(src) by extensions ['python_setup_py']
[0.127s] Level 1:colcon.colcon_core.package_identification:_identify(src) by extension 'python_setup_py'
[0.127s] Level 1:colcon.colcon_core.package_identification:_identify(src/wyrm_mocap_bridge_pkg) by extensions ['ignore', 'ignore_ament_install']
[0.127s] Level 1:colcon.colcon_core.package_identification:_identify(src/wyrm_mocap_bridge_pkg) by extension 'ignore'
[0.127s] Level 1:colcon.colcon_core.package_identification:_identify(src/wyrm_mocap_bridge_pkg) by extension 'ignore_ament_install'
[0.128s] Level 1:colcon.colcon_core.package_identification:_identify(src/wyrm_mocap_bridge_pkg) by extensions ['colcon_pkg']
[0.128s] Level 1:colcon.colcon_core.package_identification:_identify(src/wyrm_mocap_bridge_pkg) by extension 'colcon_pkg'
[0.128s] Level 1:colcon.colcon_core.package_identification:_identify(src/wyrm_mocap_bridge_pkg) by extensions ['colcon_meta']
[0.128s] Level 1:colcon.colcon_core.package_identification:_identify(src/wyrm_mocap_bridge_pkg) by extension 'colcon_meta'
[0.128s] Level 1:colcon.colcon_core.package_identification:_identify(src/wyrm_mocap_bridge_pkg) by extensions ['ros']
[0.128s] Level 1:colcon.colcon_core.package_identification:_identify(src/wyrm_mocap_bridge_pkg) by extension 'ros'
[0.129s] DEBUG:colcon.colcon_core.package_identification:Package 'src/wyrm_mocap_bridge_pkg' with type 'ros.ament_python' and name 'wyrm_mocap_bridge_pkg'
[0.129s] Level 1:colcon.colcon_core.package_identification:_identify(src/wyrm_msgs) by extensions ['ignore', 'ignore_ament_install']
[0.129s] Level 1:colcon.colcon_core.package_identification:_identify(src/wyrm_msgs) by extension 'ignore'
[0.129s] Level 1:colcon.colcon_core.package_identification:_identify(src/wyrm_msgs) by extension 'ignore_ament_install'
[0.129s] Level 1:colcon.colcon_core.package_identification:_identify(src/wyrm_msgs) by extensions ['colcon_pkg']
[0.129s] Level 1:colcon.colcon_core.package_identification:_identify(src/wyrm_msgs) by extension 'colcon_pkg'
[0.129s] Level 1:colcon.colcon_core.package_identification:_identify(src/wyrm_msgs) by extensions ['colcon_meta']
[0.129s] Level 1:colcon.colcon_core.package_identification:_identify(src/wyrm_msgs) by extension 'colcon_meta'
[0.129s] Level 1:colcon.colcon_core.package_identification:_identify(src/wyrm_msgs) by extensions ['ros']
[0.129s] Level 1:colcon.colcon_core.package_identification:_identify(src/wyrm_msgs) by extension 'ros'
[0.129s] DEBUG:colcon.colcon_core.package_identification:Package 'src/wyrm_msgs' with type 'ros.ament_cmake' and name 'wyrm_msgs'
[0.129s] Level 1:colcon.colcon_core.package_discovery:discover_packages(recursive) using defaults
[0.129s] Level 1:colcon.colcon_core.package_discovery:discover_packages(ignore) discover
[0.129s] Level 1:colcon.colcon_core.package_discovery:discover_packages(ignore) using defaults
[0.129s] Level 1:colcon.colcon_core.package_discovery:discover_packages(path) discover
[0.129s] Level 1:colcon.colcon_core.package_discovery:discover_packages(path) using defaults
[0.140s] Level 5:colcon.colcon_core.verb:set package 'wyrm_msgs' build argument 'cmake_args' from command line to 'None'
[0.140s] Level 5:colcon.colcon_core.verb:set package 'wyrm_msgs' build argument 'cmake_target' from command line to 'None'
[0.140s] Level 5:colcon.colcon_core.verb:set package 'wyrm_msgs' build argument 'cmake_target_skip_unavailable' from command line to 'False'
[0.141s] Level 5:colcon.colcon_core.verb:set package 'wyrm_msgs' build argument 'cmake_clean_cache' from command line to 'False'
[0.141s] Level 5:colcon.colcon_core.verb:set package 'wyrm_msgs' build argument 'cmake_clean_first' from command line to 'False'
[0.141s] Level 5:colcon.colcon_core.verb:set package 'wyrm_msgs' build argument 'cmake_force_configure' from command line to 'False'
[0.141s] Level 5:colcon.colcon_core.verb:set package 'wyrm_msgs' build argument 'ament_cmake_args' from command line to 'None'
[0.141s] Level 5:colcon.colcon_core.verb:set package 'wyrm_msgs' build argument 'catkin_cmake_args' from command line to 'None'
[0.141s] Level 5:colcon.colcon_core.verb:set package 'wyrm_msgs' build argument 'catkin_skip_building_tests' from command line to 'False'
[0.141s] DEBUG:colcon.colcon_core.verb:Building package 'wyrm_msgs' with the following arguments: {'ament_cmake_args': None, 'build_base': '/home/ws/build/wyrm_msgs', 'catkin_cmake_args': None, 'catkin_skip_building_tests': False, 'cmake_args': None, 'cmake_clean_cache': False, 'cmake_clean_first': False, 'cmake_force_configure': False, 'cmake_target': None, 'cmake_target_skip_unavailable': False, 'install_base': '/home/ws/install/wyrm_msgs', 'merge_install': False, 'path': '/home/ws/src/wyrm_msgs', 'symlink_install': False, 'test_result_base': None}
[0.141s] Level 5:colcon.colcon_core.verb:set package 'wyrm_mocap_bridge_pkg' build argument 'cmake_args' from command line to 'None'
[0.141s] Level 5:colcon.colcon_core.verb:set package 'wyrm_mocap_bridge_pkg' build argument 'cmake_target' from command line to 'None'
[0.141s] Level 5:colcon.colcon_core.verb:set package 'wyrm_mocap_bridge_pkg' build argument 'cmake_target_skip_unavailable' from command line to 'False'
[0.141s] Level 5:colcon.colcon_core.verb:set package 'wyrm_mocap_bridge_pkg' build argument 'cmake_clean_cache' from command line to 'False'
[0.141s] Level 5:colcon.colcon_core.verb:set package 'wyrm_mocap_bridge_pkg' build argument 'cmake_clean_first' from command line to 'False'
[0.141s] Level 5:colcon.colcon_core.verb:set package 'wyrm_mocap_bridge_pkg' build argument 'cmake_force_configure' from command line to 'False'
[0.141s] Level 5:colcon.colcon_core.verb:set package 'wyrm_mocap_bridge_pkg' build argument 'ament_cmake_args' from command line to 'None'
[0.141s] Level 5:colcon.colcon_core.verb:set package 'wyrm_mocap_bridge_pkg' build argument 'catkin_cmake_args' from command line to 'None'
[0.141s] Level 5:colcon.colcon_core.verb:set package 'wyrm_mocap_bridge_pkg' build argument 'catkin_skip_building_tests' from command line to 'False'
[0.141s] DEBUG:colcon.colcon_core.verb:Building package 'wyrm_mocap_bridge_pkg' with the following arguments: {'ament_cmake_args': None, 'build_base': '/home/ws/build/wyrm_mocap_bridge_pkg', 'catkin_cmake_args': None, 'catkin_skip_building_tests': False, 'cmake_args': None, 'cmake_clean_cache': False, 'cmake_clean_first': False, 'cmake_force_configure': False, 'cmake_target': None, 'cmake_target_skip_unavailable': False, 'install_base': '/home/ws/install/wyrm_mocap_bridge_pkg', 'merge_install': False, 'path': '/home/ws/src/wyrm_mocap_bridge_pkg', 'symlink_install': False, 'test_result_base': None}
[0.141s] INFO:colcon.colcon_core.executor:Executing jobs using 'parallel' executor
[0.142s] DEBUG:colcon.colcon_parallel_executor.executor.parallel:run_until_complete
[0.143s] INFO:colcon.colcon_ros.task.ament_cmake.build:Building ROS package in '/home/ws/src/wyrm_msgs' with build type 'ament_cmake'
[0.143s] INFO:colcon.colcon_cmake.task.cmake.build:Building CMake package in '/home/ws/src/wyrm_msgs'
[0.145s] INFO:colcon.colcon_core.plugin_system:Skipping extension 'colcon_core.shell.bat': Not used on non-Windows systems
[0.146s] INFO:colcon.colcon_core.shell:Skip shell extension 'powershell' for command environment: Not usable outside of PowerShell
[0.146s] DEBUG:colcon.colcon_core.shell:Skip shell extension 'dsv' for command environment
[0.160s] DEBUG:colcon.colcon_core.event_handler.log_command:Invoking command in '/home/ws/build/wyrm_msgs': CMAKE_PREFIX_PATH=/opt/ros/humble /usr/bin/cmake --build /home/ws/build/wyrm_msgs -- -j16 -l16
[0.466s] DEBUG:colcon.colcon_core.event_handler.log_command:Invoked command in '/home/ws/build/wyrm_msgs' returned '0': CMAKE_PREFIX_PATH=/opt/ros/humble /usr/bin/cmake --build /home/ws/build/wyrm_msgs -- -j16 -l16
[0.478s] DEBUG:colcon.colcon_core.event_handler.log_command:Invoking command in '/home/ws/build/wyrm_msgs': CMAKE_PREFIX_PATH=/opt/ros/humble /usr/bin/cmake --install /home/ws/build/wyrm_msgs
[0.546s] Level 1:colcon.colcon_core.environment:create_environment_scripts_only(wyrm_msgs)
[0.548s] DEBUG:colcon.colcon_core.event_handler.log_command:Invoked command in '/home/ws/build/wyrm_msgs' returned '0': CMAKE_PREFIX_PATH=/opt/ros/humble /usr/bin/cmake --install /home/ws/build/wyrm_msgs
[0.555s] Level 1:colcon.colcon_core.environment:checking '/home/ws/install/wyrm_msgs' for CMake module files
[0.557s] Level 1:colcon.colcon_core.environment:checking '/home/ws/install/wyrm_msgs' for CMake config files
[0.558s] Level 1:colcon.colcon_core.shell:create_environment_hook('wyrm_msgs', 'cmake_prefix_path')
[0.558s] INFO:colcon.colcon_core.shell:Creating environment hook '/home/ws/install/wyrm_msgs/share/wyrm_msgs/hook/cmake_prefix_path.ps1'
[0.560s] INFO:colcon.colcon_core.shell:Creating environment descriptor '/home/ws/install/wyrm_msgs/share/wyrm_msgs/hook/cmake_prefix_path.dsv'
[0.562s] INFO:colcon.colcon_core.shell:Creating environment hook '/home/ws/install/wyrm_msgs/share/wyrm_msgs/hook/cmake_prefix_path.sh'
[0.565s] Level 1:colcon.colcon_core.environment:checking '/home/ws/install/wyrm_msgs/lib'
[0.565s] Level 1:colcon.colcon_core.shell:create_environment_hook('wyrm_msgs', 'ld_library_path_lib')
[0.566s] INFO:colcon.colcon_core.shell:Creating environment hook '/home/ws/install/wyrm_msgs/share/wyrm_msgs/hook/ld_library_path_lib.ps1'
[0.568s] INFO:colcon.colcon_core.shell:Creating environment descriptor '/home/ws/install/wyrm_msgs/share/wyrm_msgs/hook/ld_library_path_lib.dsv'
[0.569s] INFO:colcon.colcon_core.shell:Creating environment hook '/home/ws/install/wyrm_msgs/share/wyrm_msgs/hook/ld_library_path_lib.sh'
[0.571s] Level 1:colcon.colcon_core.environment:checking '/home/ws/install/wyrm_msgs/bin'
[0.571s] Level 1:colcon.colcon_core.environment:checking '/home/ws/install/wyrm_msgs/lib/pkgconfig/wyrm_msgs.pc'
[0.576s] Level 1:colcon.colcon_core.environment:checking '/home/ws/install/wyrm_msgs/lib/python3.10/site-packages'
[0.576s] Level 1:colcon.colcon_core.environment:checking '/home/ws/install/wyrm_msgs/bin'
[0.577s] INFO:colcon.colcon_core.shell:Creating package script '/home/ws/install/wyrm_msgs/share/wyrm_msgs/package.ps1'
[0.580s] INFO:colcon.colcon_core.shell:Creating package descriptor '/home/ws/install/wyrm_msgs/share/wyrm_msgs/package.dsv'
[0.582s] INFO:colcon.colcon_core.shell:Creating package script '/home/ws/install/wyrm_msgs/share/wyrm_msgs/package.sh'
[0.585s] INFO:colcon.colcon_core.shell:Creating package script '/home/ws/install/wyrm_msgs/share/wyrm_msgs/package.bash'
[0.587s] INFO:colcon.colcon_core.shell:Creating package script '/home/ws/install/wyrm_msgs/share/wyrm_msgs/package.zsh'
[0.588s] Level 1:colcon.colcon_core.environment:create_file_with_runtime_dependencies(/home/ws/install/wyrm_msgs/share/colcon-core/packages/wyrm_msgs)
[0.591s] Level 1:colcon.colcon_core.environment:create_environment_scripts_only(wyrm_msgs)
[0.591s] Level 1:colcon.colcon_core.environment:checking '/home/ws/install/wyrm_msgs' for CMake module files
[0.592s] Level 1:colcon.colcon_core.environment:checking '/home/ws/install/wyrm_msgs' for CMake config files
[0.593s] Level 1:colcon.colcon_core.shell:create_environment_hook('wyrm_msgs', 'cmake_prefix_path')
[0.594s] INFO:colcon.colcon_core.shell:Creating environment hook '/home/ws/install/wyrm_msgs/share/wyrm_msgs/hook/cmake_prefix_path.ps1'
[0.595s] INFO:colcon.colcon_core.shell:Creating environment descriptor '/home/ws/install/wyrm_msgs/share/wyrm_msgs/hook/cmake_prefix_path.dsv'
[0.595s] INFO:colcon.colcon_core.shell:Creating environment hook '/home/ws/install/wyrm_msgs/share/wyrm_msgs/hook/cmake_prefix_path.sh'
[0.596s] Level 1:colcon.colcon_core.environment:checking '/home/ws/install/wyrm_msgs/lib'
[0.596s] Level 1:colcon.colcon_core.shell:create_environment_hook('wyrm_msgs', 'ld_library_path_lib')
[0.597s] INFO:colcon.colcon_core.shell:Creating environment hook '/home/ws/install/wyrm_msgs/share/wyrm_msgs/hook/ld_library_path_lib.ps1'
[0.597s] INFO:colcon.colcon_core.shell:Creating environment descriptor '/home/ws/install/wyrm_msgs/share/wyrm_msgs/hook/ld_library_path_lib.dsv'
[0.597s] INFO:colcon.colcon_core.shell:Creating environment hook '/home/ws/install/wyrm_msgs/share/wyrm_msgs/hook/ld_library_path_lib.sh'
[0.598s] Level 1:colcon.colcon_core.environment:checking '/home/ws/install/wyrm_msgs/bin'
[0.598s] Level 1:colcon.colcon_core.environment:checking '/home/ws/install/wyrm_msgs/lib/pkgconfig/wyrm_msgs.pc'
[0.598s] Level 1:colcon.colcon_core.environment:checking '/home/ws/install/wyrm_msgs/lib/python3.10/site-packages'
[0.599s] Level 1:colcon.colcon_core.environment:checking '/home/ws/install/wyrm_msgs/bin'
[0.599s] INFO:colcon.colcon_core.shell:Creating package script '/home/ws/install/wyrm_msgs/share/wyrm_msgs/package.ps1'
[0.600s] INFO:colcon.colcon_core.shell:Creating package descriptor '/home/ws/install/wyrm_msgs/share/wyrm_msgs/package.dsv'
[0.601s] INFO:colcon.colcon_core.shell:Creating package script '/home/ws/install/wyrm_msgs/share/wyrm_msgs/package.sh'
[0.601s] INFO:colcon.colcon_core.shell:Creating package script '/home/ws/install/wyrm_msgs/share/wyrm_msgs/package.bash'
[0.602s] INFO:colcon.colcon_core.shell:Creating package script '/home/ws/install/wyrm_msgs/share/wyrm_msgs/package.zsh'
[0.602s] Level 1:colcon.colcon_core.environment:create_file_with_runtime_dependencies(/home/ws/install/wyrm_msgs/share/colcon-core/packages/wyrm_msgs)
[0.603s] INFO:colcon.colcon_ros.task.ament_python.build:Building ROS package in '/home/ws/src/wyrm_mocap_bridge_pkg' with build type 'ament_python'
[0.603s] Level 1:colcon.colcon_core.shell:create_environment_hook('wyrm_mocap_bridge_pkg', 'ament_prefix_path')
[0.604s] INFO:colcon.colcon_core.shell:Creating environment hook '/home/ws/install/wyrm_mocap_bridge_pkg/share/wyrm_mocap_bridge_pkg/hook/ament_prefix_path.ps1'
[0.605s] INFO:colcon.colcon_core.shell:Creating environment descriptor '/home/ws/install/wyrm_mocap_bridge_pkg/share/wyrm_mocap_bridge_pkg/hook/ament_prefix_path.dsv'
[0.606s] INFO:colcon.colcon_core.shell:Creating environment hook '/home/ws/install/wyrm_mocap_bridge_pkg/share/wyrm_mocap_bridge_pkg/hook/ament_prefix_path.sh'
[0.606s] INFO:colcon.colcon_core.shell:Skip shell extension 'powershell' for command environment: Not usable outside of PowerShell
[0.607s] DEBUG:colcon.colcon_core.shell:Skip shell extension 'dsv' for command environment
[0.738s] INFO:colcon.colcon_core.task.python.build:Building Python package in '/home/ws/src/wyrm_mocap_bridge_pkg'
[0.738s] INFO:colcon.colcon_core.shell:Skip shell extension 'powershell' for command environment: Not usable outside of PowerShell
[0.739s] DEBUG:colcon.colcon_core.shell:Skip shell extension 'dsv' for command environment
[0.933s] DEBUG:colcon.colcon_core.task.python.build:Available setuptools commands: symlink_data, alias, saveopts, easy_install, develop, bdist_egg, build_ext, dist_info, install_lib, bdist, rotate, install_scripts, install_headers, upload_docs, install_egg_info, check, setopt, install_data, bdist_rpm, build_scripts, upload, clean, register, build_clib, build_py, bdist_wheel, build, egg_info, test, install, bdist_dumb, sdist
[0.937s] DEBUG:colcon.colcon_core.event_handler.log_command:Invoking command in '/home/ws/src/wyrm_mocap_bridge_pkg': AMENT_PREFIX_PATH=/home/ws/install/wyrm_msgs:${AMENT_PREFIX_PATH} CMAKE_PREFIX_PATH=/home/ws/install/wyrm_msgs LD_LIBRARY_PATH=/home/ws/install/wyrm_msgs/lib:${LD_LIBRARY_PATH} PYTHONPATH=/home/ws/build/wyrm_mocap_bridge_pkg/prefix_override:/usr/lib/python3/dist-packages/colcon_core/task/python/colcon_distutils_commands:/home/ws/install/wyrm_mocap_bridge_pkg/lib/python3.10/site-packages:/home/ws/install/wyrm_msgs/local/lib/python3.10/dist-packages:${PYTHONPATH} /usr/bin/python3 -W ignore:setup.py install is deprecated -W ignore:easy_install command is deprecated setup.py egg_info --egg-base ../../build/wyrm_mocap_bridge_pkg build --build-base /home/ws/build/wyrm_mocap_bridge_pkg/build install --record /home/ws/build/wyrm_mocap_bridge_pkg/install.log --install-scripts $base/lib/wyrm_mocap_bridge_pkg --single-version-externally-managed install_data
[1.099s] Level 1:colcon.colcon_core.environment:checking '/home/ws/install/wyrm_mocap_bridge_pkg' for CMake module files
[1.101s] DEBUG:colcon.colcon_core.event_handler.log_command:Invoked command in '/home/ws/src/wyrm_mocap_bridge_pkg' returned '0': AMENT_PREFIX_PATH=/home/ws/install/wyrm_msgs:${AMENT_PREFIX_PATH} CMAKE_PREFIX_PATH=/home/ws/install/wyrm_msgs LD_LIBRARY_PATH=/home/ws/install/wyrm_msgs/lib:${LD_LIBRARY_PATH} PYTHONPATH=/home/ws/build/wyrm_mocap_bridge_pkg/prefix_override:/usr/lib/python3/dist-packages/colcon_core/task/python/colcon_distutils_commands:/home/ws/install/wyrm_mocap_bridge_pkg/lib/python3.10/site-packages:/home/ws/install/wyrm_msgs/local/lib/python3.10/dist-packages:${PYTHONPATH} /usr/bin/python3 -W ignore:setup.py install is deprecated -W ignore:easy_install command is deprecated setup.py egg_info --egg-base ../../build/wyrm_mocap_bridge_pkg build --build-base /home/ws/build/wyrm_mocap_bridge_pkg/build install --record /home/ws/build/wyrm_mocap_bridge_pkg/install.log --install-scripts $base/lib/wyrm_mocap_bridge_pkg --single-version-externally-managed install_data
[1.101s] Level 1:colcon.colcon_core.environment:checking '/home/ws/install/wyrm_mocap_bridge_pkg' for CMake config files
[1.103s] Level 1:colcon.colcon_core.environment:checking '/home/ws/install/wyrm_mocap_bridge_pkg/lib'
[1.103s] Level 1:colcon.colcon_core.environment:checking '/home/ws/install/wyrm_mocap_bridge_pkg/bin'
[1.103s] Level 1:colcon.colcon_core.environment:checking '/home/ws/install/wyrm_mocap_bridge_pkg/lib/pkgconfig/wyrm_mocap_bridge_pkg.pc'
[1.104s] Level 1:colcon.colcon_core.environment:checking '/home/ws/install/wyrm_mocap_bridge_pkg/lib/python3.10/site-packages'
[1.104s] Level 1:colcon.colcon_core.shell:create_environment_hook('wyrm_mocap_bridge_pkg', 'pythonpath')
[1.105s] INFO:colcon.colcon_core.shell:Creating environment hook '/home/ws/install/wyrm_mocap_bridge_pkg/share/wyrm_mocap_bridge_pkg/hook/pythonpath.ps1'
[1.106s] INFO:colcon.colcon_core.shell:Creating environment descriptor '/home/ws/install/wyrm_mocap_bridge_pkg/share/wyrm_mocap_bridge_pkg/hook/pythonpath.dsv'
[1.106s] INFO:colcon.colcon_core.shell:Creating environment hook '/home/ws/install/wyrm_mocap_bridge_pkg/share/wyrm_mocap_bridge_pkg/hook/pythonpath.sh'
[1.108s] Level 1:colcon.colcon_core.environment:checking '/home/ws/install/wyrm_mocap_bridge_pkg/bin'
[1.108s] Level 1:colcon.colcon_core.environment:create_environment_scripts_only(wyrm_mocap_bridge_pkg)
[1.109s] INFO:colcon.colcon_core.shell:Creating package script '/home/ws/install/wyrm_mocap_bridge_pkg/share/wyrm_mocap_bridge_pkg/package.ps1'
[1.110s] INFO:colcon.colcon_core.shell:Creating package descriptor '/home/ws/install/wyrm_mocap_bridge_pkg/share/wyrm_mocap_bridge_pkg/package.dsv'
[1.111s] INFO:colcon.colcon_core.shell:Creating package script '/home/ws/install/wyrm_mocap_bridge_pkg/share/wyrm_mocap_bridge_pkg/package.sh'
[1.112s] INFO:colcon.colcon_core.shell:Creating package script '/home/ws/install/wyrm_mocap_bridge_pkg/share/wyrm_mocap_bridge_pkg/package.bash'
[1.113s] INFO:colcon.colcon_core.shell:Creating package script '/home/ws/install/wyrm_mocap_bridge_pkg/share/wyrm_mocap_bridge_pkg/package.zsh'
[1.113s] Level 1:colcon.colcon_core.environment:create_file_with_runtime_dependencies(/home/ws/install/wyrm_mocap_bridge_pkg/share/colcon-core/packages/wyrm_mocap_bridge_pkg)
[1.114s] DEBUG:colcon.colcon_parallel_executor.executor.parallel:closing loop
[1.116s] DEBUG:colcon.colcon_parallel_executor.executor.parallel:loop closed
[1.116s] DEBUG:colcon.colcon_parallel_executor.executor.parallel:run_until_complete finished with '0'
[1.116s] DEBUG:colcon.colcon_core.event_reactor:joining thread
[1.133s] INFO:colcon.colcon_core.plugin_system:Skipping extension 'colcon_notification.desktop_notification.notify_send': Could not find 'notify-send'
[1.133s] INFO:colcon.colcon_core.plugin_system:Skipping extension 'colcon_notification.desktop_notification.terminal_notifier': Not used on non-Darwin systems
[1.133s] INFO:colcon.colcon_core.plugin_system:Skipping extension 'colcon_notification.desktop_notification.win32': Not used on non-Windows systems
[1.133s] INFO:colcon.colcon_notification.desktop_notification:Sending desktop notification using 'notify2'
[1.140s] DEBUG:colcon.colcon_notification.desktop_notification.notify2:Failed to initialize notify2: org.freedesktop.DBus.Error.Spawn.ExecFailed: /usr/bin/dbus-launch terminated abnormally without any error message
[1.140s] DEBUG:colcon.colcon_core.event_reactor:joined thread
[1.142s] INFO:colcon.colcon_core.shell:Creating prefix script '/home/ws/install/local_setup.ps1'
[1.144s] INFO:colcon.colcon_core.shell:Creating prefix util module '/home/ws/install/_local_setup_util_ps1.py'
[1.146s] INFO:colcon.colcon_core.shell:Creating prefix chain script '/home/ws/install/setup.ps1'
[1.148s] INFO:colcon.colcon_core.shell:Creating prefix script '/home/ws/install/local_setup.sh'
[1.148s] INFO:colcon.colcon_core.shell:Creating prefix util module '/home/ws/install/_local_setup_util_sh.py'
[1.149s] INFO:colcon.colcon_core.shell:Creating prefix chain script '/home/ws/install/setup.sh'
[1.150s] INFO:colcon.colcon_core.shell:Creating prefix script '/home/ws/install/local_setup.bash'
[1.151s] INFO:colcon.colcon_core.shell:Creating prefix chain script '/home/ws/install/setup.bash'
[1.152s] INFO:colcon.colcon_core.shell:Creating prefix script '/home/ws/install/local_setup.zsh'
[1.152s] INFO:colcon.colcon_core.shell:Creating prefix chain script '/home/ws/install/setup.zsh'
