[0.058s] DEBUG:colcon:Command line arguments: ['/usr/bin/colcon', 'build']
[0.058s] DEBUG:colcon:Parsed command line arguments: Namespace(log_base=None, log_level=None, verb_name='build', build_base='build', install_base='install', merge_install=False, symlink_install=False, test_result_base=None, continue_on_error=False, executor='parallel', parallel_workers=16, event_handlers=None, ignore_user_meta=False, metas=['./colcon.meta'], base_paths=['.'], packages_ignore=None, packages_ignore_regex=None, paths=None, packages_up_to=None, packages_up_to_regex=None, packages_above=None, packages_above_and_dependencies=None, packages_above_depth=None, packages_select_by_dep=None, packages_skip_by_dep=None, packages_skip_up_to=None, packages_select_build_failed=False, packages_skip_build_finished=False, packages_select_test_failures=False, packages_skip_test_passed=False, packages_select=None, packages_skip=None, packages_select_regex=None, packages_skip_regex=None, packages_start=None, packages_end=None, cmake_args=None, cmake_target=None, cmake_target_skip_unavailable=False, cmake_clean_cache=False, cmake_clean_first=False, cmake_force_configure=False, ament_cmake_args=None, catkin_cmake_args=None, catkin_skip_building_tests=False, mixin_files=None, mixin=None, verb_parser=<colcon_mixin.mixin.mixin_argument.MixinArgumentDecorator object at 0x7a3fa44be2c0>, verb_extension=<colcon_core.verb.build.BuildVerb object at 0x7a3fa44bd8a0>, main=<bound method BuildVerb.main of <colcon_core.verb.build.BuildVerb object at 0x7a3fa44bd8a0>>, mixin_verb=('build',))
[0.109s] Level 1:colcon.colcon_core.package_discovery:discover_packages(colcon_meta) check parameters
[0.109s] Level 1:colcon.colcon_core.package_discovery:discover_packages(recursive) check parameters
[0.109s] Level 1:colcon.colcon_core.package_discovery:discover_packages(ignore) check parameters
[0.109s] Level 1:colcon.colcon_core.package_discovery:discover_packages(path) check parameters
[0.109s] Level 1:colcon.colcon_core.package_discovery:discover_packages(colcon_meta) discover
[0.109s] Level 1:colcon.colcon_core.package_discovery:discover_packages(recursive) discover
[0.109s] INFO:colcon.colcon_core.package_discovery:Crawling recursively for packages in '/home/ws'
[0.109s] Level 1:colcon.colcon_core.package_identification:_identify(.) by extensions ['ignore', 'ignore_ament_install']
[0.109s] Level 1:colcon.colcon_core.package_identification:_identify(.) by extension 'ignore'
[0.109s] Level 1:colcon.colcon_core.package_identification:_identify(.) by extension 'ignore_ament_install'
[0.109s] Level 1:colcon.colcon_core.package_identification:_identify(.) by extensions ['colcon_pkg']
[0.109s] Level 1:colcon.colcon_core.package_identification:_identify(.) by extension 'colcon_pkg'
[0.109s] Level 1:colcon.colcon_core.package_identification:_identify(.) by extensions ['colcon_meta']
[0.109s] Level 1:colcon.colcon_core.package_identification:_identify(.) by extension 'colcon_meta'
[0.109s] Level 1:colcon.colcon_core.package_identification:_identify(.) by extensions ['ros']
[0.109s] Level 1:colcon.colcon_core.package_identification:_identify(.) by extension 'ros'
[0.115s] Level 1:colcon.colcon_core.package_identification:_identify(.) by extensions ['cmake', 'python']
[0.115s] Level 1:colcon.colcon_core.package_identification:_identify(.) by extension 'cmake'
[0.115s] Level 1:colcon.colcon_core.package_identification:_identify(.) by extension 'python'
[0.115s] Level 1:colcon.colcon_core.package_identification:_identify(.) by extensions ['python_setup_py']
[0.115s] Level 1:colcon.colcon_core.package_identification:_identify(.) by extension 'python_setup_py'
[0.115s] Level 1:colcon.colcon_core.package_identification:_identify(build) by extensions ['ignore', 'ignore_ament_install']
[0.115s] Level 1:colcon.colcon_core.package_identification:_identify(build) by extension 'ignore'
[0.115s] Level 1:colcon.colcon_core.package_identification:_identify(build) ignored
[0.115s] Level 1:colcon.colcon_core.package_identification:_identify(cache) by extensions ['ignore', 'ignore_ament_install']
[0.115s] Level 1:colcon.colcon_core.package_identification:_identify(cache) by extension 'ignore'
[0.115s] Level 1:colcon.colcon_core.package_identification:_identify(cache) by extension 'ignore_ament_install'
[0.115s] Level 1:colcon.colcon_core.package_identification:_identify(cache) by extensions ['colcon_pkg']
[0.115s] Level 1:colcon.colcon_core.package_identification:_identify(cache) by extension 'colcon_pkg'
[0.116s] Level 1:colcon.colcon_core.package_identification:_identify(cache) by extensions ['colcon_meta']
[0.116s] Level 1:colcon.colcon_core.package_identification:_identify(cache) by extension 'colcon_meta'
[0.116s] Level 1:colcon.colcon_core.package_identification:_identify(cache) by extensions ['ros']
[0.116s] Level 1:colcon.colcon_core.package_identification:_identify(cache) by extension 'ros'
[0.116s] Level 1:colcon.colcon_core.package_identification:_identify(cache) by extensions ['cmake', 'python']
[0.116s] Level 1:colcon.colcon_core.package_identification:_identify(cache) by extension 'cmake'
[0.116s] Level 1:colcon.colcon_core.package_identification:_identify(cache) by extension 'python'
[0.116s] Level 1:colcon.colcon_core.package_identification:_identify(cache) by extensions ['python_setup_py']
[0.116s] Level 1:colcon.colcon_core.package_identification:_identify(cache) by extension 'python_setup_py'
[0.116s] Level 1:colcon.colcon_core.package_identification:_identify(cache/humble) by extensions ['ignore', 'ignore_ament_install']
[0.116s] Level 1:colcon.colcon_core.package_identification:_identify(cache/humble) by extension 'ignore'
[0.116s] Level 1:colcon.colcon_core.package_identification:_identify(cache/humble) by extension 'ignore_ament_install'
[0.116s] Level 1:colcon.colcon_core.package_identification:_identify(cache/humble) by extensions ['colcon_pkg']
[0.116s] Level 1:colcon.colcon_core.package_identification:_identify(cache/humble) by extension 'colcon_pkg'
[0.116s] Level 1:colcon.colcon_core.package_identification:_identify(cache/humble) by extensions ['colcon_meta']
[0.116s] Level 1:colcon.colcon_core.package_identification:_identify(cache/humble) by extension 'colcon_meta'
[0.116s] Level 1:colcon.colcon_core.package_identification:_identify(cache/humble) by extensions ['ros']
[0.116s] Level 1:colcon.colcon_core.package_identification:_identify(cache/humble) by extension 'ros'
[0.116s] Level 1:colcon.colcon_core.package_identification:_identify(cache/humble) by extensions ['cmake', 'python']
[0.116s] Level 1:colcon.colcon_core.package_identification:_identify(cache/humble) by extension 'cmake'
[0.116s] Level 1:colcon.colcon_core.package_identification:_identify(cache/humble) by extension 'python'
[0.116s] Level 1:colcon.colcon_core.package_identification:_identify(cache/humble) by extensions ['python_setup_py']
[0.116s] Level 1:colcon.colcon_core.package_identification:_identify(cache/humble) by extension 'python_setup_py'
[0.116s] Level 1:colcon.colcon_core.package_identification:_identify(cache/humble/build) by extensions ['ignore', 'ignore_ament_install']
[0.116s] Level 1:colcon.colcon_core.package_identification:_identify(cache/humble/build) by extension 'ignore'
[0.116s] Level 1:colcon.colcon_core.package_identification:_identify(cache/humble/build) by extension 'ignore_ament_install'
[0.116s] Level 1:colcon.colcon_core.package_identification:_identify(cache/humble/build) by extensions ['colcon_pkg']
[0.116s] Level 1:colcon.colcon_core.package_identification:_identify(cache/humble/build) by extension 'colcon_pkg'
[0.116s] Level 1:colcon.colcon_core.package_identification:_identify(cache/humble/build) by extensions ['colcon_meta']
[0.116s] Level 1:colcon.colcon_core.package_identification:_identify(cache/humble/build) by extension 'colcon_meta'
[0.116s] Level 1:colcon.colcon_core.package_identification:_identify(cache/humble/build) by extensions ['ros']
[0.116s] Level 1:colcon.colcon_core.package_identification:_identify(cache/humble/build) by extension 'ros'
[0.116s] Level 1:colcon.colcon_core.package_identification:_identify(cache/humble/build) by extensions ['cmake', 'python']
[0.116s] Level 1:colcon.colcon_core.package_identification:_identify(cache/humble/build) by extension 'cmake'
[0.116s] Level 1:colcon.colcon_core.package_identification:_identify(cache/humble/build) by extension 'python'
[0.116s] Level 1:colcon.colcon_core.package_identification:_identify(cache/humble/build) by extensions ['python_setup_py']
[0.116s] Level 1:colcon.colcon_core.package_identification:_identify(cache/humble/build) by extension 'python_setup_py'
[0.116s] Level 1:colcon.colcon_core.package_identification:_identify(cache/humble/install) by extensions ['ignore', 'ignore_ament_install']
[0.116s] Level 1:colcon.colcon_core.package_identification:_identify(cache/humble/install) by extension 'ignore'
[0.116s] Level 1:colcon.colcon_core.package_identification:_identify(cache/humble/install) by extension 'ignore_ament_install'
[0.116s] Level 1:colcon.colcon_core.package_identification:_identify(cache/humble/install) by extensions ['colcon_pkg']
[0.116s] Level 1:colcon.colcon_core.package_identification:_identify(cache/humble/install) by extension 'colcon_pkg'
[0.116s] Level 1:colcon.colcon_core.package_identification:_identify(cache/humble/install) by extensions ['colcon_meta']
[0.116s] Level 1:colcon.colcon_core.package_identification:_identify(cache/humble/install) by extension 'colcon_meta'
[0.116s] Level 1:colcon.colcon_core.package_identification:_identify(cache/humble/install) by extensions ['ros']
[0.116s] Level 1:colcon.colcon_core.package_identification:_identify(cache/humble/install) by extension 'ros'
[0.116s] Level 1:colcon.colcon_core.package_identification:_identify(cache/humble/install) by extensions ['cmake', 'python']
[0.116s] Level 1:colcon.colcon_core.package_identification:_identify(cache/humble/install) by extension 'cmake'
[0.116s] Level 1:colcon.colcon_core.package_identification:_identify(cache/humble/install) by extension 'python'
[0.116s] Level 1:colcon.colcon_core.package_identification:_identify(cache/humble/install) by extensions ['python_setup_py']
[0.116s] Level 1:colcon.colcon_core.package_identification:_identify(cache/humble/install) by extension 'python_setup_py'
[0.116s] Level 1:colcon.colcon_core.package_identification:_identify(cache/humble/log) by extensions ['ignore', 'ignore_ament_install']
[0.117s] Level 1:colcon.colcon_core.package_identification:_identify(cache/humble/log) by extension 'ignore'
[0.117s] Level 1:colcon.colcon_core.package_identification:_identify(cache/humble/log) by extension 'ignore_ament_install'
[0.117s] Level 1:colcon.colcon_core.package_identification:_identify(cache/humble/log) by extensions ['colcon_pkg']
[0.117s] Level 1:colcon.colcon_core.package_identification:_identify(cache/humble/log) by extension 'colcon_pkg'
[0.117s] Level 1:colcon.colcon_core.package_identification:_identify(cache/humble/log) by extensions ['colcon_meta']
[0.117s] Level 1:colcon.colcon_core.package_identification:_identify(cache/humble/log) by extension 'colcon_meta'
[0.117s] Level 1:colcon.colcon_core.package_identification:_identify(cache/humble/log) by extensions ['ros']
[0.117s] Level 1:colcon.colcon_core.package_identification:_identify(cache/humble/log) by extension 'ros'
[0.117s] Level 1:colcon.colcon_core.package_identification:_identify(cache/humble/log) by extensions ['cmake', 'python']
[0.117s] Level 1:colcon.colcon_core.package_identification:_identify(cache/humble/log) by extension 'cmake'
[0.117s] Level 1:colcon.colcon_core.package_identification:_identify(cache/humble/log) by extension 'python'
[0.117s] Level 1:colcon.colcon_core.package_identification:_identify(cache/humble/log) by extensions ['python_setup_py']
[0.117s] Level 1:colcon.colcon_core.package_identification:_identify(cache/humble/log) by extension 'python_setup_py'
[0.117s] Level 1:colcon.colcon_core.package_identification:_identify(install) by extensions ['ignore', 'ignore_ament_install']
[0.117s] Level 1:colcon.colcon_core.package_identification:_identify(install) by extension 'ignore'
[0.117s] Level 1:colcon.colcon_core.package_identification:_identify(install) ignored
[0.117s] Level 1:colcon.colcon_core.package_identification:_identify(log) by extensions ['ignore', 'ignore_ament_install']
[0.117s] Level 1:colcon.colcon_core.package_identification:_identify(log) by extension 'ignore'
[0.117s] Level 1:colcon.colcon_core.package_identification:_identify(log) ignored
[0.117s] Level 1:colcon.colcon_core.package_identification:_identify(src) by extensions ['ignore', 'ignore_ament_install']
[0.117s] Level 1:colcon.colcon_core.package_identification:_identify(src) by extension 'ignore'
[0.117s] Level 1:colcon.colcon_core.package_identification:_identify(src) by extension 'ignore_ament_install'
[0.117s] Level 1:colcon.colcon_core.package_identification:_identify(src) by extensions ['colcon_pkg']
[0.117s] Level 1:colcon.colcon_core.package_identification:_identify(src) by extension 'colcon_pkg'
[0.117s] Level 1:colcon.colcon_core.package_identification:_identify(src) by extensions ['colcon_meta']
[0.117s] Level 1:colcon.colcon_core.package_identification:_identify(src) by extension 'colcon_meta'
[0.117s] Level 1:colcon.colcon_core.package_identification:_identify(src) by extensions ['ros']
[0.117s] Level 1:colcon.colcon_core.package_identification:_identify(src) by extension 'ros'
[0.117s] Level 1:colcon.colcon_core.package_identification:_identify(src) by extensions ['cmake', 'python']
[0.117s] Level 1:colcon.colcon_core.package_identification:_identify(src) by extension 'cmake'
[0.117s] Level 1:colcon.colcon_core.package_identification:_identify(src) by extension 'python'
[0.117s] Level 1:colcon.colcon_core.package_identification:_identify(src) by extensions ['python_setup_py']
[0.117s] Level 1:colcon.colcon_core.package_identification:_identify(src) by extension 'python_setup_py'
[0.117s] Level 1:colcon.colcon_core.package_identification:_identify(src/wyrm_mocap_bridge_pkg) by extensions ['ignore', 'ignore_ament_install']
[0.117s] Level 1:colcon.colcon_core.package_identification:_identify(src/wyrm_mocap_bridge_pkg) by extension 'ignore'
[0.117s] Level 1:colcon.colcon_core.package_identification:_identify(src/wyrm_mocap_bridge_pkg) by extension 'ignore_ament_install'
[0.117s] Level 1:colcon.colcon_core.package_identification:_identify(src/wyrm_mocap_bridge_pkg) by extensions ['colcon_pkg']
[0.117s] Level 1:colcon.colcon_core.package_identification:_identify(src/wyrm_mocap_bridge_pkg) by extension 'colcon_pkg'
[0.117s] Level 1:colcon.colcon_core.package_identification:_identify(src/wyrm_mocap_bridge_pkg) by extensions ['colcon_meta']
[0.117s] Level 1:colcon.colcon_core.package_identification:_identify(src/wyrm_mocap_bridge_pkg) by extension 'colcon_meta'
[0.117s] Level 1:colcon.colcon_core.package_identification:_identify(src/wyrm_mocap_bridge_pkg) by extensions ['ros']
[0.117s] Level 1:colcon.colcon_core.package_identification:_identify(src/wyrm_mocap_bridge_pkg) by extension 'ros'
[0.119s] DEBUG:colcon.colcon_core.package_identification:Package 'src/wyrm_mocap_bridge_pkg' with type 'ros.ament_python' and name 'wyrm_mocap_bridge_pkg'
[0.119s] Level 1:colcon.colcon_core.package_identification:_identify(src/wyrm_msgs) by extensions ['ignore', 'ignore_ament_install']
[0.119s] Level 1:colcon.colcon_core.package_identification:_identify(src/wyrm_msgs) by extension 'ignore'
[0.119s] Level 1:colcon.colcon_core.package_identification:_identify(src/wyrm_msgs) by extension 'ignore_ament_install'
[0.119s] Level 1:colcon.colcon_core.package_identification:_identify(src/wyrm_msgs) by extensions ['colcon_pkg']
[0.119s] Level 1:colcon.colcon_core.package_identification:_identify(src/wyrm_msgs) by extension 'colcon_pkg'
[0.119s] Level 1:colcon.colcon_core.package_identification:_identify(src/wyrm_msgs) by extensions ['colcon_meta']
[0.119s] Level 1:colcon.colcon_core.package_identification:_identify(src/wyrm_msgs) by extension 'colcon_meta'
[0.119s] Level 1:colcon.colcon_core.package_identification:_identify(src/wyrm_msgs) by extensions ['ros']
[0.119s] Level 1:colcon.colcon_core.package_identification:_identify(src/wyrm_msgs) by extension 'ros'
[0.119s] DEBUG:colcon.colcon_core.package_identification:Package 'src/wyrm_msgs' with type 'ros.ament_cmake' and name 'wyrm_msgs'
[0.119s] Level 1:colcon.colcon_core.package_discovery:discover_packages(recursive) using defaults
[0.119s] Level 1:colcon.colcon_core.package_discovery:discover_packages(ignore) discover
[0.119s] Level 1:colcon.colcon_core.package_discovery:discover_packages(ignore) using defaults
[0.119s] Level 1:colcon.colcon_core.package_discovery:discover_packages(path) discover
[0.119s] Level 1:colcon.colcon_core.package_discovery:discover_packages(path) using defaults
[0.131s] Level 5:colcon.colcon_core.verb:set package 'wyrm_msgs' build argument 'cmake_args' from command line to 'None'
[0.131s] Level 5:colcon.colcon_core.verb:set package 'wyrm_msgs' build argument 'cmake_target' from command line to 'None'
[0.131s] Level 5:colcon.colcon_core.verb:set package 'wyrm_msgs' build argument 'cmake_target_skip_unavailable' from command line to 'False'
[0.131s] Level 5:colcon.colcon_core.verb:set package 'wyrm_msgs' build argument 'cmake_clean_cache' from command line to 'False'
[0.131s] Level 5:colcon.colcon_core.verb:set package 'wyrm_msgs' build argument 'cmake_clean_first' from command line to 'False'
[0.131s] Level 5:colcon.colcon_core.verb:set package 'wyrm_msgs' build argument 'cmake_force_configure' from command line to 'False'
[0.131s] Level 5:colcon.colcon_core.verb:set package 'wyrm_msgs' build argument 'ament_cmake_args' from command line to 'None'
[0.131s] Level 5:colcon.colcon_core.verb:set package 'wyrm_msgs' build argument 'catkin_cmake_args' from command line to 'None'
[0.131s] Level 5:colcon.colcon_core.verb:set package 'wyrm_msgs' build argument 'catkin_skip_building_tests' from command line to 'False'
[0.131s] DEBUG:colcon.colcon_core.verb:Building package 'wyrm_msgs' with the following arguments: {'ament_cmake_args': None, 'build_base': '/home/ws/build/wyrm_msgs', 'catkin_cmake_args': None, 'catkin_skip_building_tests': False, 'cmake_args': None, 'cmake_clean_cache': False, 'cmake_clean_first': False, 'cmake_force_configure': False, 'cmake_target': None, 'cmake_target_skip_unavailable': False, 'install_base': '/home/ws/install/wyrm_msgs', 'merge_install': False, 'path': '/home/ws/src/wyrm_msgs', 'symlink_install': False, 'test_result_base': None}
[0.131s] Level 5:colcon.colcon_core.verb:set package 'wyrm_mocap_bridge_pkg' build argument 'cmake_args' from command line to 'None'
[0.131s] Level 5:colcon.colcon_core.verb:set package 'wyrm_mocap_bridge_pkg' build argument 'cmake_target' from command line to 'None'
[0.131s] Level 5:colcon.colcon_core.verb:set package 'wyrm_mocap_bridge_pkg' build argument 'cmake_target_skip_unavailable' from command line to 'False'
[0.131s] Level 5:colcon.colcon_core.verb:set package 'wyrm_mocap_bridge_pkg' build argument 'cmake_clean_cache' from command line to 'False'
[0.131s] Level 5:colcon.colcon_core.verb:set package 'wyrm_mocap_bridge_pkg' build argument 'cmake_clean_first' from command line to 'False'
[0.131s] Level 5:colcon.colcon_core.verb:set package 'wyrm_mocap_bridge_pkg' build argument 'cmake_force_configure' from command line to 'False'
[0.131s] Level 5:colcon.colcon_core.verb:set package 'wyrm_mocap_bridge_pkg' build argument 'ament_cmake_args' from command line to 'None'
[0.131s] Level 5:colcon.colcon_core.verb:set package 'wyrm_mocap_bridge_pkg' build argument 'catkin_cmake_args' from command line to 'None'
[0.131s] Level 5:colcon.colcon_core.verb:set package 'wyrm_mocap_bridge_pkg' build argument 'catkin_skip_building_tests' from command line to 'False'
[0.131s] DEBUG:colcon.colcon_core.verb:Building package 'wyrm_mocap_bridge_pkg' with the following arguments: {'ament_cmake_args': None, 'build_base': '/home/ws/build/wyrm_mocap_bridge_pkg', 'catkin_cmake_args': None, 'catkin_skip_building_tests': False, 'cmake_args': None, 'cmake_clean_cache': False, 'cmake_clean_first': False, 'cmake_force_configure': False, 'cmake_target': None, 'cmake_target_skip_unavailable': False, 'install_base': '/home/ws/install/wyrm_mocap_bridge_pkg', 'merge_install': False, 'path': '/home/ws/src/wyrm_mocap_bridge_pkg', 'symlink_install': False, 'test_result_base': None}
[0.131s] INFO:colcon.colcon_core.executor:Executing jobs using 'parallel' executor
[0.132s] DEBUG:colcon.colcon_parallel_executor.executor.parallel:run_until_complete
[0.132s] INFO:colcon.colcon_ros.task.ament_cmake.build:Building ROS package in '/home/ws/src/wyrm_msgs' with build type 'ament_cmake'
[0.133s] INFO:colcon.colcon_cmake.task.cmake.build:Building CMake package in '/home/ws/src/wyrm_msgs'
[0.136s] INFO:colcon.colcon_core.plugin_system:Skipping extension 'colcon_core.shell.bat': Not used on non-Windows systems
[0.136s] INFO:colcon.colcon_core.shell:Skip shell extension 'powershell' for command environment: Not usable outside of PowerShell
[0.137s] DEBUG:colcon.colcon_core.shell:Skip shell extension 'dsv' for command environment
[0.153s] DEBUG:colcon.colcon_core.event_handler.log_command:Invoking command in '/home/ws/build/wyrm_msgs': CMAKE_PREFIX_PATH=/opt/ros/humble /usr/bin/cmake --build /home/ws/build/wyrm_msgs -- -j16 -l16
[0.381s] DEBUG:colcon.colcon_core.event_handler.log_command:Invoked command in '/home/ws/build/wyrm_msgs' returned '0': CMAKE_PREFIX_PATH=/opt/ros/humble /usr/bin/cmake --build /home/ws/build/wyrm_msgs -- -j16 -l16
[0.405s] DEBUG:colcon.colcon_core.event_handler.log_command:Invoking command in '/home/ws/build/wyrm_msgs': CMAKE_PREFIX_PATH=/opt/ros/humble /usr/bin/cmake --install /home/ws/build/wyrm_msgs
[0.486s] Level 1:colcon.colcon_core.environment:create_environment_scripts_only(wyrm_msgs)
[0.487s] DEBUG:colcon.colcon_core.event_handler.log_command:Invoked command in '/home/ws/build/wyrm_msgs' returned '0': CMAKE_PREFIX_PATH=/opt/ros/humble /usr/bin/cmake --install /home/ws/build/wyrm_msgs
[0.492s] Level 1:colcon.colcon_core.environment:checking '/home/ws/install/wyrm_msgs' for CMake module files
[0.493s] Level 1:colcon.colcon_core.environment:checking '/home/ws/install/wyrm_msgs' for CMake config files
[0.493s] Level 1:colcon.colcon_core.shell:create_environment_hook('wyrm_msgs', 'cmake_prefix_path')
[0.494s] INFO:colcon.colcon_core.shell:Creating environment hook '/home/ws/install/wyrm_msgs/share/wyrm_msgs/hook/cmake_prefix_path.ps1'
[0.495s] INFO:colcon.colcon_core.shell:Creating environment descriptor '/home/ws/install/wyrm_msgs/share/wyrm_msgs/hook/cmake_prefix_path.dsv'
[0.496s] INFO:colcon.colcon_core.shell:Creating environment hook '/home/ws/install/wyrm_msgs/share/wyrm_msgs/hook/cmake_prefix_path.sh'
[0.498s] Level 1:colcon.colcon_core.environment:checking '/home/ws/install/wyrm_msgs/lib'
[0.499s] Level 1:colcon.colcon_core.shell:create_environment_hook('wyrm_msgs', 'ld_library_path_lib')
[0.499s] INFO:colcon.colcon_core.shell:Creating environment hook '/home/ws/install/wyrm_msgs/share/wyrm_msgs/hook/ld_library_path_lib.ps1'
[0.500s] INFO:colcon.colcon_core.shell:Creating environment descriptor '/home/ws/install/wyrm_msgs/share/wyrm_msgs/hook/ld_library_path_lib.dsv'
[0.501s] INFO:colcon.colcon_core.shell:Creating environment hook '/home/ws/install/wyrm_msgs/share/wyrm_msgs/hook/ld_library_path_lib.sh'
[0.501s] Level 1:colcon.colcon_core.environment:checking '/home/ws/install/wyrm_msgs/bin'
[0.501s] Level 1:colcon.colcon_core.environment:checking '/home/ws/install/wyrm_msgs/lib/pkgconfig/wyrm_msgs.pc'
[0.505s] Level 1:colcon.colcon_core.environment:checking '/home/ws/install/wyrm_msgs/lib/python3.10/site-packages'
[0.506s] Level 1:colcon.colcon_core.environment:checking '/home/ws/install/wyrm_msgs/bin'
[0.507s] INFO:colcon.colcon_core.shell:Creating package script '/home/ws/install/wyrm_msgs/share/wyrm_msgs/package.ps1'
[0.509s] INFO:colcon.colcon_core.shell:Creating package descriptor '/home/ws/install/wyrm_msgs/share/wyrm_msgs/package.dsv'
[0.510s] INFO:colcon.colcon_core.shell:Creating package script '/home/ws/install/wyrm_msgs/share/wyrm_msgs/package.sh'
[0.511s] INFO:colcon.colcon_core.shell:Creating package script '/home/ws/install/wyrm_msgs/share/wyrm_msgs/package.bash'
[0.512s] INFO:colcon.colcon_core.shell:Creating package script '/home/ws/install/wyrm_msgs/share/wyrm_msgs/package.zsh'
[0.513s] Level 1:colcon.colcon_core.environment:create_file_with_runtime_dependencies(/home/ws/install/wyrm_msgs/share/colcon-core/packages/wyrm_msgs)
[0.514s] Level 1:colcon.colcon_core.environment:create_environment_scripts_only(wyrm_msgs)
[0.514s] Level 1:colcon.colcon_core.environment:checking '/home/ws/install/wyrm_msgs' for CMake module files
[0.515s] Level 1:colcon.colcon_core.environment:checking '/home/ws/install/wyrm_msgs' for CMake config files
[0.516s] Level 1:colcon.colcon_core.shell:create_environment_hook('wyrm_msgs', 'cmake_prefix_path')
[0.516s] INFO:colcon.colcon_core.shell:Creating environment hook '/home/ws/install/wyrm_msgs/share/wyrm_msgs/hook/cmake_prefix_path.ps1'
[0.516s] INFO:colcon.colcon_core.shell:Creating environment descriptor '/home/ws/install/wyrm_msgs/share/wyrm_msgs/hook/cmake_prefix_path.dsv'
[0.517s] INFO:colcon.colcon_core.shell:Creating environment hook '/home/ws/install/wyrm_msgs/share/wyrm_msgs/hook/cmake_prefix_path.sh'
[0.517s] Level 1:colcon.colcon_core.environment:checking '/home/ws/install/wyrm_msgs/lib'
[0.517s] Level 1:colcon.colcon_core.shell:create_environment_hook('wyrm_msgs', 'ld_library_path_lib')
[0.517s] INFO:colcon.colcon_core.shell:Creating environment hook '/home/ws/install/wyrm_msgs/share/wyrm_msgs/hook/ld_library_path_lib.ps1'
[0.518s] INFO:colcon.colcon_core.shell:Creating environment descriptor '/home/ws/install/wyrm_msgs/share/wyrm_msgs/hook/ld_library_path_lib.dsv'
[0.518s] INFO:colcon.colcon_core.shell:Creating environment hook '/home/ws/install/wyrm_msgs/share/wyrm_msgs/hook/ld_library_path_lib.sh'
[0.518s] Level 1:colcon.colcon_core.environment:checking '/home/ws/install/wyrm_msgs/bin'
[0.518s] Level 1:colcon.colcon_core.environment:checking '/home/ws/install/wyrm_msgs/lib/pkgconfig/wyrm_msgs.pc'
[0.519s] Level 1:colcon.colcon_core.environment:checking '/home/ws/install/wyrm_msgs/lib/python3.10/site-packages'
[0.519s] Level 1:colcon.colcon_core.environment:checking '/home/ws/install/wyrm_msgs/bin'
[0.519s] INFO:colcon.colcon_core.shell:Creating package script '/home/ws/install/wyrm_msgs/share/wyrm_msgs/package.ps1'
[0.520s] INFO:colcon.colcon_core.shell:Creating package descriptor '/home/ws/install/wyrm_msgs/share/wyrm_msgs/package.dsv'
[0.520s] INFO:colcon.colcon_core.shell:Creating package script '/home/ws/install/wyrm_msgs/share/wyrm_msgs/package.sh'
[0.520s] INFO:colcon.colcon_core.shell:Creating package script '/home/ws/install/wyrm_msgs/share/wyrm_msgs/package.bash'
[0.521s] INFO:colcon.colcon_core.shell:Creating package script '/home/ws/install/wyrm_msgs/share/wyrm_msgs/package.zsh'
[0.521s] Level 1:colcon.colcon_core.environment:create_file_with_runtime_dependencies(/home/ws/install/wyrm_msgs/share/colcon-core/packages/wyrm_msgs)
[0.521s] INFO:colcon.colcon_ros.task.ament_python.build:Building ROS package in '/home/ws/src/wyrm_mocap_bridge_pkg' with build type 'ament_python'
[0.522s] Level 1:colcon.colcon_core.shell:create_environment_hook('wyrm_mocap_bridge_pkg', 'ament_prefix_path')
[0.522s] INFO:colcon.colcon_core.shell:Creating environment hook '/home/ws/install/wyrm_mocap_bridge_pkg/share/wyrm_mocap_bridge_pkg/hook/ament_prefix_path.ps1'
[0.523s] INFO:colcon.colcon_core.shell:Creating environment descriptor '/home/ws/install/wyrm_mocap_bridge_pkg/share/wyrm_mocap_bridge_pkg/hook/ament_prefix_path.dsv'
[0.523s] INFO:colcon.colcon_core.shell:Creating environment hook '/home/ws/install/wyrm_mocap_bridge_pkg/share/wyrm_mocap_bridge_pkg/hook/ament_prefix_path.sh'
[0.523s] INFO:colcon.colcon_core.shell:Skip shell extension 'powershell' for command environment: Not usable outside of PowerShell
[0.523s] DEBUG:colcon.colcon_core.shell:Skip shell extension 'dsv' for command environment
[0.682s] INFO:colcon.colcon_core.task.python.build:Building Python package in '/home/ws/src/wyrm_mocap_bridge_pkg'
[0.682s] INFO:colcon.colcon_core.shell:Skip shell extension 'powershell' for command environment: Not usable outside of PowerShell
[0.682s] DEBUG:colcon.colcon_core.shell:Skip shell extension 'dsv' for command environment
[0.862s] DEBUG:colcon.colcon_core.task.python.build:Available setuptools commands: install_headers, bdist, bdist_egg, easy_install, build_ext, upload, symlink_data, bdist_wheel, test, check, build_clib, setopt, clean, register, saveopts, install_scripts, sdist, upload_docs, bdist_dumb, alias, develop, install_egg_info, dist_info, build_py, egg_info, rotate, install_data, build, install_lib, install, build_scripts, bdist_rpm
[0.866s] DEBUG:colcon.colcon_core.event_handler.log_command:Invoking command in '/home/ws/src/wyrm_mocap_bridge_pkg': AMENT_PREFIX_PATH=/home/ws/install/wyrm_msgs:${AMENT_PREFIX_PATH} CMAKE_PREFIX_PATH=/home/ws/install/wyrm_msgs LD_LIBRARY_PATH=/home/ws/install/wyrm_msgs/lib:${LD_LIBRARY_PATH} PYTHONPATH=/home/ws/build/wyrm_mocap_bridge_pkg/prefix_override:/usr/lib/python3/dist-packages/colcon_core/task/python/colcon_distutils_commands:/home/ws/install/wyrm_mocap_bridge_pkg/lib/python3.10/site-packages:/home/ws/install/wyrm_msgs/local/lib/python3.10/dist-packages:${PYTHONPATH} /usr/bin/python3 -W ignore:setup.py install is deprecated -W ignore:easy_install command is deprecated setup.py egg_info --egg-base ../../build/wyrm_mocap_bridge_pkg build --build-base /home/ws/build/wyrm_mocap_bridge_pkg/build install --record /home/ws/build/wyrm_mocap_bridge_pkg/install.log --install-scripts $base/lib/wyrm_mocap_bridge_pkg --single-version-externally-managed install_data
[1.021s] Level 1:colcon.colcon_core.environment:checking '/home/ws/install/wyrm_mocap_bridge_pkg' for CMake module files
[1.022s] DEBUG:colcon.colcon_core.event_handler.log_command:Invoked command in '/home/ws/src/wyrm_mocap_bridge_pkg' returned '0': AMENT_PREFIX_PATH=/home/ws/install/wyrm_msgs:${AMENT_PREFIX_PATH} CMAKE_PREFIX_PATH=/home/ws/install/wyrm_msgs LD_LIBRARY_PATH=/home/ws/install/wyrm_msgs/lib:${LD_LIBRARY_PATH} PYTHONPATH=/home/ws/build/wyrm_mocap_bridge_pkg/prefix_override:/usr/lib/python3/dist-packages/colcon_core/task/python/colcon_distutils_commands:/home/ws/install/wyrm_mocap_bridge_pkg/lib/python3.10/site-packages:/home/ws/install/wyrm_msgs/local/lib/python3.10/dist-packages:${PYTHONPATH} /usr/bin/python3 -W ignore:setup.py install is deprecated -W ignore:easy_install command is deprecated setup.py egg_info --egg-base ../../build/wyrm_mocap_bridge_pkg build --build-base /home/ws/build/wyrm_mocap_bridge_pkg/build install --record /home/ws/build/wyrm_mocap_bridge_pkg/install.log --install-scripts $base/lib/wyrm_mocap_bridge_pkg --single-version-externally-managed install_data
[1.022s] Level 1:colcon.colcon_core.environment:checking '/home/ws/install/wyrm_mocap_bridge_pkg' for CMake config files
[1.024s] Level 1:colcon.colcon_core.environment:checking '/home/ws/install/wyrm_mocap_bridge_pkg/lib'
[1.024s] Level 1:colcon.colcon_core.environment:checking '/home/ws/install/wyrm_mocap_bridge_pkg/bin'
[1.024s] Level 1:colcon.colcon_core.environment:checking '/home/ws/install/wyrm_mocap_bridge_pkg/lib/pkgconfig/wyrm_mocap_bridge_pkg.pc'
[1.025s] Level 1:colcon.colcon_core.environment:checking '/home/ws/install/wyrm_mocap_bridge_pkg/lib/python3.10/site-packages'
[1.025s] Level 1:colcon.colcon_core.shell:create_environment_hook('wyrm_mocap_bridge_pkg', 'pythonpath')
[1.025s] INFO:colcon.colcon_core.shell:Creating environment hook '/home/ws/install/wyrm_mocap_bridge_pkg/share/wyrm_mocap_bridge_pkg/hook/pythonpath.ps1'
[1.027s] INFO:colcon.colcon_core.shell:Creating environment descriptor '/home/ws/install/wyrm_mocap_bridge_pkg/share/wyrm_mocap_bridge_pkg/hook/pythonpath.dsv'
[1.027s] INFO:colcon.colcon_core.shell:Creating environment hook '/home/ws/install/wyrm_mocap_bridge_pkg/share/wyrm_mocap_bridge_pkg/hook/pythonpath.sh'
[1.029s] Level 1:colcon.colcon_core.environment:checking '/home/ws/install/wyrm_mocap_bridge_pkg/bin'
[1.029s] Level 1:colcon.colcon_core.environment:create_environment_scripts_only(wyrm_mocap_bridge_pkg)
[1.030s] INFO:colcon.colcon_core.shell:Creating package script '/home/ws/install/wyrm_mocap_bridge_pkg/share/wyrm_mocap_bridge_pkg/package.ps1'
[1.031s] INFO:colcon.colcon_core.shell:Creating package descriptor '/home/ws/install/wyrm_mocap_bridge_pkg/share/wyrm_mocap_bridge_pkg/package.dsv'
[1.032s] INFO:colcon.colcon_core.shell:Creating package script '/home/ws/install/wyrm_mocap_bridge_pkg/share/wyrm_mocap_bridge_pkg/package.sh'
[1.033s] INFO:colcon.colcon_core.shell:Creating package script '/home/ws/install/wyrm_mocap_bridge_pkg/share/wyrm_mocap_bridge_pkg/package.bash'
[1.034s] INFO:colcon.colcon_core.shell:Creating package script '/home/ws/install/wyrm_mocap_bridge_pkg/share/wyrm_mocap_bridge_pkg/package.zsh'
[1.035s] Level 1:colcon.colcon_core.environment:create_file_with_runtime_dependencies(/home/ws/install/wyrm_mocap_bridge_pkg/share/colcon-core/packages/wyrm_mocap_bridge_pkg)
[1.036s] DEBUG:colcon.colcon_parallel_executor.executor.parallel:closing loop
[1.036s] DEBUG:colcon.colcon_parallel_executor.executor.parallel:loop closed
[1.036s] DEBUG:colcon.colcon_parallel_executor.executor.parallel:run_until_complete finished with '0'
[1.037s] DEBUG:colcon.colcon_core.event_reactor:joining thread
[1.047s] INFO:colcon.colcon_core.plugin_system:Skipping extension 'colcon_notification.desktop_notification.notify_send': Could not find 'notify-send'
[1.047s] INFO:colcon.colcon_core.plugin_system:Skipping extension 'colcon_notification.desktop_notification.terminal_notifier': Not used on non-Darwin systems
[1.048s] INFO:colcon.colcon_core.plugin_system:Skipping extension 'colcon_notification.desktop_notification.win32': Not used on non-Windows systems
[1.048s] INFO:colcon.colcon_notification.desktop_notification:Sending desktop notification using 'notify2'
[1.052s] DEBUG:colcon.colcon_notification.desktop_notification.notify2:Failed to initialize notify2: org.freedesktop.DBus.Error.Spawn.ExecFailed: /usr/bin/dbus-launch terminated abnormally without any error message
[1.053s] DEBUG:colcon.colcon_core.event_reactor:joined thread
[1.054s] INFO:colcon.colcon_core.shell:Creating prefix script '/home/ws/install/local_setup.ps1'
[1.056s] INFO:colcon.colcon_core.shell:Creating prefix util module '/home/ws/install/_local_setup_util_ps1.py'
[1.058s] INFO:colcon.colcon_core.shell:Creating prefix chain script '/home/ws/install/setup.ps1'
[1.060s] INFO:colcon.colcon_core.shell:Creating prefix script '/home/ws/install/local_setup.sh'
[1.061s] INFO:colcon.colcon_core.shell:Creating prefix util module '/home/ws/install/_local_setup_util_sh.py'
[1.062s] INFO:colcon.colcon_core.shell:Creating prefix chain script '/home/ws/install/setup.sh'
[1.063s] INFO:colcon.colcon_core.shell:Creating prefix script '/home/ws/install/local_setup.bash'
[1.064s] INFO:colcon.colcon_core.shell:Creating prefix chain script '/home/ws/install/setup.bash'
[1.065s] INFO:colcon.colcon_core.shell:Creating prefix script '/home/ws/install/local_setup.zsh'
[1.065s] INFO:colcon.colcon_core.shell:Creating prefix chain script '/home/ws/install/setup.zsh'
