[0.064s] DEBUG:colcon:Command line arguments: ['/usr/bin/colcon', 'build', '--packages-select', 'wyrm_msgs']
[0.064s] DEBUG:colcon:Parsed command line arguments: Namespace(log_base=None, log_level=None, verb_name='build', build_base='build', install_base='install', merge_install=False, symlink_install=False, test_result_base=None, continue_on_error=False, executor='parallel', parallel_workers=16, event_handlers=None, ignore_user_meta=False, metas=['./colcon.meta'], base_paths=['.'], packages_ignore=None, packages_ignore_regex=None, paths=None, packages_up_to=None, packages_up_to_regex=None, packages_above=None, packages_above_and_dependencies=None, packages_above_depth=None, packages_select_by_dep=None, packages_skip_by_dep=None, packages_skip_up_to=None, packages_select_build_failed=False, packages_skip_build_finished=False, packages_select_test_failures=False, packages_skip_test_passed=False, packages_select=['wyrm_msgs'], packages_skip=None, packages_select_regex=None, packages_skip_regex=None, packages_start=None, packages_end=None, cmake_args=None, cmake_target=None, cmake_target_skip_unavailable=False, cmake_clean_cache=False, cmake_clean_first=False, cmake_force_configure=False, ament_cmake_args=None, catkin_cmake_args=None, catkin_skip_building_tests=False, mixin_files=None, mixin=None, verb_parser=<colcon_mixin.mixin.mixin_argument.MixinArgumentDecorator object at 0x799fa8a6e890>, verb_extension=<colcon_core.verb.build.BuildVerb object at 0x799fa8bf7ac0>, main=<bound method BuildVerb.main of <colcon_core.verb.build.BuildVerb object at 0x799fa8bf7ac0>>, mixin_verb=('build',))
[0.114s] Level 1:colcon.colcon_core.package_discovery:discover_packages(colcon_meta) check parameters
[0.114s] Level 1:colcon.colcon_core.package_discovery:discover_packages(recursive) check parameters
[0.114s] Level 1:colcon.colcon_core.package_discovery:discover_packages(ignore) check parameters
[0.114s] Level 1:colcon.colcon_core.package_discovery:discover_packages(path) check parameters
[0.114s] Level 1:colcon.colcon_core.package_discovery:discover_packages(colcon_meta) discover
[0.114s] Level 1:colcon.colcon_core.package_discovery:discover_packages(recursive) discover
[0.114s] INFO:colcon.colcon_core.package_discovery:Crawling recursively for packages in '/home/ws'
[0.114s] Level 1:colcon.colcon_core.package_identification:_identify(.) by extensions ['ignore', 'ignore_ament_install']
[0.114s] Level 1:colcon.colcon_core.package_identification:_identify(.) by extension 'ignore'
[0.114s] Level 1:colcon.colcon_core.package_identification:_identify(.) by extension 'ignore_ament_install'
[0.114s] Level 1:colcon.colcon_core.package_identification:_identify(.) by extensions ['colcon_pkg']
[0.114s] Level 1:colcon.colcon_core.package_identification:_identify(.) by extension 'colcon_pkg'
[0.114s] Level 1:colcon.colcon_core.package_identification:_identify(.) by extensions ['colcon_meta']
[0.114s] Level 1:colcon.colcon_core.package_identification:_identify(.) by extension 'colcon_meta'
[0.115s] Level 1:colcon.colcon_core.package_identification:_identify(.) by extensions ['ros']
[0.115s] Level 1:colcon.colcon_core.package_identification:_identify(.) by extension 'ros'
[0.120s] Level 1:colcon.colcon_core.package_identification:_identify(.) by extensions ['cmake', 'python']
[0.120s] Level 1:colcon.colcon_core.package_identification:_identify(.) by extension 'cmake'
[0.120s] Level 1:colcon.colcon_core.package_identification:_identify(.) by extension 'python'
[0.120s] Level 1:colcon.colcon_core.package_identification:_identify(.) by extensions ['python_setup_py']
[0.120s] Level 1:colcon.colcon_core.package_identification:_identify(.) by extension 'python_setup_py'
[0.120s] Level 1:colcon.colcon_core.package_identification:_identify(build) by extensions ['ignore', 'ignore_ament_install']
[0.120s] Level 1:colcon.colcon_core.package_identification:_identify(build) by extension 'ignore'
[0.120s] Level 1:colcon.colcon_core.package_identification:_identify(build) ignored
[0.120s] Level 1:colcon.colcon_core.package_identification:_identify(cache) by extensions ['ignore', 'ignore_ament_install']
[0.120s] Level 1:colcon.colcon_core.package_identification:_identify(cache) by extension 'ignore'
[0.120s] Level 1:colcon.colcon_core.package_identification:_identify(cache) by extension 'ignore_ament_install'
[0.120s] Level 1:colcon.colcon_core.package_identification:_identify(cache) by extensions ['colcon_pkg']
[0.120s] Level 1:colcon.colcon_core.package_identification:_identify(cache) by extension 'colcon_pkg'
[0.121s] Level 1:colcon.colcon_core.package_identification:_identify(cache) by extensions ['colcon_meta']
[0.121s] Level 1:colcon.colcon_core.package_identification:_identify(cache) by extension 'colcon_meta'
[0.121s] Level 1:colcon.colcon_core.package_identification:_identify(cache) by extensions ['ros']
[0.121s] Level 1:colcon.colcon_core.package_identification:_identify(cache) by extension 'ros'
[0.121s] Level 1:colcon.colcon_core.package_identification:_identify(cache) by extensions ['cmake', 'python']
[0.121s] Level 1:colcon.colcon_core.package_identification:_identify(cache) by extension 'cmake'
[0.121s] Level 1:colcon.colcon_core.package_identification:_identify(cache) by extension 'python'
[0.121s] Level 1:colcon.colcon_core.package_identification:_identify(cache) by extensions ['python_setup_py']
[0.121s] Level 1:colcon.colcon_core.package_identification:_identify(cache) by extension 'python_setup_py'
[0.121s] Level 1:colcon.colcon_core.package_identification:_identify(cache/humble) by extensions ['ignore', 'ignore_ament_install']
[0.121s] Level 1:colcon.colcon_core.package_identification:_identify(cache/humble) by extension 'ignore'
[0.121s] Level 1:colcon.colcon_core.package_identification:_identify(cache/humble) by extension 'ignore_ament_install'
[0.121s] Level 1:colcon.colcon_core.package_identification:_identify(cache/humble) by extensions ['colcon_pkg']
[0.121s] Level 1:colcon.colcon_core.package_identification:_identify(cache/humble) by extension 'colcon_pkg'
[0.121s] Level 1:colcon.colcon_core.package_identification:_identify(cache/humble) by extensions ['colcon_meta']
[0.121s] Level 1:colcon.colcon_core.package_identification:_identify(cache/humble) by extension 'colcon_meta'
[0.121s] Level 1:colcon.colcon_core.package_identification:_identify(cache/humble) by extensions ['ros']
[0.121s] Level 1:colcon.colcon_core.package_identification:_identify(cache/humble) by extension 'ros'
[0.121s] Level 1:colcon.colcon_core.package_identification:_identify(cache/humble) by extensions ['cmake', 'python']
[0.121s] Level 1:colcon.colcon_core.package_identification:_identify(cache/humble) by extension 'cmake'
[0.121s] Level 1:colcon.colcon_core.package_identification:_identify(cache/humble) by extension 'python'
[0.121s] Level 1:colcon.colcon_core.package_identification:_identify(cache/humble) by extensions ['python_setup_py']
[0.121s] Level 1:colcon.colcon_core.package_identification:_identify(cache/humble) by extension 'python_setup_py'
[0.121s] Level 1:colcon.colcon_core.package_identification:_identify(cache/humble/build) by extensions ['ignore', 'ignore_ament_install']
[0.121s] Level 1:colcon.colcon_core.package_identification:_identify(cache/humble/build) by extension 'ignore'
[0.121s] Level 1:colcon.colcon_core.package_identification:_identify(cache/humble/build) by extension 'ignore_ament_install'
[0.121s] Level 1:colcon.colcon_core.package_identification:_identify(cache/humble/build) by extensions ['colcon_pkg']
[0.121s] Level 1:colcon.colcon_core.package_identification:_identify(cache/humble/build) by extension 'colcon_pkg'
[0.121s] Level 1:colcon.colcon_core.package_identification:_identify(cache/humble/build) by extensions ['colcon_meta']
[0.121s] Level 1:colcon.colcon_core.package_identification:_identify(cache/humble/build) by extension 'colcon_meta'
[0.121s] Level 1:colcon.colcon_core.package_identification:_identify(cache/humble/build) by extensions ['ros']
[0.121s] Level 1:colcon.colcon_core.package_identification:_identify(cache/humble/build) by extension 'ros'
[0.121s] Level 1:colcon.colcon_core.package_identification:_identify(cache/humble/build) by extensions ['cmake', 'python']
[0.121s] Level 1:colcon.colcon_core.package_identification:_identify(cache/humble/build) by extension 'cmake'
[0.121s] Level 1:colcon.colcon_core.package_identification:_identify(cache/humble/build) by extension 'python'
[0.121s] Level 1:colcon.colcon_core.package_identification:_identify(cache/humble/build) by extensions ['python_setup_py']
[0.121s] Level 1:colcon.colcon_core.package_identification:_identify(cache/humble/build) by extension 'python_setup_py'
[0.121s] Level 1:colcon.colcon_core.package_identification:_identify(cache/humble/install) by extensions ['ignore', 'ignore_ament_install']
[0.121s] Level 1:colcon.colcon_core.package_identification:_identify(cache/humble/install) by extension 'ignore'
[0.121s] Level 1:colcon.colcon_core.package_identification:_identify(cache/humble/install) by extension 'ignore_ament_install'
[0.121s] Level 1:colcon.colcon_core.package_identification:_identify(cache/humble/install) by extensions ['colcon_pkg']
[0.121s] Level 1:colcon.colcon_core.package_identification:_identify(cache/humble/install) by extension 'colcon_pkg'
[0.121s] Level 1:colcon.colcon_core.package_identification:_identify(cache/humble/install) by extensions ['colcon_meta']
[0.121s] Level 1:colcon.colcon_core.package_identification:_identify(cache/humble/install) by extension 'colcon_meta'
[0.121s] Level 1:colcon.colcon_core.package_identification:_identify(cache/humble/install) by extensions ['ros']
[0.121s] Level 1:colcon.colcon_core.package_identification:_identify(cache/humble/install) by extension 'ros'
[0.121s] Level 1:colcon.colcon_core.package_identification:_identify(cache/humble/install) by extensions ['cmake', 'python']
[0.122s] Level 1:colcon.colcon_core.package_identification:_identify(cache/humble/install) by extension 'cmake'
[0.122s] Level 1:colcon.colcon_core.package_identification:_identify(cache/humble/install) by extension 'python'
[0.122s] Level 1:colcon.colcon_core.package_identification:_identify(cache/humble/install) by extensions ['python_setup_py']
[0.122s] Level 1:colcon.colcon_core.package_identification:_identify(cache/humble/install) by extension 'python_setup_py'
[0.122s] Level 1:colcon.colcon_core.package_identification:_identify(cache/humble/log) by extensions ['ignore', 'ignore_ament_install']
[0.122s] Level 1:colcon.colcon_core.package_identification:_identify(cache/humble/log) by extension 'ignore'
[0.122s] Level 1:colcon.colcon_core.package_identification:_identify(cache/humble/log) by extension 'ignore_ament_install'
[0.122s] Level 1:colcon.colcon_core.package_identification:_identify(cache/humble/log) by extensions ['colcon_pkg']
[0.122s] Level 1:colcon.colcon_core.package_identification:_identify(cache/humble/log) by extension 'colcon_pkg'
[0.122s] Level 1:colcon.colcon_core.package_identification:_identify(cache/humble/log) by extensions ['colcon_meta']
[0.122s] Level 1:colcon.colcon_core.package_identification:_identify(cache/humble/log) by extension 'colcon_meta'
[0.122s] Level 1:colcon.colcon_core.package_identification:_identify(cache/humble/log) by extensions ['ros']
[0.122s] Level 1:colcon.colcon_core.package_identification:_identify(cache/humble/log) by extension 'ros'
[0.122s] Level 1:colcon.colcon_core.package_identification:_identify(cache/humble/log) by extensions ['cmake', 'python']
[0.122s] Level 1:colcon.colcon_core.package_identification:_identify(cache/humble/log) by extension 'cmake'
[0.122s] Level 1:colcon.colcon_core.package_identification:_identify(cache/humble/log) by extension 'python'
[0.122s] Level 1:colcon.colcon_core.package_identification:_identify(cache/humble/log) by extensions ['python_setup_py']
[0.122s] Level 1:colcon.colcon_core.package_identification:_identify(cache/humble/log) by extension 'python_setup_py'
[0.122s] Level 1:colcon.colcon_core.package_identification:_identify(install) by extensions ['ignore', 'ignore_ament_install']
[0.122s] Level 1:colcon.colcon_core.package_identification:_identify(install) by extension 'ignore'
[0.122s] Level 1:colcon.colcon_core.package_identification:_identify(install) ignored
[0.122s] Level 1:colcon.colcon_core.package_identification:_identify(log) by extensions ['ignore', 'ignore_ament_install']
[0.122s] Level 1:colcon.colcon_core.package_identification:_identify(log) by extension 'ignore'
[0.122s] Level 1:colcon.colcon_core.package_identification:_identify(log) ignored
[0.122s] Level 1:colcon.colcon_core.package_identification:_identify(src) by extensions ['ignore', 'ignore_ament_install']
[0.122s] Level 1:colcon.colcon_core.package_identification:_identify(src) by extension 'ignore'
[0.122s] Level 1:colcon.colcon_core.package_identification:_identify(src) by extension 'ignore_ament_install'
[0.122s] Level 1:colcon.colcon_core.package_identification:_identify(src) by extensions ['colcon_pkg']
[0.122s] Level 1:colcon.colcon_core.package_identification:_identify(src) by extension 'colcon_pkg'
[0.122s] Level 1:colcon.colcon_core.package_identification:_identify(src) by extensions ['colcon_meta']
[0.122s] Level 1:colcon.colcon_core.package_identification:_identify(src) by extension 'colcon_meta'
[0.122s] Level 1:colcon.colcon_core.package_identification:_identify(src) by extensions ['ros']
[0.122s] Level 1:colcon.colcon_core.package_identification:_identify(src) by extension 'ros'
[0.122s] Level 1:colcon.colcon_core.package_identification:_identify(src) by extensions ['cmake', 'python']
[0.122s] Level 1:colcon.colcon_core.package_identification:_identify(src) by extension 'cmake'
[0.122s] Level 1:colcon.colcon_core.package_identification:_identify(src) by extension 'python'
[0.122s] Level 1:colcon.colcon_core.package_identification:_identify(src) by extensions ['python_setup_py']
[0.122s] Level 1:colcon.colcon_core.package_identification:_identify(src) by extension 'python_setup_py'
[0.122s] Level 1:colcon.colcon_core.package_identification:_identify(src/wyrm_mocap_bridge_pkg) by extensions ['ignore', 'ignore_ament_install']
[0.122s] Level 1:colcon.colcon_core.package_identification:_identify(src/wyrm_mocap_bridge_pkg) by extension 'ignore'
[0.122s] Level 1:colcon.colcon_core.package_identification:_identify(src/wyrm_mocap_bridge_pkg) by extension 'ignore_ament_install'
[0.122s] Level 1:colcon.colcon_core.package_identification:_identify(src/wyrm_mocap_bridge_pkg) by extensions ['colcon_pkg']
[0.123s] Level 1:colcon.colcon_core.package_identification:_identify(src/wyrm_mocap_bridge_pkg) by extension 'colcon_pkg'
[0.123s] Level 1:colcon.colcon_core.package_identification:_identify(src/wyrm_mocap_bridge_pkg) by extensions ['colcon_meta']
[0.123s] Level 1:colcon.colcon_core.package_identification:_identify(src/wyrm_mocap_bridge_pkg) by extension 'colcon_meta'
[0.123s] Level 1:colcon.colcon_core.package_identification:_identify(src/wyrm_mocap_bridge_pkg) by extensions ['ros']
[0.123s] Level 1:colcon.colcon_core.package_identification:_identify(src/wyrm_mocap_bridge_pkg) by extension 'ros'
[0.124s] DEBUG:colcon.colcon_core.package_identification:Package 'src/wyrm_mocap_bridge_pkg' with type 'ros.ament_python' and name 'wyrm_mocap_bridge_pkg'
[0.124s] Level 1:colcon.colcon_core.package_identification:_identify(src/wyrm_msgs) by extensions ['ignore', 'ignore_ament_install']
[0.124s] Level 1:colcon.colcon_core.package_identification:_identify(src/wyrm_msgs) by extension 'ignore'
[0.124s] Level 1:colcon.colcon_core.package_identification:_identify(src/wyrm_msgs) by extension 'ignore_ament_install'
[0.124s] Level 1:colcon.colcon_core.package_identification:_identify(src/wyrm_msgs) by extensions ['colcon_pkg']
[0.124s] Level 1:colcon.colcon_core.package_identification:_identify(src/wyrm_msgs) by extension 'colcon_pkg'
[0.124s] Level 1:colcon.colcon_core.package_identification:_identify(src/wyrm_msgs) by extensions ['colcon_meta']
[0.124s] Level 1:colcon.colcon_core.package_identification:_identify(src/wyrm_msgs) by extension 'colcon_meta'
[0.124s] Level 1:colcon.colcon_core.package_identification:_identify(src/wyrm_msgs) by extensions ['ros']
[0.124s] Level 1:colcon.colcon_core.package_identification:_identify(src/wyrm_msgs) by extension 'ros'
[0.124s] DEBUG:colcon.colcon_core.package_identification:Package 'src/wyrm_msgs' with type 'ros.ament_cmake' and name 'wyrm_msgs'
[0.124s] Level 1:colcon.colcon_core.package_discovery:discover_packages(recursive) using defaults
[0.125s] Level 1:colcon.colcon_core.package_discovery:discover_packages(ignore) discover
[0.125s] Level 1:colcon.colcon_core.package_discovery:discover_packages(ignore) using defaults
[0.125s] Level 1:colcon.colcon_core.package_discovery:discover_packages(path) discover
[0.125s] Level 1:colcon.colcon_core.package_discovery:discover_packages(path) using defaults
[0.135s] INFO:colcon.colcon_core.package_selection:Skipping not selected package 'wyrm_mocap_bridge_pkg' in 'src/wyrm_mocap_bridge_pkg'
[0.135s] Level 5:colcon.colcon_core.verb:set package 'wyrm_msgs' build argument 'cmake_args' from command line to 'None'
[0.135s] Level 5:colcon.colcon_core.verb:set package 'wyrm_msgs' build argument 'cmake_target' from command line to 'None'
[0.135s] Level 5:colcon.colcon_core.verb:set package 'wyrm_msgs' build argument 'cmake_target_skip_unavailable' from command line to 'False'
[0.135s] Level 5:colcon.colcon_core.verb:set package 'wyrm_msgs' build argument 'cmake_clean_cache' from command line to 'False'
[0.135s] Level 5:colcon.colcon_core.verb:set package 'wyrm_msgs' build argument 'cmake_clean_first' from command line to 'False'
[0.135s] Level 5:colcon.colcon_core.verb:set package 'wyrm_msgs' build argument 'cmake_force_configure' from command line to 'False'
[0.135s] Level 5:colcon.colcon_core.verb:set package 'wyrm_msgs' build argument 'ament_cmake_args' from command line to 'None'
[0.135s] Level 5:colcon.colcon_core.verb:set package 'wyrm_msgs' build argument 'catkin_cmake_args' from command line to 'None'
[0.135s] Level 5:colcon.colcon_core.verb:set package 'wyrm_msgs' build argument 'catkin_skip_building_tests' from command line to 'False'
[0.135s] DEBUG:colcon.colcon_core.verb:Building package 'wyrm_msgs' with the following arguments: {'ament_cmake_args': None, 'build_base': '/home/ws/build/wyrm_msgs', 'catkin_cmake_args': None, 'catkin_skip_building_tests': False, 'cmake_args': None, 'cmake_clean_cache': False, 'cmake_clean_first': False, 'cmake_force_configure': False, 'cmake_target': None, 'cmake_target_skip_unavailable': False, 'install_base': '/home/ws/install/wyrm_msgs', 'merge_install': False, 'path': '/home/ws/src/wyrm_msgs', 'symlink_install': False, 'test_result_base': None}
[0.135s] INFO:colcon.colcon_core.executor:Executing jobs using 'parallel' executor
[0.137s] DEBUG:colcon.colcon_parallel_executor.executor.parallel:run_until_complete
[0.137s] INFO:colcon.colcon_ros.task.ament_cmake.build:Building ROS package in '/home/ws/src/wyrm_msgs' with build type 'ament_cmake'
[0.137s] INFO:colcon.colcon_cmake.task.cmake.build:Building CMake package in '/home/ws/src/wyrm_msgs'
[0.138s] INFO:colcon.colcon_core.plugin_system:Skipping extension 'colcon_core.shell.bat': Not used on non-Windows systems
[0.138s] INFO:colcon.colcon_core.shell:Skip shell extension 'powershell' for command environment: Not usable outside of PowerShell
[0.138s] DEBUG:colcon.colcon_core.shell:Skip shell extension 'dsv' for command environment
[0.139s] WARNING:colcon.colcon_ros.prefix_path.ament:The path '/home/ws/install/wyrm_msgs' in the environment variable AMENT_PREFIX_PATH doesn't exist
[0.139s] WARNING:colcon.colcon_ros.prefix_path.catkin:The path '/home/ws/install/wyrm_msgs' in the environment variable CMAKE_PREFIX_PATH doesn't exist
[0.144s] DEBUG:colcon.colcon_core.event_handler.log_command:Invoking command in '/home/ws/build/wyrm_msgs': CMAKE_PREFIX_PATH=${CMAKE_PREFIX_PATH}:/home/ws/install/wyrm_mocap_bridge_pkg:/opt/ros/humble /usr/bin/cmake /home/ws/src/wyrm_msgs -DCMAKE_INSTALL_PREFIX=/home/ws/install/wyrm_msgs
[1.168s] DEBUG:colcon.colcon_core.event_handler.log_command:Invoked command in '/home/ws/build/wyrm_msgs' returned '0': CMAKE_PREFIX_PATH=${CMAKE_PREFIX_PATH}:/home/ws/install/wyrm_mocap_bridge_pkg:/opt/ros/humble /usr/bin/cmake /home/ws/src/wyrm_msgs -DCMAKE_INSTALL_PREFIX=/home/ws/install/wyrm_msgs
[1.169s] DEBUG:colcon.colcon_core.event_handler.log_command:Invoking command in '/home/ws/build/wyrm_msgs': CMAKE_PREFIX_PATH=${CMAKE_PREFIX_PATH}:/home/ws/install/wyrm_mocap_bridge_pkg:/opt/ros/humble /usr/bin/cmake --build /home/ws/build/wyrm_msgs -- -j16 -l16
[2.516s] DEBUG:colcon.colcon_core.event_handler.log_command:Invoked command in '/home/ws/build/wyrm_msgs' returned '0': CMAKE_PREFIX_PATH=${CMAKE_PREFIX_PATH}:/home/ws/install/wyrm_mocap_bridge_pkg:/opt/ros/humble /usr/bin/cmake --build /home/ws/build/wyrm_msgs -- -j16 -l16
[2.522s] DEBUG:colcon.colcon_core.event_handler.log_command:Invoking command in '/home/ws/build/wyrm_msgs': CMAKE_PREFIX_PATH=${CMAKE_PREFIX_PATH}:/home/ws/install/wyrm_mocap_bridge_pkg:/opt/ros/humble /usr/bin/cmake --install /home/ws/build/wyrm_msgs
[2.565s] Level 1:colcon.colcon_core.environment:create_environment_scripts_only(wyrm_msgs)
[2.566s] DEBUG:colcon.colcon_core.event_handler.log_command:Invoked command in '/home/ws/build/wyrm_msgs' returned '0': CMAKE_PREFIX_PATH=${CMAKE_PREFIX_PATH}:/home/ws/install/wyrm_mocap_bridge_pkg:/opt/ros/humble /usr/bin/cmake --install /home/ws/build/wyrm_msgs
[2.568s] Level 1:colcon.colcon_core.environment:checking '/home/ws/install/wyrm_msgs' for CMake module files
[2.569s] Level 1:colcon.colcon_core.environment:checking '/home/ws/install/wyrm_msgs' for CMake config files
[2.570s] Level 1:colcon.colcon_core.shell:create_environment_hook('wyrm_msgs', 'cmake_prefix_path')
[2.570s] INFO:colcon.colcon_core.shell:Creating environment hook '/home/ws/install/wyrm_msgs/share/wyrm_msgs/hook/cmake_prefix_path.ps1'
[2.571s] INFO:colcon.colcon_core.shell:Creating environment descriptor '/home/ws/install/wyrm_msgs/share/wyrm_msgs/hook/cmake_prefix_path.dsv'
[2.571s] INFO:colcon.colcon_core.shell:Creating environment hook '/home/ws/install/wyrm_msgs/share/wyrm_msgs/hook/cmake_prefix_path.sh'
[2.572s] Level 1:colcon.colcon_core.environment:checking '/home/ws/install/wyrm_msgs/lib'
[2.573s] Level 1:colcon.colcon_core.shell:create_environment_hook('wyrm_msgs', 'ld_library_path_lib')
[2.573s] INFO:colcon.colcon_core.shell:Creating environment hook '/home/ws/install/wyrm_msgs/share/wyrm_msgs/hook/ld_library_path_lib.ps1'
[2.574s] INFO:colcon.colcon_core.shell:Creating environment descriptor '/home/ws/install/wyrm_msgs/share/wyrm_msgs/hook/ld_library_path_lib.dsv'
[2.574s] INFO:colcon.colcon_core.shell:Creating environment hook '/home/ws/install/wyrm_msgs/share/wyrm_msgs/hook/ld_library_path_lib.sh'
[2.574s] Level 1:colcon.colcon_core.environment:checking '/home/ws/install/wyrm_msgs/bin'
[2.574s] Level 1:colcon.colcon_core.environment:checking '/home/ws/install/wyrm_msgs/lib/pkgconfig/wyrm_msgs.pc'
[2.577s] Level 1:colcon.colcon_core.environment:checking '/home/ws/install/wyrm_msgs/lib/python3.10/site-packages'
[2.578s] Level 1:colcon.colcon_core.environment:checking '/home/ws/install/wyrm_msgs/bin'
[2.578s] INFO:colcon.colcon_core.shell:Creating package script '/home/ws/install/wyrm_msgs/share/wyrm_msgs/package.ps1'
[2.579s] INFO:colcon.colcon_core.shell:Creating package descriptor '/home/ws/install/wyrm_msgs/share/wyrm_msgs/package.dsv'
[2.580s] INFO:colcon.colcon_core.shell:Creating package script '/home/ws/install/wyrm_msgs/share/wyrm_msgs/package.sh'
[2.580s] INFO:colcon.colcon_core.shell:Creating package script '/home/ws/install/wyrm_msgs/share/wyrm_msgs/package.bash'
[2.581s] INFO:colcon.colcon_core.shell:Creating package script '/home/ws/install/wyrm_msgs/share/wyrm_msgs/package.zsh'
[2.581s] Level 1:colcon.colcon_core.environment:create_file_with_runtime_dependencies(/home/ws/install/wyrm_msgs/share/colcon-core/packages/wyrm_msgs)
[2.582s] Level 1:colcon.colcon_core.environment:create_environment_scripts_only(wyrm_msgs)
[2.582s] Level 1:colcon.colcon_core.environment:checking '/home/ws/install/wyrm_msgs' for CMake module files
[2.582s] Level 1:colcon.colcon_core.environment:checking '/home/ws/install/wyrm_msgs' for CMake config files
[2.583s] Level 1:colcon.colcon_core.shell:create_environment_hook('wyrm_msgs', 'cmake_prefix_path')
[2.583s] INFO:colcon.colcon_core.shell:Creating environment hook '/home/ws/install/wyrm_msgs/share/wyrm_msgs/hook/cmake_prefix_path.ps1'
[2.583s] INFO:colcon.colcon_core.shell:Creating environment descriptor '/home/ws/install/wyrm_msgs/share/wyrm_msgs/hook/cmake_prefix_path.dsv'
[2.583s] INFO:colcon.colcon_core.shell:Creating environment hook '/home/ws/install/wyrm_msgs/share/wyrm_msgs/hook/cmake_prefix_path.sh'
[2.584s] Level 1:colcon.colcon_core.environment:checking '/home/ws/install/wyrm_msgs/lib'
[2.584s] Level 1:colcon.colcon_core.shell:create_environment_hook('wyrm_msgs', 'ld_library_path_lib')
[2.584s] INFO:colcon.colcon_core.shell:Creating environment hook '/home/ws/install/wyrm_msgs/share/wyrm_msgs/hook/ld_library_path_lib.ps1'
[2.584s] INFO:colcon.colcon_core.shell:Creating environment descriptor '/home/ws/install/wyrm_msgs/share/wyrm_msgs/hook/ld_library_path_lib.dsv'
[2.584s] INFO:colcon.colcon_core.shell:Creating environment hook '/home/ws/install/wyrm_msgs/share/wyrm_msgs/hook/ld_library_path_lib.sh'
[2.585s] Level 1:colcon.colcon_core.environment:checking '/home/ws/install/wyrm_msgs/bin'
[2.585s] Level 1:colcon.colcon_core.environment:checking '/home/ws/install/wyrm_msgs/lib/pkgconfig/wyrm_msgs.pc'
[2.585s] Level 1:colcon.colcon_core.environment:checking '/home/ws/install/wyrm_msgs/lib/python3.10/site-packages'
[2.585s] Level 1:colcon.colcon_core.environment:checking '/home/ws/install/wyrm_msgs/bin'
[2.585s] INFO:colcon.colcon_core.shell:Creating package script '/home/ws/install/wyrm_msgs/share/wyrm_msgs/package.ps1'
[2.586s] INFO:colcon.colcon_core.shell:Creating package descriptor '/home/ws/install/wyrm_msgs/share/wyrm_msgs/package.dsv'
[2.586s] INFO:colcon.colcon_core.shell:Creating package script '/home/ws/install/wyrm_msgs/share/wyrm_msgs/package.sh'
[2.587s] INFO:colcon.colcon_core.shell:Creating package script '/home/ws/install/wyrm_msgs/share/wyrm_msgs/package.bash'
[2.587s] INFO:colcon.colcon_core.shell:Creating package script '/home/ws/install/wyrm_msgs/share/wyrm_msgs/package.zsh'
[2.587s] Level 1:colcon.colcon_core.environment:create_file_with_runtime_dependencies(/home/ws/install/wyrm_msgs/share/colcon-core/packages/wyrm_msgs)
[2.587s] DEBUG:colcon.colcon_parallel_executor.executor.parallel:closing loop
[2.588s] DEBUG:colcon.colcon_parallel_executor.executor.parallel:loop closed
[2.588s] DEBUG:colcon.colcon_parallel_executor.executor.parallel:run_until_complete finished with '0'
[2.588s] DEBUG:colcon.colcon_core.event_reactor:joining thread
[2.591s] INFO:colcon.colcon_core.plugin_system:Skipping extension 'colcon_notification.desktop_notification.notify_send': Could not find 'notify-send'
[2.591s] INFO:colcon.colcon_core.plugin_system:Skipping extension 'colcon_notification.desktop_notification.terminal_notifier': Not used on non-Darwin systems
[2.591s] INFO:colcon.colcon_core.plugin_system:Skipping extension 'colcon_notification.desktop_notification.win32': Not used on non-Windows systems
[2.591s] INFO:colcon.colcon_notification.desktop_notification:Sending desktop notification using 'notify2'
[2.593s] DEBUG:colcon.colcon_notification.desktop_notification.notify2:Failed to initialize notify2: org.freedesktop.DBus.Error.Spawn.ExecFailed: /usr/bin/dbus-launch terminated abnormally without any error message
[2.593s] DEBUG:colcon.colcon_core.event_reactor:joined thread
[2.593s] INFO:colcon.colcon_core.shell:Creating prefix script '/home/ws/install/local_setup.ps1'
[2.594s] INFO:colcon.colcon_core.shell:Creating prefix util module '/home/ws/install/_local_setup_util_ps1.py'
[2.595s] INFO:colcon.colcon_core.shell:Creating prefix chain script '/home/ws/install/setup.ps1'
[2.596s] INFO:colcon.colcon_core.shell:Creating prefix script '/home/ws/install/local_setup.sh'
[2.596s] INFO:colcon.colcon_core.shell:Creating prefix util module '/home/ws/install/_local_setup_util_sh.py'
[2.597s] INFO:colcon.colcon_core.shell:Creating prefix chain script '/home/ws/install/setup.sh'
[2.597s] INFO:colcon.colcon_core.shell:Creating prefix script '/home/ws/install/local_setup.bash'
[2.597s] INFO:colcon.colcon_core.shell:Creating prefix chain script '/home/ws/install/setup.bash'
[2.598s] INFO:colcon.colcon_core.shell:Creating prefix script '/home/ws/install/local_setup.zsh'
[2.598s] INFO:colcon.colcon_core.shell:Creating prefix chain script '/home/ws/install/setup.zsh'
