[  2%] [34m[1mGenerating C code for ROS interfaces[0m
[  6%] [34m[1mGenerating C++ code for ROS interfaces[0m
[  6%] [34m[1mGenerating Rust code for ROS interfaces[0m
[  6%] Built target ament_cmake_python_copy_wyrm_msgs
running egg_info
writing wyrm_msgs.egg-info/PKG-INFO
writing dependency_links to wyrm_msgs.egg-info/dependency_links.txt
writing top-level names to wyrm_msgs.egg-info/top_level.txt
reading manifest file 'wyrm_msgs.egg-info/SOURCES.txt'
writing manifest file 'wyrm_msgs.egg-info/SOURCES.txt'
[  6%] Built target ament_cmake_python_build_wyrm_msgs_egg
[  6%] Built target wyrm_msgs__rs
[ 10%] [32mBuilding C object CMakeFiles/wyrm_msgs__rosidl_generator_c.dir/rosidl_generator_c/wyrm_msgs/msg/detail/description__functions.c.o[0m
[ 10%] [32mBuilding C object CMakeFiles/wyrm_msgs__rosidl_generator_c.dir/rosidl_generator_c/wyrm_msgs/msg/detail/rigid_body__functions.c.o[0m
[ 12%] [32mBuilding C object CMakeFiles/wyrm_msgs__rosidl_generator_c.dir/rosidl_generator_c/wyrm_msgs/msg/detail/frame__functions.c.o[0m
[ 12%] Built target wyrm_msgs__cpp
[ 14%] [34m[1mGenerating C++ type support for eProsima Fast-RTPS[0m
[ 16%] [34m[1mGenerating C++ introspection for ROS interfaces[0m
[ 18%] [34m[1mGenerating C++ type support dispatch for ROS interfaces[0m
[ 20%] [32m[1mLinking C shared library libwyrm_msgs__rosidl_generator_c.so[0m
[ 20%] Built target wyrm_msgs__rosidl_generator_c
[ 27%] [34m[1mGenerating C type support for eProsima Fast-RTPS[0m
[ 27%] [34m[1mGenerating C type support dispatch for ROS interfaces[0m
[ 27%] [34m[1mGenerating C introspection for ROS interfaces[0m
[ 33%] [32mBuilding CXX object CMakeFiles/wyrm_msgs__rosidl_typesupport_cpp.dir/rosidl_typesupport_cpp/wyrm_msgs/msg/rigid_body__type_support.cpp.o[0m
[ 33%] [32mBuilding CXX object CMakeFiles/wyrm_msgs__rosidl_typesupport_cpp.dir/rosidl_typesupport_cpp/wyrm_msgs/msg/frame__type_support.cpp.o[0m
[ 33%] [32mBuilding CXX object CMakeFiles/wyrm_msgs__rosidl_typesupport_cpp.dir/rosidl_typesupport_cpp/wyrm_msgs/msg/description__type_support.cpp.o[0m
[ 35%] [32mBuilding CXX object CMakeFiles/wyrm_msgs__rosidl_typesupport_fastrtps_cpp.dir/rosidl_typesupport_fastrtps_cpp/wyrm_msgs/msg/detail/dds_fastrtps/description__type_support.cpp.o[0m
[ 37%] [32mBuilding CXX object CMakeFiles/wyrm_msgs__rosidl_typesupport_introspection_cpp.dir/rosidl_typesupport_introspection_cpp/wyrm_msgs/msg/detail/frame__type_support.cpp.o[0m
[ 39%] [32mBuilding CXX object CMakeFiles/wyrm_msgs__rosidl_typesupport_introspection_cpp.dir/rosidl_typesupport_introspection_cpp/wyrm_msgs/msg/detail/rigid_body__type_support.cpp.o[0m
[ 41%] [32mBuilding CXX object CMakeFiles/wyrm_msgs__rosidl_typesupport_introspection_cpp.dir/rosidl_typesupport_introspection_cpp/wyrm_msgs/msg/detail/description__type_support.cpp.o[0m
[ 43%] [32mBuilding CXX object CMakeFiles/wyrm_msgs__rosidl_typesupport_fastrtps_cpp.dir/rosidl_typesupport_fastrtps_cpp/wyrm_msgs/msg/detail/dds_fastrtps/rigid_body__type_support.cpp.o[0m
[ 45%] [32mBuilding CXX object CMakeFiles/wyrm_msgs__rosidl_typesupport_fastrtps_cpp.dir/rosidl_typesupport_fastrtps_cpp/wyrm_msgs/msg/detail/dds_fastrtps/frame__type_support.cpp.o[0m
[ 47%] [32mBuilding CXX object CMakeFiles/wyrm_msgs__rosidl_typesupport_c.dir/rosidl_typesupport_c/wyrm_msgs/msg/description__type_support.cpp.o[0m
[ 50%] [32mBuilding CXX object CMakeFiles/wyrm_msgs__rosidl_typesupport_c.dir/rosidl_typesupport_c/wyrm_msgs/msg/rigid_body__type_support.cpp.o[0m
[ 52%] [32mBuilding CXX object CMakeFiles/wyrm_msgs__rosidl_typesupport_c.dir/rosidl_typesupport_c/wyrm_msgs/msg/frame__type_support.cpp.o[0m
[ 54%] [32m[1mLinking CXX shared library libwyrm_msgs__rosidl_typesupport_c.so[0m
[ 56%] [32mBuilding C object CMakeFiles/wyrm_msgs__rosidl_typesupport_introspection_c.dir/rosidl_typesupport_introspection_c/wyrm_msgs/msg/detail/rigid_body__type_support.c.o[0m
[ 58%] [32mBuilding C object CMakeFiles/wyrm_msgs__rosidl_typesupport_introspection_c.dir/rosidl_typesupport_introspection_c/wyrm_msgs/msg/detail/frame__type_support.c.o[0m
[ 60%] [32mBuilding C object CMakeFiles/wyrm_msgs__rosidl_typesupport_introspection_c.dir/rosidl_typesupport_introspection_c/wyrm_msgs/msg/detail/description__type_support.c.o[0m
[ 62%] [32mBuilding CXX object CMakeFiles/wyrm_msgs__rosidl_typesupport_fastrtps_c.dir/rosidl_typesupport_fastrtps_c/wyrm_msgs/msg/detail/description__type_support_c.cpp.o[0m
[ 64%] [32mBuilding CXX object CMakeFiles/wyrm_msgs__rosidl_typesupport_fastrtps_c.dir/rosidl_typesupport_fastrtps_c/wyrm_msgs/msg/detail/frame__type_support_c.cpp.o[0m
[ 66%] [32mBuilding CXX object CMakeFiles/wyrm_msgs__rosidl_typesupport_fastrtps_c.dir/rosidl_typesupport_fastrtps_c/wyrm_msgs/msg/detail/rigid_body__type_support_c.cpp.o[0m
[ 66%] Built target wyrm_msgs__rosidl_typesupport_c
[ 68%] [32m[1mLinking C shared library libwyrm_msgs__rosidl_typesupport_introspection_c.so[0m
[ 70%] [32m[1mLinking CXX shared library libwyrm_msgs__rosidl_typesupport_cpp.so[0m
[ 70%] Built target wyrm_msgs__rosidl_typesupport_introspection_c
[ 70%] Built target wyrm_msgs__rosidl_typesupport_cpp
[ 72%] [32m[1mLinking CXX shared library libwyrm_msgs__rosidl_typesupport_introspection_cpp.so[0m
[ 75%] [32m[1mLinking CXX shared library libwyrm_msgs__rosidl_typesupport_fastrtps_cpp.so[0m
[ 75%] Built target wyrm_msgs__rosidl_typesupport_introspection_cpp
[ 77%] [32m[1mLinking CXX shared library libwyrm_msgs__rosidl_typesupport_fastrtps_c.so[0m
[ 77%] Built target wyrm_msgs__rosidl_typesupport_fastrtps_cpp
[ 77%] Built target wyrm_msgs__rosidl_typesupport_fastrtps_c
[ 77%] Built target wyrm_msgs
[ 79%] [34m[1mGenerating Python code for ROS interfaces[0m
[ 79%] Built target wyrm_msgs__py
[ 81%] [32mBuilding C object CMakeFiles/wyrm_msgs__rosidl_generator_py.dir/rosidl_generator_py/wyrm_msgs/msg/_description_s.c.o[0m
[ 83%] [32mBuilding C object CMakeFiles/wyrm_msgs__rosidl_generator_py.dir/rosidl_generator_py/wyrm_msgs/msg/_rigid_body_s.c.o[0m
[ 85%] [32mBuilding C object CMakeFiles/wyrm_msgs__rosidl_generator_py.dir/rosidl_generator_py/wyrm_msgs/msg/_frame_s.c.o[0m
[ 87%] [32m[1mLinking C shared library rosidl_generator_py/wyrm_msgs/libwyrm_msgs__rosidl_generator_py.so[0m
[ 87%] Built target wyrm_msgs__rosidl_generator_py
[ 89%] [32mBuilding C object CMakeFiles/wyrm_msgs__rosidl_typesupport_c__pyext.dir/rosidl_generator_py/wyrm_msgs/_wyrm_msgs_s.ep.rosidl_typesupport_c.c.o[0m
[ 93%] [32mBuilding C object CMakeFiles/wyrm_msgs__rosidl_typesupport_fastrtps_c__pyext.dir/rosidl_generator_py/wyrm_msgs/_wyrm_msgs_s.ep.rosidl_typesupport_fastrtps_c.c.o[0m
[ 93%] [32mBuilding C object CMakeFiles/wyrm_msgs__rosidl_typesupport_introspection_c__pyext.dir/rosidl_generator_py/wyrm_msgs/_wyrm_msgs_s.ep.rosidl_typesupport_introspection_c.c.o[0m
[ 95%] [32m[1mLinking C shared library rosidl_generator_py/wyrm_msgs/wyrm_msgs_s__rosidl_typesupport_introspection_c.cpython-310-x86_64-linux-gnu.so[0m
[ 97%] [32m[1mLinking C shared library rosidl_generator_py/wyrm_msgs/wyrm_msgs_s__rosidl_typesupport_c.cpython-310-x86_64-linux-gnu.so[0m
[100%] [32m[1mLinking C shared library rosidl_generator_py/wyrm_msgs/wyrm_msgs_s__rosidl_typesupport_fastrtps_c.cpython-310-x86_64-linux-gnu.so[0m
[100%] Built target wyrm_msgs__rosidl_typesupport_introspection_c__pyext
[100%] Built target wyrm_msgs__rosidl_typesupport_fastrtps_c__pyext
[100%] Built target wyrm_msgs__rosidl_typesupport_c__pyext
-- Install configuration: ""
-- Up-to-date: /home/ws/install/wyrm_msgs/share/ament_index/resource_index/rosidl_interfaces/wyrm_msgs
-- Up-to-date: /home/ws/install/wyrm_msgs/include/wyrm_msgs/wyrm_msgs
-- Up-to-date: /home/ws/install/wyrm_msgs/include/wyrm_msgs/wyrm_msgs/msg
-- Up-to-date: /home/ws/install/wyrm_msgs/include/wyrm_msgs/wyrm_msgs/msg/rosidl_generator_c__visibility_control.h
-- Up-to-date: /home/ws/install/wyrm_msgs/include/wyrm_msgs/wyrm_msgs/msg/detail
-- Installing: /home/ws/install/wyrm_msgs/include/wyrm_msgs/wyrm_msgs/msg/detail/frame__type_support.h
-- Installing: /home/ws/install/wyrm_msgs/include/wyrm_msgs/wyrm_msgs/msg/detail/frame__functions.h
-- Installing: /home/ws/install/wyrm_msgs/include/wyrm_msgs/wyrm_msgs/msg/detail/rigid_body__struct.h
-- Installing: /home/ws/install/wyrm_msgs/include/wyrm_msgs/wyrm_msgs/msg/detail/frame__struct.h
-- Installing: /home/ws/install/wyrm_msgs/include/wyrm_msgs/wyrm_msgs/msg/detail/rigid_body__type_support.h
-- Installing: /home/ws/install/wyrm_msgs/include/wyrm_msgs/wyrm_msgs/msg/detail/description__type_support.h
-- Installing: /home/ws/install/wyrm_msgs/include/wyrm_msgs/wyrm_msgs/msg/detail/description__struct.h
-- Installing: /home/ws/install/wyrm_msgs/include/wyrm_msgs/wyrm_msgs/msg/detail/frame__functions.c
-- Installing: /home/ws/install/wyrm_msgs/include/wyrm_msgs/wyrm_msgs/msg/detail/rigid_body__functions.h
-- Installing: /home/ws/install/wyrm_msgs/include/wyrm_msgs/wyrm_msgs/msg/detail/description__functions.h
-- Installing: /home/ws/install/wyrm_msgs/include/wyrm_msgs/wyrm_msgs/msg/detail/rigid_body__functions.c
-- Installing: /home/ws/install/wyrm_msgs/include/wyrm_msgs/wyrm_msgs/msg/detail/description__functions.c
-- Installing: /home/ws/install/wyrm_msgs/include/wyrm_msgs/wyrm_msgs/msg/frame.h
-- Installing: /home/ws/install/wyrm_msgs/include/wyrm_msgs/wyrm_msgs/msg/rigid_body.h
-- Installing: /home/ws/install/wyrm_msgs/include/wyrm_msgs/wyrm_msgs/msg/description.h
-- Up-to-date: /home/ws/install/wyrm_msgs/share/wyrm_msgs/environment/library_path.sh
-- Up-to-date: /home/ws/install/wyrm_msgs/share/wyrm_msgs/environment/library_path.dsv
-- Installing: /home/ws/install/wyrm_msgs/lib/libwyrm_msgs__rosidl_generator_c.so
-- Set runtime path of "/home/ws/install/wyrm_msgs/lib/libwyrm_msgs__rosidl_generator_c.so" to ""
-- Up-to-date: /home/ws/install/wyrm_msgs/include/wyrm_msgs/wyrm_msgs
-- Up-to-date: /home/ws/install/wyrm_msgs/include/wyrm_msgs/wyrm_msgs/msg
-- Up-to-date: /home/ws/install/wyrm_msgs/include/wyrm_msgs/wyrm_msgs/msg/rosidl_typesupport_fastrtps_c__visibility_control.h
-- Up-to-date: /home/ws/install/wyrm_msgs/include/wyrm_msgs/wyrm_msgs/msg/detail
-- Installing: /home/ws/install/wyrm_msgs/include/wyrm_msgs/wyrm_msgs/msg/detail/frame__rosidl_typesupport_fastrtps_c.h
-- Installing: /home/ws/install/wyrm_msgs/include/wyrm_msgs/wyrm_msgs/msg/detail/description__rosidl_typesupport_fastrtps_c.h
-- Installing: /home/ws/install/wyrm_msgs/include/wyrm_msgs/wyrm_msgs/msg/detail/rigid_body__rosidl_typesupport_fastrtps_c.h
-- Installing: /home/ws/install/wyrm_msgs/lib/libwyrm_msgs__rosidl_typesupport_fastrtps_c.so
-- Set runtime path of "/home/ws/install/wyrm_msgs/lib/libwyrm_msgs__rosidl_typesupport_fastrtps_c.so" to ""
-- Up-to-date: /home/ws/install/wyrm_msgs/include/wyrm_msgs/wyrm_msgs
-- Up-to-date: /home/ws/install/wyrm_msgs/include/wyrm_msgs/wyrm_msgs/msg
-- Up-to-date: /home/ws/install/wyrm_msgs/include/wyrm_msgs/wyrm_msgs/msg/detail
-- Installing: /home/ws/install/wyrm_msgs/include/wyrm_msgs/wyrm_msgs/msg/detail/frame__type_support.c
-- Installing: /home/ws/install/wyrm_msgs/include/wyrm_msgs/wyrm_msgs/msg/detail/rigid_body__type_support.c
-- Installing: /home/ws/install/wyrm_msgs/include/wyrm_msgs/wyrm_msgs/msg/detail/rigid_body__rosidl_typesupport_introspection_c.h
-- Installing: /home/ws/install/wyrm_msgs/include/wyrm_msgs/wyrm_msgs/msg/detail/frame__rosidl_typesupport_introspection_c.h
-- Installing: /home/ws/install/wyrm_msgs/include/wyrm_msgs/wyrm_msgs/msg/detail/description__type_support.c
-- Installing: /home/ws/install/wyrm_msgs/include/wyrm_msgs/wyrm_msgs/msg/detail/description__rosidl_typesupport_introspection_c.h
-- Up-to-date: /home/ws/install/wyrm_msgs/include/wyrm_msgs/wyrm_msgs/msg/rosidl_typesupport_introspection_c__visibility_control.h
-- Installing: /home/ws/install/wyrm_msgs/lib/libwyrm_msgs__rosidl_typesupport_introspection_c.so
-- Set runtime path of "/home/ws/install/wyrm_msgs/lib/libwyrm_msgs__rosidl_typesupport_introspection_c.so" to ""
-- Installing: /home/ws/install/wyrm_msgs/lib/libwyrm_msgs__rosidl_typesupport_c.so
-- Set runtime path of "/home/ws/install/wyrm_msgs/lib/libwyrm_msgs__rosidl_typesupport_c.so" to ""
-- Up-to-date: /home/ws/install/wyrm_msgs/include/wyrm_msgs/wyrm_msgs
-- Up-to-date: /home/ws/install/wyrm_msgs/include/wyrm_msgs/wyrm_msgs/msg
-- Installing: /home/ws/install/wyrm_msgs/include/wyrm_msgs/wyrm_msgs/msg/frame.hpp
-- Installing: /home/ws/install/wyrm_msgs/include/wyrm_msgs/wyrm_msgs/msg/rigid_body.hpp
-- Up-to-date: /home/ws/install/wyrm_msgs/include/wyrm_msgs/wyrm_msgs/msg/detail
-- Installing: /home/ws/install/wyrm_msgs/include/wyrm_msgs/wyrm_msgs/msg/detail/description__type_support.hpp
-- Installing: /home/ws/install/wyrm_msgs/include/wyrm_msgs/wyrm_msgs/msg/detail/description__struct.hpp
-- Installing: /home/ws/install/wyrm_msgs/include/wyrm_msgs/wyrm_msgs/msg/detail/frame__type_support.hpp
-- Installing: /home/ws/install/wyrm_msgs/include/wyrm_msgs/wyrm_msgs/msg/detail/description__builder.hpp
-- Installing: /home/ws/install/wyrm_msgs/include/wyrm_msgs/wyrm_msgs/msg/detail/rigid_body__traits.hpp
-- Installing: /home/ws/install/wyrm_msgs/include/wyrm_msgs/wyrm_msgs/msg/detail/description__traits.hpp
-- Installing: /home/ws/install/wyrm_msgs/include/wyrm_msgs/wyrm_msgs/msg/detail/rigid_body__builder.hpp
-- Installing: /home/ws/install/wyrm_msgs/include/wyrm_msgs/wyrm_msgs/msg/detail/rigid_body__struct.hpp
-- Installing: /home/ws/install/wyrm_msgs/include/wyrm_msgs/wyrm_msgs/msg/detail/rigid_body__type_support.hpp
-- Installing: /home/ws/install/wyrm_msgs/include/wyrm_msgs/wyrm_msgs/msg/detail/frame__traits.hpp
-- Installing: /home/ws/install/wyrm_msgs/include/wyrm_msgs/wyrm_msgs/msg/detail/frame__struct.hpp
-- Installing: /home/ws/install/wyrm_msgs/include/wyrm_msgs/wyrm_msgs/msg/detail/frame__builder.hpp
-- Installing: /home/ws/install/wyrm_msgs/include/wyrm_msgs/wyrm_msgs/msg/description.hpp
-- Up-to-date: /home/ws/install/wyrm_msgs/include/wyrm_msgs/wyrm_msgs/msg/rosidl_generator_cpp__visibility_control.hpp
-- Up-to-date: /home/ws/install/wyrm_msgs/include/wyrm_msgs/wyrm_msgs
-- Up-to-date: /home/ws/install/wyrm_msgs/include/wyrm_msgs/wyrm_msgs/msg
-- Up-to-date: /home/ws/install/wyrm_msgs/include/wyrm_msgs/wyrm_msgs/msg/detail
-- Installing: /home/ws/install/wyrm_msgs/include/wyrm_msgs/wyrm_msgs/msg/detail/description__rosidl_typesupport_fastrtps_cpp.hpp
-- Up-to-date: /home/ws/install/wyrm_msgs/include/wyrm_msgs/wyrm_msgs/msg/detail/dds_fastrtps
-- Installing: /home/ws/install/wyrm_msgs/include/wyrm_msgs/wyrm_msgs/msg/detail/frame__rosidl_typesupport_fastrtps_cpp.hpp
-- Installing: /home/ws/install/wyrm_msgs/include/wyrm_msgs/wyrm_msgs/msg/detail/rigid_body__rosidl_typesupport_fastrtps_cpp.hpp
-- Up-to-date: /home/ws/install/wyrm_msgs/include/wyrm_msgs/wyrm_msgs/msg/rosidl_typesupport_fastrtps_cpp__visibility_control.h
-- Installing: /home/ws/install/wyrm_msgs/lib/libwyrm_msgs__rosidl_typesupport_fastrtps_cpp.so
-- Set runtime path of "/home/ws/install/wyrm_msgs/lib/libwyrm_msgs__rosidl_typesupport_fastrtps_cpp.so" to ""
-- Up-to-date: /home/ws/install/wyrm_msgs/include/wyrm_msgs/wyrm_msgs
-- Up-to-date: /home/ws/install/wyrm_msgs/include/wyrm_msgs/wyrm_msgs/msg
-- Up-to-date: /home/ws/install/wyrm_msgs/include/wyrm_msgs/wyrm_msgs/msg/detail
-- Installing: /home/ws/install/wyrm_msgs/include/wyrm_msgs/wyrm_msgs/msg/detail/frame__type_support.cpp
-- Installing: /home/ws/install/wyrm_msgs/include/wyrm_msgs/wyrm_msgs/msg/detail/rigid_body__rosidl_typesupport_introspection_cpp.hpp
-- Installing: /home/ws/install/wyrm_msgs/include/wyrm_msgs/wyrm_msgs/msg/detail/rigid_body__type_support.cpp
-- Installing: /home/ws/install/wyrm_msgs/include/wyrm_msgs/wyrm_msgs/msg/detail/frame__rosidl_typesupport_introspection_cpp.hpp
-- Installing: /home/ws/install/wyrm_msgs/include/wyrm_msgs/wyrm_msgs/msg/detail/description__type_support.cpp
-- Installing: /home/ws/install/wyrm_msgs/include/wyrm_msgs/wyrm_msgs/msg/detail/description__rosidl_typesupport_introspection_cpp.hpp
-- Installing: /home/ws/install/wyrm_msgs/lib/libwyrm_msgs__rosidl_typesupport_introspection_cpp.so
-- Set runtime path of "/home/ws/install/wyrm_msgs/lib/libwyrm_msgs__rosidl_typesupport_introspection_cpp.so" to ""
-- Installing: /home/ws/install/wyrm_msgs/lib/libwyrm_msgs__rosidl_typesupport_cpp.so
-- Set runtime path of "/home/ws/install/wyrm_msgs/lib/libwyrm_msgs__rosidl_typesupport_cpp.so" to ""
-- Up-to-date: /home/ws/install/wyrm_msgs/share/wyrm_msgs/environment/pythonpath.sh
-- Up-to-date: /home/ws/install/wyrm_msgs/share/wyrm_msgs/environment/pythonpath.dsv
-- Up-to-date: /home/ws/install/wyrm_msgs/local/lib/python3.10/dist-packages/wyrm_msgs-1.0.0-py3.10.egg-info
-- Installing: /home/ws/install/wyrm_msgs/local/lib/python3.10/dist-packages/wyrm_msgs-1.0.0-py3.10.egg-info/SOURCES.txt
-- Installing: /home/ws/install/wyrm_msgs/local/lib/python3.10/dist-packages/wyrm_msgs-1.0.0-py3.10.egg-info/PKG-INFO
-- Installing: /home/ws/install/wyrm_msgs/local/lib/python3.10/dist-packages/wyrm_msgs-1.0.0-py3.10.egg-info/top_level.txt
-- Installing: /home/ws/install/wyrm_msgs/local/lib/python3.10/dist-packages/wyrm_msgs-1.0.0-py3.10.egg-info/dependency_links.txt
-- Up-to-date: /home/ws/install/wyrm_msgs/local/lib/python3.10/dist-packages/wyrm_msgs
-- Installing: /home/ws/install/wyrm_msgs/local/lib/python3.10/dist-packages/wyrm_msgs/wyrm_msgs_s__rosidl_typesupport_introspection_c.cpython-310-x86_64-linux-gnu.so
-- Installing: /home/ws/install/wyrm_msgs/local/lib/python3.10/dist-packages/wyrm_msgs/libwyrm_msgs__rosidl_generator_py.so
-- Up-to-date: /home/ws/install/wyrm_msgs/local/lib/python3.10/dist-packages/wyrm_msgs/msg
-- Installing: /home/ws/install/wyrm_msgs/local/lib/python3.10/dist-packages/wyrm_msgs/msg/_frame_s.c
-- Installing: /home/ws/install/wyrm_msgs/local/lib/python3.10/dist-packages/wyrm_msgs/msg/_description.py
-- Installing: /home/ws/install/wyrm_msgs/local/lib/python3.10/dist-packages/wyrm_msgs/msg/_description_s.c
-- Installing: /home/ws/install/wyrm_msgs/local/lib/python3.10/dist-packages/wyrm_msgs/msg/__init__.py
-- Installing: /home/ws/install/wyrm_msgs/local/lib/python3.10/dist-packages/wyrm_msgs/msg/_rigid_body_s.c
-- Installing: /home/ws/install/wyrm_msgs/local/lib/python3.10/dist-packages/wyrm_msgs/msg/_rigid_body.py
-- Installing: /home/ws/install/wyrm_msgs/local/lib/python3.10/dist-packages/wyrm_msgs/msg/_frame.py
-- Installing: /home/ws/install/wyrm_msgs/local/lib/python3.10/dist-packages/wyrm_msgs/wyrm_msgs_s__rosidl_typesupport_c.cpython-310-x86_64-linux-gnu.so
-- Installing: /home/ws/install/wyrm_msgs/local/lib/python3.10/dist-packages/wyrm_msgs/wyrm_msgs_s__rosidl_typesupport_fastrtps_c.cpython-310-x86_64-linux-gnu.so
-- Up-to-date: /home/ws/install/wyrm_msgs/local/lib/python3.10/dist-packages/wyrm_msgs/__init__.py
-- Installing: /home/ws/install/wyrm_msgs/local/lib/python3.10/dist-packages/wyrm_msgs/_wyrm_msgs_s.ep.rosidl_typesupport_introspection_c.c
-- Installing: /home/ws/install/wyrm_msgs/local/lib/python3.10/dist-packages/wyrm_msgs/_wyrm_msgs_s.ep.rosidl_typesupport_fastrtps_c.c
-- Installing: /home/ws/install/wyrm_msgs/local/lib/python3.10/dist-packages/wyrm_msgs/_wyrm_msgs_s.ep.rosidl_typesupport_c.c
Listing '/home/ws/install/wyrm_msgs/local/lib/python3.10/dist-packages/wyrm_msgs'...
Listing '/home/ws/install/wyrm_msgs/local/lib/python3.10/dist-packages/wyrm_msgs/msg'...
Compiling '/home/ws/install/wyrm_msgs/local/lib/python3.10/dist-packages/wyrm_msgs/msg/__init__.py'...
Compiling '/home/ws/install/wyrm_msgs/local/lib/python3.10/dist-packages/wyrm_msgs/msg/_description.py'...
Compiling '/home/ws/install/wyrm_msgs/local/lib/python3.10/dist-packages/wyrm_msgs/msg/_frame.py'...
Compiling '/home/ws/install/wyrm_msgs/local/lib/python3.10/dist-packages/wyrm_msgs/msg/_rigid_body.py'...
-- Installing: /home/ws/install/wyrm_msgs/local/lib/python3.10/dist-packages/wyrm_msgs/wyrm_msgs_s__rosidl_typesupport_fastrtps_c.cpython-310-x86_64-linux-gnu.so
-- Set runtime path of "/home/ws/install/wyrm_msgs/local/lib/python3.10/dist-packages/wyrm_msgs/wyrm_msgs_s__rosidl_typesupport_fastrtps_c.cpython-310-x86_64-linux-gnu.so" to ""
-- Installing: /home/ws/install/wyrm_msgs/local/lib/python3.10/dist-packages/wyrm_msgs/wyrm_msgs_s__rosidl_typesupport_introspection_c.cpython-310-x86_64-linux-gnu.so
-- Set runtime path of "/home/ws/install/wyrm_msgs/local/lib/python3.10/dist-packages/wyrm_msgs/wyrm_msgs_s__rosidl_typesupport_introspection_c.cpython-310-x86_64-linux-gnu.so" to ""
-- Installing: /home/ws/install/wyrm_msgs/local/lib/python3.10/dist-packages/wyrm_msgs/wyrm_msgs_s__rosidl_typesupport_c.cpython-310-x86_64-linux-gnu.so
-- Set runtime path of "/home/ws/install/wyrm_msgs/local/lib/python3.10/dist-packages/wyrm_msgs/wyrm_msgs_s__rosidl_typesupport_c.cpython-310-x86_64-linux-gnu.so" to ""
-- Installing: /home/ws/install/wyrm_msgs/lib/libwyrm_msgs__rosidl_generator_py.so
-- Set runtime path of "/home/ws/install/wyrm_msgs/lib/libwyrm_msgs__rosidl_generator_py.so" to ""
-- Up-to-date: /home/ws/install/wyrm_msgs/share/ament_index/resource_index/rust_packages/wyrm_msgs
-- Up-to-date: /home/ws/install/wyrm_msgs/share/wyrm_msgs/rust
-- Installing: /home/ws/install/wyrm_msgs/share/wyrm_msgs/rust/build.rs
-- Installing: /home/ws/install/wyrm_msgs/share/wyrm_msgs/rust/Cargo.toml
-- Up-to-date: /home/ws/install/wyrm_msgs/share/wyrm_msgs/rust/src
-- Installing: /home/ws/install/wyrm_msgs/share/wyrm_msgs/rust/src/lib.rs
-- Up-to-date: /home/ws/install/wyrm_msgs/share/wyrm_msgs/rust/src/msg
-- Installing: /home/ws/install/wyrm_msgs/share/wyrm_msgs/rust/src/msg/rmw.rs
-- Installing: /home/ws/install/wyrm_msgs/share/wyrm_msgs/rust/src/msg.rs
-- Installing: /home/ws/install/wyrm_msgs/share/wyrm_msgs/msg/Description.idl
-- Up-to-date: /home/ws/install/wyrm_msgs/share/wyrm_msgs/msg/RigidBody.idl
-- Up-to-date: /home/ws/install/wyrm_msgs/share/wyrm_msgs/msg/Frame.idl
-- Up-to-date: /home/ws/install/wyrm_msgs/share/wyrm_msgs/msg/Description.msg
-- Up-to-date: /home/ws/install/wyrm_msgs/share/wyrm_msgs/msg/RigidBody.msg
-- Up-to-date: /home/ws/install/wyrm_msgs/share/wyrm_msgs/msg/Frame.msg
-- Up-to-date: /home/ws/install/wyrm_msgs/share/ament_index/resource_index/package_run_dependencies/wyrm_msgs
-- Up-to-date: /home/ws/install/wyrm_msgs/share/ament_index/resource_index/parent_prefix_path/wyrm_msgs
-- Up-to-date: /home/ws/install/wyrm_msgs/share/wyrm_msgs/environment/ament_prefix_path.sh
-- Up-to-date: /home/ws/install/wyrm_msgs/share/wyrm_msgs/environment/ament_prefix_path.dsv
-- Up-to-date: /home/ws/install/wyrm_msgs/share/wyrm_msgs/environment/path.sh
-- Up-to-date: /home/ws/install/wyrm_msgs/share/wyrm_msgs/environment/path.dsv
-- Up-to-date: /home/ws/install/wyrm_msgs/share/wyrm_msgs/local_setup.bash
-- Up-to-date: /home/ws/install/wyrm_msgs/share/wyrm_msgs/local_setup.sh
-- Up-to-date: /home/ws/install/wyrm_msgs/share/wyrm_msgs/local_setup.zsh
-- Up-to-date: /home/ws/install/wyrm_msgs/share/wyrm_msgs/local_setup.dsv
-- Installing: /home/ws/install/wyrm_msgs/share/wyrm_msgs/package.dsv
-- Up-to-date: /home/ws/install/wyrm_msgs/share/ament_index/resource_index/packages/wyrm_msgs
-- Up-to-date: /home/ws/install/wyrm_msgs/share/wyrm_msgs/cmake/export_wyrm_msgs__rosidl_generator_cExport.cmake
-- Up-to-date: /home/ws/install/wyrm_msgs/share/wyrm_msgs/cmake/export_wyrm_msgs__rosidl_generator_cExport-noconfig.cmake
-- Up-to-date: /home/ws/install/wyrm_msgs/share/wyrm_msgs/cmake/export_wyrm_msgs__rosidl_typesupport_fastrtps_cExport.cmake
-- Up-to-date: /home/ws/install/wyrm_msgs/share/wyrm_msgs/cmake/export_wyrm_msgs__rosidl_typesupport_fastrtps_cExport-noconfig.cmake
-- Up-to-date: /home/ws/install/wyrm_msgs/share/wyrm_msgs/cmake/wyrm_msgs__rosidl_typesupport_introspection_cExport.cmake
-- Up-to-date: /home/ws/install/wyrm_msgs/share/wyrm_msgs/cmake/wyrm_msgs__rosidl_typesupport_introspection_cExport-noconfig.cmake
-- Up-to-date: /home/ws/install/wyrm_msgs/share/wyrm_msgs/cmake/wyrm_msgs__rosidl_typesupport_cExport.cmake
-- Up-to-date: /home/ws/install/wyrm_msgs/share/wyrm_msgs/cmake/wyrm_msgs__rosidl_typesupport_cExport-noconfig.cmake
-- Up-to-date: /home/ws/install/wyrm_msgs/share/wyrm_msgs/cmake/export_wyrm_msgs__rosidl_generator_cppExport.cmake
-- Up-to-date: /home/ws/install/wyrm_msgs/share/wyrm_msgs/cmake/export_wyrm_msgs__rosidl_typesupport_fastrtps_cppExport.cmake
-- Up-to-date: /home/ws/install/wyrm_msgs/share/wyrm_msgs/cmake/export_wyrm_msgs__rosidl_typesupport_fastrtps_cppExport-noconfig.cmake
-- Up-to-date: /home/ws/install/wyrm_msgs/share/wyrm_msgs/cmake/wyrm_msgs__rosidl_typesupport_introspection_cppExport.cmake
-- Up-to-date: /home/ws/install/wyrm_msgs/share/wyrm_msgs/cmake/wyrm_msgs__rosidl_typesupport_introspection_cppExport-noconfig.cmake
-- Up-to-date: /home/ws/install/wyrm_msgs/share/wyrm_msgs/cmake/wyrm_msgs__rosidl_typesupport_cppExport.cmake
-- Up-to-date: /home/ws/install/wyrm_msgs/share/wyrm_msgs/cmake/wyrm_msgs__rosidl_typesupport_cppExport-noconfig.cmake
-- Up-to-date: /home/ws/install/wyrm_msgs/share/wyrm_msgs/cmake/export_wyrm_msgs__rosidl_generator_pyExport.cmake
-- Up-to-date: /home/ws/install/wyrm_msgs/share/wyrm_msgs/cmake/export_wyrm_msgs__rosidl_generator_pyExport-noconfig.cmake
-- Up-to-date: /home/ws/install/wyrm_msgs/share/wyrm_msgs/cmake/rosidl_cmake-extras.cmake
-- Up-to-date: /home/ws/install/wyrm_msgs/share/wyrm_msgs/cmake/ament_cmake_export_dependencies-extras.cmake
-- Up-to-date: /home/ws/install/wyrm_msgs/share/wyrm_msgs/cmake/ament_cmake_export_include_directories-extras.cmake
-- Up-to-date: /home/ws/install/wyrm_msgs/share/wyrm_msgs/cmake/ament_cmake_export_libraries-extras.cmake
-- Up-to-date: /home/ws/install/wyrm_msgs/share/wyrm_msgs/cmake/ament_cmake_export_targets-extras.cmake
-- Up-to-date: /home/ws/install/wyrm_msgs/share/wyrm_msgs/cmake/rosidl_cmake_export_typesupport_targets-extras.cmake
-- Up-to-date: /home/ws/install/wyrm_msgs/share/wyrm_msgs/cmake/rosidl_cmake_export_typesupport_libraries-extras.cmake
-- Up-to-date: /home/ws/install/wyrm_msgs/share/wyrm_msgs/cmake/wyrm_msgsConfig.cmake
-- Up-to-date: /home/ws/install/wyrm_msgs/share/wyrm_msgs/cmake/wyrm_msgsConfig-version.cmake
-- Up-to-date: /home/ws/install/wyrm_msgs/share/wyrm_msgs/package.xml
