[0.011s] Invoking command in '/home/ws/build/wyrm_msgs': CMAKE_PREFIX_PATH=/opt/ros/humble /usr/bin/cmake --build /home/ws/build/wyrm_msgs -- -j16 -l16
[0.090s] [  2%] Built target wyrm_msgs__cpp
[0.098s] [ 12%] Built target wyrm_msgs__rosidl_generator_c
[0.098s] [ 14%] Built target wyrm_msgs__rs
[0.110s] [ 25%] Built target wyrm_msgs__rosidl_typesupport_introspection_cpp
[0.112s] [ 25%] Built target ament_cmake_python_copy_wyrm_msgs
[0.115s] [ 35%] Built target wyrm_msgs__rosidl_typesupport_cpp
[0.115s] [ 45%] Built target wyrm_msgs__rosidl_typesupport_fastrtps_cpp
[0.115s] [ 56%] Built target wyrm_msgs__rosidl_typesupport_fastrtps_c
[0.117s] [ 66%] Built target wyrm_msgs__rosidl_typesupport_c
[0.119s] [ 77%] Built target wyrm_msgs__rosidl_typesupport_introspection_c
[0.138s] [ 77%] Built target wyrm_msgs
[0.157s] [ 79%] Built target wyrm_msgs__py
[0.184s] [ 87%] Built target wyrm_msgs__rosidl_generator_py
[0.210s] [ 95%] Built target wyrm_msgs__rosidl_typesupport_introspection_c__pyext
[0.210s] [ 95%] Built target wyrm_msgs__rosidl_typesupport_fastrtps_c__pyext
[0.217s] [100%] Built target wyrm_msgs__rosidl_typesupport_c__pyext
[0.224s] running egg_info
[0.224s] writing wyrm_msgs.egg-info/PKG-INFO
[0.224s] writing dependency_links to wyrm_msgs.egg-info/dependency_links.txt
[0.224s] writing top-level names to wyrm_msgs.egg-info/top_level.txt
[0.225s] reading manifest file 'wyrm_msgs.egg-info/SOURCES.txt'
[0.225s] writing manifest file 'wyrm_msgs.egg-info/SOURCES.txt'
[0.253s] [100%] Built target ament_cmake_python_build_wyrm_msgs_egg
[0.278s] Invoked command in '/home/ws/build/wyrm_msgs' returned '0': CMAKE_PREFIX_PATH=/opt/ros/humble /usr/bin/cmake --build /home/ws/build/wyrm_msgs -- -j16 -l16
[0.297s] Invoking command in '/home/ws/build/wyrm_msgs': CMAKE_PREFIX_PATH=/opt/ros/humble /usr/bin/cmake --install /home/ws/build/wyrm_msgs
[0.313s] -- Install configuration: ""
[0.314s] -- Up-to-date: /home/ws/install/wyrm_msgs/share/ament_index/resource_index/rosidl_interfaces/wyrm_msgs
[0.314s] -- Up-to-date: /home/ws/install/wyrm_msgs/include/wyrm_msgs/wyrm_msgs
[0.314s] -- Up-to-date: /home/ws/install/wyrm_msgs/include/wyrm_msgs/wyrm_msgs/msg
[0.314s] -- Up-to-date: /home/ws/install/wyrm_msgs/include/wyrm_msgs/wyrm_msgs/msg/rosidl_generator_c__visibility_control.h
[0.314s] -- Up-to-date: /home/ws/install/wyrm_msgs/include/wyrm_msgs/wyrm_msgs/msg/detail
[0.314s] -- Up-to-date: /home/ws/install/wyrm_msgs/include/wyrm_msgs/wyrm_msgs/msg/detail/frame__type_support.h
[0.314s] -- Up-to-date: /home/ws/install/wyrm_msgs/include/wyrm_msgs/wyrm_msgs/msg/detail/frame__functions.h
[0.315s] -- Up-to-date: /home/ws/install/wyrm_msgs/include/wyrm_msgs/wyrm_msgs/msg/detail/rigid_body__struct.h
[0.315s] -- Up-to-date: /home/ws/install/wyrm_msgs/include/wyrm_msgs/wyrm_msgs/msg/detail/frame__struct.h
[0.315s] -- Up-to-date: /home/ws/install/wyrm_msgs/include/wyrm_msgs/wyrm_msgs/msg/detail/rigid_body__type_support.h
[0.315s] -- Up-to-date: /home/ws/install/wyrm_msgs/include/wyrm_msgs/wyrm_msgs/msg/detail/description__type_support.h
[0.315s] -- Up-to-date: /home/ws/install/wyrm_msgs/include/wyrm_msgs/wyrm_msgs/msg/detail/description__struct.h
[0.315s] -- Up-to-date: /home/ws/install/wyrm_msgs/include/wyrm_msgs/wyrm_msgs/msg/detail/frame__functions.c
[0.315s] -- Up-to-date: /home/ws/install/wyrm_msgs/include/wyrm_msgs/wyrm_msgs/msg/detail/rigid_body__functions.h
[0.316s] -- Up-to-date: /home/ws/install/wyrm_msgs/include/wyrm_msgs/wyrm_msgs/msg/detail/description__functions.h
[0.316s] -- Up-to-date: /home/ws/install/wyrm_msgs/include/wyrm_msgs/wyrm_msgs/msg/detail/rigid_body__functions.c
[0.316s] -- Up-to-date: /home/ws/install/wyrm_msgs/include/wyrm_msgs/wyrm_msgs/msg/detail/description__functions.c
[0.316s] -- Up-to-date: /home/ws/install/wyrm_msgs/include/wyrm_msgs/wyrm_msgs/msg/frame.h
[0.316s] -- Up-to-date: /home/ws/install/wyrm_msgs/include/wyrm_msgs/wyrm_msgs/msg/rigid_body.h
[0.317s] -- Up-to-date: /home/ws/install/wyrm_msgs/include/wyrm_msgs/wyrm_msgs/msg/description.h
[0.317s] -- Up-to-date: /home/ws/install/wyrm_msgs/share/wyrm_msgs/environment/library_path.sh
[0.317s] -- Up-to-date: /home/ws/install/wyrm_msgs/share/wyrm_msgs/environment/library_path.dsv
[0.317s] -- Up-to-date: /home/ws/install/wyrm_msgs/lib/libwyrm_msgs__rosidl_generator_c.so
[0.317s] -- Up-to-date: /home/ws/install/wyrm_msgs/include/wyrm_msgs/wyrm_msgs
[0.317s] -- Up-to-date: /home/ws/install/wyrm_msgs/include/wyrm_msgs/wyrm_msgs/msg
[0.318s] -- Up-to-date: /home/ws/install/wyrm_msgs/include/wyrm_msgs/wyrm_msgs/msg/rosidl_typesupport_fastrtps_c__visibility_control.h
[0.318s] -- Up-to-date: /home/ws/install/wyrm_msgs/include/wyrm_msgs/wyrm_msgs/msg/detail
[0.318s] -- Up-to-date: /home/ws/install/wyrm_msgs/include/wyrm_msgs/wyrm_msgs/msg/detail/frame__rosidl_typesupport_fastrtps_c.h
[0.318s] -- Up-to-date: /home/ws/install/wyrm_msgs/include/wyrm_msgs/wyrm_msgs/msg/detail/description__rosidl_typesupport_fastrtps_c.h
[0.318s] -- Up-to-date: /home/ws/install/wyrm_msgs/include/wyrm_msgs/wyrm_msgs/msg/detail/rigid_body__rosidl_typesupport_fastrtps_c.h
[0.318s] -- Up-to-date: /home/ws/install/wyrm_msgs/lib/libwyrm_msgs__rosidl_typesupport_fastrtps_c.so
[0.319s] -- Up-to-date: /home/ws/install/wyrm_msgs/include/wyrm_msgs/wyrm_msgs
[0.319s] -- Up-to-date: /home/ws/install/wyrm_msgs/include/wyrm_msgs/wyrm_msgs/msg
[0.319s] -- Up-to-date: /home/ws/install/wyrm_msgs/include/wyrm_msgs/wyrm_msgs/msg/detail
[0.319s] -- Up-to-date: /home/ws/install/wyrm_msgs/include/wyrm_msgs/wyrm_msgs/msg/detail/frame__type_support.c
[0.319s] -- Up-to-date: /home/ws/install/wyrm_msgs/include/wyrm_msgs/wyrm_msgs/msg/detail/rigid_body__type_support.c
[0.319s] -- Up-to-date: /home/ws/install/wyrm_msgs/include/wyrm_msgs/wyrm_msgs/msg/detail/rigid_body__rosidl_typesupport_introspection_c.h
[0.319s] -- Up-to-date: /home/ws/install/wyrm_msgs/include/wyrm_msgs/wyrm_msgs/msg/detail/frame__rosidl_typesupport_introspection_c.h
[0.320s] -- Up-to-date: /home/ws/install/wyrm_msgs/include/wyrm_msgs/wyrm_msgs/msg/detail/description__type_support.c
[0.320s] -- Up-to-date: /home/ws/install/wyrm_msgs/include/wyrm_msgs/wyrm_msgs/msg/detail/description__rosidl_typesupport_introspection_c.h
[0.320s] -- Up-to-date: /home/ws/install/wyrm_msgs/include/wyrm_msgs/wyrm_msgs/msg/rosidl_typesupport_introspection_c__visibility_control.h
[0.320s] -- Up-to-date: /home/ws/install/wyrm_msgs/lib/libwyrm_msgs__rosidl_typesupport_introspection_c.so
[0.320s] -- Up-to-date: /home/ws/install/wyrm_msgs/lib/libwyrm_msgs__rosidl_typesupport_c.so
[0.320s] -- Up-to-date: /home/ws/install/wyrm_msgs/include/wyrm_msgs/wyrm_msgs
[0.320s] -- Up-to-date: /home/ws/install/wyrm_msgs/include/wyrm_msgs/wyrm_msgs/msg
[0.320s] -- Up-to-date: /home/ws/install/wyrm_msgs/include/wyrm_msgs/wyrm_msgs/msg/frame.hpp
[0.321s] -- Up-to-date: /home/ws/install/wyrm_msgs/include/wyrm_msgs/wyrm_msgs/msg/rigid_body.hpp
[0.321s] -- Up-to-date: /home/ws/install/wyrm_msgs/include/wyrm_msgs/wyrm_msgs/msg/detail
[0.321s] -- Up-to-date: /home/ws/install/wyrm_msgs/include/wyrm_msgs/wyrm_msgs/msg/detail/description__type_support.hpp
[0.321s] -- Up-to-date: /home/ws/install/wyrm_msgs/include/wyrm_msgs/wyrm_msgs/msg/detail/description__struct.hpp
[0.321s] -- Up-to-date: /home/ws/install/wyrm_msgs/include/wyrm_msgs/wyrm_msgs/msg/detail/frame__type_support.hpp
[0.321s] -- Up-to-date: /home/ws/install/wyrm_msgs/include/wyrm_msgs/wyrm_msgs/msg/detail/description__builder.hpp
[0.321s] -- Up-to-date: /home/ws/install/wyrm_msgs/include/wyrm_msgs/wyrm_msgs/msg/detail/rigid_body__traits.hpp
[0.321s] -- Up-to-date: /home/ws/install/wyrm_msgs/include/wyrm_msgs/wyrm_msgs/msg/detail/description__traits.hpp
[0.321s] -- Up-to-date: /home/ws/install/wyrm_msgs/include/wyrm_msgs/wyrm_msgs/msg/detail/rigid_body__builder.hpp
[0.322s] -- Up-to-date: /home/ws/install/wyrm_msgs/include/wyrm_msgs/wyrm_msgs/msg/detail/rigid_body__struct.hpp
[0.322s] -- Up-to-date: /home/ws/install/wyrm_msgs/include/wyrm_msgs/wyrm_msgs/msg/detail/rigid_body__type_support.hpp
[0.322s] -- Up-to-date: /home/ws/install/wyrm_msgs/include/wyrm_msgs/wyrm_msgs/msg/detail/frame__traits.hpp
[0.322s] -- Up-to-date: /home/ws/install/wyrm_msgs/include/wyrm_msgs/wyrm_msgs/msg/detail/frame__struct.hpp
[0.322s] -- Up-to-date: /home/ws/install/wyrm_msgs/include/wyrm_msgs/wyrm_msgs/msg/detail/frame__builder.hpp
[0.322s] -- Up-to-date: /home/ws/install/wyrm_msgs/include/wyrm_msgs/wyrm_msgs/msg/description.hpp
[0.322s] -- Up-to-date: /home/ws/install/wyrm_msgs/include/wyrm_msgs/wyrm_msgs/msg/rosidl_generator_cpp__visibility_control.hpp
[0.322s] -- Up-to-date: /home/ws/install/wyrm_msgs/include/wyrm_msgs/wyrm_msgs
[0.322s] -- Up-to-date: /home/ws/install/wyrm_msgs/include/wyrm_msgs/wyrm_msgs/msg
[0.323s] -- Up-to-date: /home/ws/install/wyrm_msgs/include/wyrm_msgs/wyrm_msgs/msg/detail
[0.323s] -- Up-to-date: /home/ws/install/wyrm_msgs/include/wyrm_msgs/wyrm_msgs/msg/detail/description__rosidl_typesupport_fastrtps_cpp.hpp
[0.323s] -- Up-to-date: /home/ws/install/wyrm_msgs/include/wyrm_msgs/wyrm_msgs/msg/detail/dds_fastrtps
[0.323s] -- Up-to-date: /home/ws/install/wyrm_msgs/include/wyrm_msgs/wyrm_msgs/msg/detail/frame__rosidl_typesupport_fastrtps_cpp.hpp
[0.323s] -- Up-to-date: /home/ws/install/wyrm_msgs/include/wyrm_msgs/wyrm_msgs/msg/detail/rigid_body__rosidl_typesupport_fastrtps_cpp.hpp
[0.323s] -- Up-to-date: /home/ws/install/wyrm_msgs/include/wyrm_msgs/wyrm_msgs/msg/rosidl_typesupport_fastrtps_cpp__visibility_control.h
[0.323s] -- Up-to-date: /home/ws/install/wyrm_msgs/lib/libwyrm_msgs__rosidl_typesupport_fastrtps_cpp.so
[0.323s] -- Up-to-date: /home/ws/install/wyrm_msgs/include/wyrm_msgs/wyrm_msgs
[0.323s] -- Up-to-date: /home/ws/install/wyrm_msgs/include/wyrm_msgs/wyrm_msgs/msg
[0.324s] -- Up-to-date: /home/ws/install/wyrm_msgs/include/wyrm_msgs/wyrm_msgs/msg/detail
[0.324s] -- Up-to-date: /home/ws/install/wyrm_msgs/include/wyrm_msgs/wyrm_msgs/msg/detail/frame__type_support.cpp
[0.324s] -- Up-to-date: /home/ws/install/wyrm_msgs/include/wyrm_msgs/wyrm_msgs/msg/detail/rigid_body__rosidl_typesupport_introspection_cpp.hpp
[0.324s] -- Up-to-date: /home/ws/install/wyrm_msgs/include/wyrm_msgs/wyrm_msgs/msg/detail/rigid_body__type_support.cpp
[0.324s] -- Up-to-date: /home/ws/install/wyrm_msgs/include/wyrm_msgs/wyrm_msgs/msg/detail/frame__rosidl_typesupport_introspection_cpp.hpp
[0.324s] -- Up-to-date: /home/ws/install/wyrm_msgs/include/wyrm_msgs/wyrm_msgs/msg/detail/description__type_support.cpp
[0.324s] -- Up-to-date: /home/ws/install/wyrm_msgs/include/wyrm_msgs/wyrm_msgs/msg/detail/description__rosidl_typesupport_introspection_cpp.hpp
[0.324s] -- Up-to-date: /home/ws/install/wyrm_msgs/lib/libwyrm_msgs__rosidl_typesupport_introspection_cpp.so
[0.324s] -- Up-to-date: /home/ws/install/wyrm_msgs/lib/libwyrm_msgs__rosidl_typesupport_cpp.so
[0.325s] -- Up-to-date: /home/ws/install/wyrm_msgs/share/wyrm_msgs/environment/pythonpath.sh
[0.325s] -- Up-to-date: /home/ws/install/wyrm_msgs/share/wyrm_msgs/environment/pythonpath.dsv
[0.325s] -- Up-to-date: /home/ws/install/wyrm_msgs/local/lib/python3.10/dist-packages/wyrm_msgs-1.0.0-py3.10.egg-info
[0.325s] -- Installing: /home/ws/install/wyrm_msgs/local/lib/python3.10/dist-packages/wyrm_msgs-1.0.0-py3.10.egg-info/SOURCES.txt
[0.325s] -- Installing: /home/ws/install/wyrm_msgs/local/lib/python3.10/dist-packages/wyrm_msgs-1.0.0-py3.10.egg-info/PKG-INFO
[0.325s] -- Installing: /home/ws/install/wyrm_msgs/local/lib/python3.10/dist-packages/wyrm_msgs-1.0.0-py3.10.egg-info/top_level.txt
[0.325s] -- Installing: /home/ws/install/wyrm_msgs/local/lib/python3.10/dist-packages/wyrm_msgs-1.0.0-py3.10.egg-info/dependency_links.txt
[0.325s] -- Up-to-date: /home/ws/install/wyrm_msgs/local/lib/python3.10/dist-packages/wyrm_msgs
[0.326s] -- Up-to-date: /home/ws/install/wyrm_msgs/local/lib/python3.10/dist-packages/wyrm_msgs/wyrm_msgs_s__rosidl_typesupport_introspection_c.cpython-310-x86_64-linux-gnu.so
[0.326s] -- Up-to-date: /home/ws/install/wyrm_msgs/local/lib/python3.10/dist-packages/wyrm_msgs/libwyrm_msgs__rosidl_generator_py.so
[0.326s] -- Up-to-date: /home/ws/install/wyrm_msgs/local/lib/python3.10/dist-packages/wyrm_msgs/msg
[0.326s] -- Up-to-date: /home/ws/install/wyrm_msgs/local/lib/python3.10/dist-packages/wyrm_msgs/msg/_frame_s.c
[0.326s] -- Up-to-date: /home/ws/install/wyrm_msgs/local/lib/python3.10/dist-packages/wyrm_msgs/msg/_description.py
[0.326s] -- Up-to-date: /home/ws/install/wyrm_msgs/local/lib/python3.10/dist-packages/wyrm_msgs/msg/_description_s.c
[0.326s] -- Up-to-date: /home/ws/install/wyrm_msgs/local/lib/python3.10/dist-packages/wyrm_msgs/msg/__init__.py
[0.327s] -- Up-to-date: /home/ws/install/wyrm_msgs/local/lib/python3.10/dist-packages/wyrm_msgs/msg/_rigid_body_s.c
[0.327s] -- Up-to-date: /home/ws/install/wyrm_msgs/local/lib/python3.10/dist-packages/wyrm_msgs/msg/_rigid_body.py
[0.327s] -- Up-to-date: /home/ws/install/wyrm_msgs/local/lib/python3.10/dist-packages/wyrm_msgs/msg/_frame.py
[0.327s] -- Up-to-date: /home/ws/install/wyrm_msgs/local/lib/python3.10/dist-packages/wyrm_msgs/wyrm_msgs_s__rosidl_typesupport_c.cpython-310-x86_64-linux-gnu.so
[0.327s] -- Up-to-date: /home/ws/install/wyrm_msgs/local/lib/python3.10/dist-packages/wyrm_msgs/wyrm_msgs_s__rosidl_typesupport_fastrtps_c.cpython-310-x86_64-linux-gnu.so
[0.327s] -- Up-to-date: /home/ws/install/wyrm_msgs/local/lib/python3.10/dist-packages/wyrm_msgs/__init__.py
[0.327s] -- Up-to-date: /home/ws/install/wyrm_msgs/local/lib/python3.10/dist-packages/wyrm_msgs/_wyrm_msgs_s.ep.rosidl_typesupport_introspection_c.c
[0.327s] -- Up-to-date: /home/ws/install/wyrm_msgs/local/lib/python3.10/dist-packages/wyrm_msgs/_wyrm_msgs_s.ep.rosidl_typesupport_fastrtps_c.c
[0.328s] -- Up-to-date: /home/ws/install/wyrm_msgs/local/lib/python3.10/dist-packages/wyrm_msgs/_wyrm_msgs_s.ep.rosidl_typesupport_c.c
[0.362s] Listing '/home/ws/install/wyrm_msgs/local/lib/python3.10/dist-packages/wyrm_msgs'...
[0.363s] Listing '/home/ws/install/wyrm_msgs/local/lib/python3.10/dist-packages/wyrm_msgs/msg'...
[0.367s] -- Up-to-date: /home/ws/install/wyrm_msgs/local/lib/python3.10/dist-packages/wyrm_msgs/wyrm_msgs_s__rosidl_typesupport_fastrtps_c.cpython-310-x86_64-linux-gnu.so
[0.367s] -- Up-to-date: /home/ws/install/wyrm_msgs/local/lib/python3.10/dist-packages/wyrm_msgs/wyrm_msgs_s__rosidl_typesupport_introspection_c.cpython-310-x86_64-linux-gnu.so
[0.367s] -- Up-to-date: /home/ws/install/wyrm_msgs/local/lib/python3.10/dist-packages/wyrm_msgs/wyrm_msgs_s__rosidl_typesupport_c.cpython-310-x86_64-linux-gnu.so
[0.368s] -- Up-to-date: /home/ws/install/wyrm_msgs/lib/libwyrm_msgs__rosidl_generator_py.so
[0.369s] -- Up-to-date: /home/ws/install/wyrm_msgs/share/ament_index/resource_index/rust_packages/wyrm_msgs
[0.369s] -- Up-to-date: /home/ws/install/wyrm_msgs/share/wyrm_msgs/rust
[0.369s] -- Up-to-date: /home/ws/install/wyrm_msgs/share/wyrm_msgs/rust/build.rs
[0.369s] -- Up-to-date: /home/ws/install/wyrm_msgs/share/wyrm_msgs/rust/Cargo.toml
[0.370s] -- Up-to-date: /home/ws/install/wyrm_msgs/share/wyrm_msgs/rust/src
[0.370s] -- Up-to-date: /home/ws/install/wyrm_msgs/share/wyrm_msgs/rust/src/lib.rs
[0.370s] -- Up-to-date: /home/ws/install/wyrm_msgs/share/wyrm_msgs/rust/src/msg
[0.370s] -- Up-to-date: /home/ws/install/wyrm_msgs/share/wyrm_msgs/rust/src/msg/rmw.rs
[0.370s] -- Up-to-date: /home/ws/install/wyrm_msgs/share/wyrm_msgs/rust/src/msg.rs
[0.370s] -- Up-to-date: /home/ws/install/wyrm_msgs/share/wyrm_msgs/msg/Description.idl
[0.370s] -- Up-to-date: /home/ws/install/wyrm_msgs/share/wyrm_msgs/msg/RigidBody.idl
[0.370s] -- Up-to-date: /home/ws/install/wyrm_msgs/share/wyrm_msgs/msg/Frame.idl
[0.370s] -- Up-to-date: /home/ws/install/wyrm_msgs/share/wyrm_msgs/msg/Description.msg
[0.370s] -- Up-to-date: /home/ws/install/wyrm_msgs/share/wyrm_msgs/msg/RigidBody.msg
[0.370s] -- Up-to-date: /home/ws/install/wyrm_msgs/share/wyrm_msgs/msg/Frame.msg
[0.370s] -- Up-to-date: /home/ws/install/wyrm_msgs/share/ament_index/resource_index/package_run_dependencies/wyrm_msgs
[0.371s] -- Up-to-date: /home/ws/install/wyrm_msgs/share/ament_index/resource_index/parent_prefix_path/wyrm_msgs
[0.371s] -- Up-to-date: /home/ws/install/wyrm_msgs/share/wyrm_msgs/environment/ament_prefix_path.sh
[0.371s] -- Up-to-date: /home/ws/install/wyrm_msgs/share/wyrm_msgs/environment/ament_prefix_path.dsv
[0.371s] -- Up-to-date: /home/ws/install/wyrm_msgs/share/wyrm_msgs/environment/path.sh
[0.371s] -- Up-to-date: /home/ws/install/wyrm_msgs/share/wyrm_msgs/environment/path.dsv
[0.371s] -- Up-to-date: /home/ws/install/wyrm_msgs/share/wyrm_msgs/local_setup.bash
[0.371s] -- Up-to-date: /home/ws/install/wyrm_msgs/share/wyrm_msgs/local_setup.sh
[0.371s] -- Up-to-date: /home/ws/install/wyrm_msgs/share/wyrm_msgs/local_setup.zsh
[0.371s] -- Up-to-date: /home/ws/install/wyrm_msgs/share/wyrm_msgs/local_setup.dsv
[0.371s] -- Installing: /home/ws/install/wyrm_msgs/share/wyrm_msgs/package.dsv
[0.371s] -- Up-to-date: /home/ws/install/wyrm_msgs/share/ament_index/resource_index/packages/wyrm_msgs
[0.371s] -- Up-to-date: /home/ws/install/wyrm_msgs/share/wyrm_msgs/cmake/export_wyrm_msgs__rosidl_generator_cExport.cmake
[0.371s] -- Up-to-date: /home/ws/install/wyrm_msgs/share/wyrm_msgs/cmake/export_wyrm_msgs__rosidl_generator_cExport-noconfig.cmake
[0.371s] -- Up-to-date: /home/ws/install/wyrm_msgs/share/wyrm_msgs/cmake/export_wyrm_msgs__rosidl_typesupport_fastrtps_cExport.cmake
[0.371s] -- Up-to-date: /home/ws/install/wyrm_msgs/share/wyrm_msgs/cmake/export_wyrm_msgs__rosidl_typesupport_fastrtps_cExport-noconfig.cmake
[0.371s] -- Up-to-date: /home/ws/install/wyrm_msgs/share/wyrm_msgs/cmake/wyrm_msgs__rosidl_typesupport_introspection_cExport.cmake
[0.371s] -- Up-to-date: /home/ws/install/wyrm_msgs/share/wyrm_msgs/cmake/wyrm_msgs__rosidl_typesupport_introspection_cExport-noconfig.cmake
[0.371s] -- Up-to-date: /home/ws/install/wyrm_msgs/share/wyrm_msgs/cmake/wyrm_msgs__rosidl_typesupport_cExport.cmake
[0.371s] -- Up-to-date: /home/ws/install/wyrm_msgs/share/wyrm_msgs/cmake/wyrm_msgs__rosidl_typesupport_cExport-noconfig.cmake
[0.371s] -- Up-to-date: /home/ws/install/wyrm_msgs/share/wyrm_msgs/cmake/export_wyrm_msgs__rosidl_generator_cppExport.cmake
[0.371s] -- Up-to-date: /home/ws/install/wyrm_msgs/share/wyrm_msgs/cmake/export_wyrm_msgs__rosidl_typesupport_fastrtps_cppExport.cmake
[0.371s] -- Up-to-date: /home/ws/install/wyrm_msgs/share/wyrm_msgs/cmake/export_wyrm_msgs__rosidl_typesupport_fastrtps_cppExport-noconfig.cmake
[0.371s] -- Up-to-date: /home/ws/install/wyrm_msgs/share/wyrm_msgs/cmake/wyrm_msgs__rosidl_typesupport_introspection_cppExport.cmake
[0.371s] -- Up-to-date: /home/ws/install/wyrm_msgs/share/wyrm_msgs/cmake/wyrm_msgs__rosidl_typesupport_introspection_cppExport-noconfig.cmake
[0.371s] -- Up-to-date: /home/ws/install/wyrm_msgs/share/wyrm_msgs/cmake/wyrm_msgs__rosidl_typesupport_cppExport.cmake
[0.372s] -- Up-to-date: /home/ws/install/wyrm_msgs/share/wyrm_msgs/cmake/wyrm_msgs__rosidl_typesupport_cppExport-noconfig.cmake
[0.372s] -- Up-to-date: /home/ws/install/wyrm_msgs/share/wyrm_msgs/cmake/export_wyrm_msgs__rosidl_generator_pyExport.cmake
[0.372s] -- Up-to-date: /home/ws/install/wyrm_msgs/share/wyrm_msgs/cmake/export_wyrm_msgs__rosidl_generator_pyExport-noconfig.cmake
[0.372s] -- Up-to-date: /home/ws/install/wyrm_msgs/share/wyrm_msgs/cmake/rosidl_cmake-extras.cmake
[0.372s] -- Up-to-date: /home/ws/install/wyrm_msgs/share/wyrm_msgs/cmake/ament_cmake_export_dependencies-extras.cmake
[0.372s] -- Up-to-date: /home/ws/install/wyrm_msgs/share/wyrm_msgs/cmake/ament_cmake_export_include_directories-extras.cmake
[0.372s] -- Up-to-date: /home/ws/install/wyrm_msgs/share/wyrm_msgs/cmake/ament_cmake_export_libraries-extras.cmake
[0.372s] -- Up-to-date: /home/ws/install/wyrm_msgs/share/wyrm_msgs/cmake/ament_cmake_export_targets-extras.cmake
[0.372s] -- Up-to-date: /home/ws/install/wyrm_msgs/share/wyrm_msgs/cmake/rosidl_cmake_export_typesupport_targets-extras.cmake
[0.372s] -- Up-to-date: /home/ws/install/wyrm_msgs/share/wyrm_msgs/cmake/rosidl_cmake_export_typesupport_libraries-extras.cmake
[0.372s] -- Up-to-date: /home/ws/install/wyrm_msgs/share/wyrm_msgs/cmake/wyrm_msgsConfig.cmake
[0.372s] -- Up-to-date: /home/ws/install/wyrm_msgs/share/wyrm_msgs/cmake/wyrm_msgsConfig-version.cmake
[0.372s] -- Up-to-date: /home/ws/install/wyrm_msgs/share/wyrm_msgs/package.xml
[0.375s] Invoked command in '/home/ws/build/wyrm_msgs' returned '0': CMAKE_PREFIX_PATH=/opt/ros/humble /usr/bin/cmake --install /home/ws/build/wyrm_msgs
