[0.291s] Invoking command in '/home/ws/src/wyrm_mocap_bridge_pkg': PYTHONPATH=/home/ws/build/wyrm_mocap_bridge_pkg/prefix_override:/usr/lib/python3/dist-packages/colcon_core/task/python/colcon_distutils_commands:/home/ws/install/wyrm_mocap_bridge_pkg/lib/python3.10/site-packages:${PYTHONPATH} /usr/bin/python3 -W ignore:setup.py install is deprecated -W ignore:easy_install command is deprecated setup.py egg_info --egg-base ../../build/wyrm_mocap_bridge_pkg build --build-base /home/ws/build/wyrm_mocap_bridge_pkg/build install --record /home/ws/build/wyrm_mocap_bridge_pkg/install.log --install-scripts $base/lib/wyrm_mocap_bridge_pkg --single-version-externally-managed install_data
[0.406s] running egg_info
[0.407s] writing ../../build/wyrm_mocap_bridge_pkg/wyrm_mocap_bridge_pkg.egg-info/PKG-INFO
[0.407s] writing dependency_links to ../../build/wyrm_mocap_bridge_pkg/wyrm_mocap_bridge_pkg.egg-info/dependency_links.txt
[0.407s] writing entry points to ../../build/wyrm_mocap_bridge_pkg/wyrm_mocap_bridge_pkg.egg-info/entry_points.txt
[0.407s] writing requirements to ../../build/wyrm_mocap_bridge_pkg/wyrm_mocap_bridge_pkg.egg-info/requires.txt
[0.407s] writing top-level names to ../../build/wyrm_mocap_bridge_pkg/wyrm_mocap_bridge_pkg.egg-info/top_level.txt
[0.408s] reading manifest file '../../build/wyrm_mocap_bridge_pkg/wyrm_mocap_bridge_pkg.egg-info/SOURCES.txt'
[0.408s] writing manifest file '../../build/wyrm_mocap_bridge_pkg/wyrm_mocap_bridge_pkg.egg-info/SOURCES.txt'
[0.408s] running build
[0.408s] running build_py
[0.408s] copying wyrm_mocap_bridge_pkg/bridge_node.py -> /home/ws/build/wyrm_mocap_bridge_pkg/build/lib/wyrm_mocap_bridge_pkg
[0.409s] running install
[0.409s] running install_lib
[0.409s] copying /home/ws/build/wyrm_mocap_bridge_pkg/build/lib/wyrm_mocap_bridge_pkg/bridge_node.py -> /home/ws/install/wyrm_mocap_bridge_pkg/lib/python3.10/site-packages/wyrm_mocap_bridge_pkg
[0.409s] byte-compiling /home/ws/install/wyrm_mocap_bridge_pkg/lib/python3.10/site-packages/wyrm_mocap_bridge_pkg/bridge_node.py to bridge_node.cpython-310.pyc
[0.410s] running install_data
[0.410s] running install_egg_info
[0.412s] removing '/home/ws/install/wyrm_mocap_bridge_pkg/lib/python3.10/site-packages/wyrm_mocap_bridge_pkg-0.0.0-py3.10.egg-info' (and everything under it)
[0.412s] Copying ../../build/wyrm_mocap_bridge_pkg/wyrm_mocap_bridge_pkg.egg-info to /home/ws/install/wyrm_mocap_bridge_pkg/lib/python3.10/site-packages/wyrm_mocap_bridge_pkg-0.0.0-py3.10.egg-info
[0.412s] running install_scripts
[0.424s] Installing wyrm_mocap_bridge_node script to /home/ws/install/wyrm_mocap_bridge_pkg/lib/wyrm_mocap_bridge_pkg
[0.424s] writing list of installed files to '/home/ws/build/wyrm_mocap_bridge_pkg/install.log'
[0.440s] Invoked command in '/home/ws/src/wyrm_mocap_bridge_pkg' returned '0': PYTHONPATH=/home/ws/build/wyrm_mocap_bridge_pkg/prefix_override:/usr/lib/python3/dist-packages/colcon_core/task/python/colcon_distutils_commands:/home/ws/install/wyrm_mocap_bridge_pkg/lib/python3.10/site-packages:${PYTHONPATH} /usr/bin/python3 -W ignore:setup.py install is deprecated -W ignore:easy_install command is deprecated setup.py egg_info --egg-base ../../build/wyrm_mocap_bridge_pkg build --build-base /home/ws/build/wyrm_mocap_bridge_pkg/build install --record /home/ws/build/wyrm_mocap_bridge_pkg/install.log --install-scripts $base/lib/wyrm_mocap_bridge_pkg --single-version-externally-managed install_data
