[0.349s] Invoking command in '/home/ws/src/wyrm_mocap_bridge_pkg': AMENT_PREFIX_PATH=/home/ws/install/wyrm_msgs:${AMENT_PREFIX_PATH} CMAKE_PREFIX_PATH=/home/ws/install/wyrm_msgs LD_LIBRARY_PATH=/home/ws/install/wyrm_msgs/lib:${LD_LIBRARY_PATH} PYTHONPATH=/home/ws/build/wyrm_mocap_bridge_pkg/prefix_override:/usr/lib/python3/dist-packages/colcon_core/task/python/colcon_distutils_commands:/home/ws/install/wyrm_mocap_bridge_pkg/lib/python3.10/site-packages:/home/ws/install/wyrm_msgs/local/lib/python3.10/dist-packages:${PYTHONPATH} /usr/bin/python3 -W ignore:setup.py install is deprecated -W ignore:easy_install command is deprecated setup.py egg_info --egg-base ../../build/wyrm_mocap_bridge_pkg build --build-base /home/ws/build/wyrm_mocap_bridge_pkg/build install --record /home/ws/build/wyrm_mocap_bridge_pkg/install.log --install-scripts $base/lib/wyrm_mocap_bridge_pkg --single-version-externally-managed install_data
[0.472s] running egg_info
[0.472s] writing ../../build/wyrm_mocap_bridge_pkg/wyrm_mocap_bridge_pkg.egg-info/PKG-INFO
[0.473s] writing dependency_links to ../../build/wyrm_mocap_bridge_pkg/wyrm_mocap_bridge_pkg.egg-info/dependency_links.txt
[0.473s] writing entry points to ../../build/wyrm_mocap_bridge_pkg/wyrm_mocap_bridge_pkg.egg-info/entry_points.txt
[0.473s] writing requirements to ../../build/wyrm_mocap_bridge_pkg/wyrm_mocap_bridge_pkg.egg-info/requires.txt
[0.473s] writing top-level names to ../../build/wyrm_mocap_bridge_pkg/wyrm_mocap_bridge_pkg.egg-info/top_level.txt
[0.473s] reading manifest file '../../build/wyrm_mocap_bridge_pkg/wyrm_mocap_bridge_pkg.egg-info/SOURCES.txt'
[0.474s] writing manifest file '../../build/wyrm_mocap_bridge_pkg/wyrm_mocap_bridge_pkg.egg-info/SOURCES.txt'
[0.474s] running build
[0.474s] running build_py
[0.474s] running install
[0.474s] running install_lib
[0.474s] running install_data
[0.475s] running install_egg_info
[0.476s] removing '/home/ws/install/wyrm_mocap_bridge_pkg/lib/python3.10/site-packages/wyrm_mocap_bridge_pkg-0.0.0-py3.10.egg-info' (and everything under it)
[0.476s] Copying ../../build/wyrm_mocap_bridge_pkg/wyrm_mocap_bridge_pkg.egg-info to /home/ws/install/wyrm_mocap_bridge_pkg/lib/python3.10/site-packages/wyrm_mocap_bridge_pkg-0.0.0-py3.10.egg-info
[0.477s] running install_scripts
[0.488s] Installing wyrm_mocap_bridge_node script to /home/ws/install/wyrm_mocap_bridge_pkg/lib/wyrm_mocap_bridge_pkg
[0.488s] writing list of installed files to '/home/ws/build/wyrm_mocap_bridge_pkg/install.log'
[0.505s] Invoked command in '/home/ws/src/wyrm_mocap_bridge_pkg' returned '0': AMENT_PREFIX_PATH=/home/ws/install/wyrm_msgs:${AMENT_PREFIX_PATH} CMAKE_PREFIX_PATH=/home/ws/install/wyrm_msgs LD_LIBRARY_PATH=/home/ws/install/wyrm_msgs/lib:${LD_LIBRARY_PATH} PYTHONPATH=/home/ws/build/wyrm_mocap_bridge_pkg/prefix_override:/usr/lib/python3/dist-packages/colcon_core/task/python/colcon_distutils_commands:/home/ws/install/wyrm_mocap_bridge_pkg/lib/python3.10/site-packages:/home/ws/install/wyrm_msgs/local/lib/python3.10/dist-packages:${PYTHONPATH} /usr/bin/python3 -W ignore:setup.py install is deprecated -W ignore:easy_install command is deprecated setup.py egg_info --egg-base ../../build/wyrm_mocap_bridge_pkg build --build-base /home/ws/build/wyrm_mocap_bridge_pkg/build install --record /home/ws/build/wyrm_mocap_bridge_pkg/install.log --install-scripts $base/lib/wyrm_mocap_bridge_pkg --single-version-externally-managed install_data
