running egg_info
writing ../../build/wyrm_mocap_bridge_pkg/wyrm_mocap_bridge_pkg.egg-info/PKG-INFO
writing dependency_links to ../../build/wyrm_mocap_bridge_pkg/wyrm_mocap_bridge_pkg.egg-info/dependency_links.txt
writing entry points to ../../build/wyrm_mocap_bridge_pkg/wyrm_mocap_bridge_pkg.egg-info/entry_points.txt
writing requirements to ../../build/wyrm_mocap_bridge_pkg/wyrm_mocap_bridge_pkg.egg-info/requires.txt
writing top-level names to ../../build/wyrm_mocap_bridge_pkg/wyrm_mocap_bridge_pkg.egg-info/top_level.txt
reading manifest file '../../build/wyrm_mocap_bridge_pkg/wyrm_mocap_bridge_pkg.egg-info/SOURCES.txt'
writing manifest file '../../build/wyrm_mocap_bridge_pkg/wyrm_mocap_bridge_pkg.egg-info/SOURCES.txt'
running build
running build_py
copying wyrm_mocap_bridge_pkg/bridge_node.py -> /home/ws/build/wyrm_mocap_bridge_pkg/build/lib/wyrm_mocap_bridge_pkg
running install
running install_lib
copying /home/ws/build/wyrm_mocap_bridge_pkg/build/lib/wyrm_mocap_bridge_pkg/bridge_node.py -> /home/ws/install/wyrm_mocap_bridge_pkg/lib/python3.10/site-packages/wyrm_mocap_bridge_pkg
byte-compiling /home/ws/install/wyrm_mocap_bridge_pkg/lib/python3.10/site-packages/wyrm_mocap_bridge_pkg/bridge_node.py to bridge_node.cpython-310.pyc
running install_data
running install_egg_info
removing '/home/ws/install/wyrm_mocap_bridge_pkg/lib/python3.10/site-packages/wyrm_mocap_bridge_pkg-0.0.0-py3.10.egg-info' (and everything under it)
Copying ../../build/wyrm_mocap_bridge_pkg/wyrm_mocap_bridge_pkg.egg-info to /home/ws/install/wyrm_mocap_bridge_pkg/lib/python3.10/site-packages/wyrm_mocap_bridge_pkg-0.0.0-py3.10.egg-info
running install_scripts
Installing wyrm_mocap_bridge_node script to /home/ws/install/wyrm_mocap_bridge_pkg/lib/wyrm_mocap_bridge_pkg
writing list of installed files to '/home/ws/build/wyrm_mocap_bridge_pkg/install.log'
