[0.014s] Invoking command in '/home/ws/build/wyrm_msgs': CMAKE_PREFIX_PATH=/opt/ros/humble /usr/bin/cmake --build /home/ws/build/wyrm_msgs -- -j16 -l16
[0.076s] [  8%] Built target wyrm_msgs__rs
[0.077s] [ 10%] Built target wyrm_msgs__cpp
[0.077s] [ 14%] Built target wyrm_msgs__rosidl_generator_c
[0.085s] [ 14%] Built target ament_cmake_python_copy_wyrm_msgs
[0.093s] [ 35%] Built target wyrm_msgs__rosidl_typesupport_c
[0.093s] [ 35%] Built target wyrm_msgs__rosidl_typesupport_introspection_c
[0.093s] [ 45%] Built target wyrm_msgs__rosidl_typesupport_introspection_cpp
[0.093s] [ 56%] Built target wyrm_msgs__rosidl_typesupport_cpp
[0.096s] [ 66%] Built target wyrm_msgs__rosidl_typesupport_fastrtps_cpp
[0.100s] [ 77%] Built target wyrm_msgs__rosidl_typesupport_fastrtps_c
[0.117s] [ 77%] Built target wyrm_msgs
[0.134s] [ 79%] Built target wyrm_msgs__py
[0.148s] [ 87%] Built target wyrm_msgs__rosidl_generator_py
[0.160s] [100%] Built target wyrm_msgs__rosidl_typesupport_introspection_c__pyext
[0.160s] [100%] Built target wyrm_msgs__rosidl_typesupport_c__pyext
[0.160s] [100%] Built target wyrm_msgs__rosidl_typesupport_fastrtps_c__pyext
[0.199s] running egg_info
[0.199s] writing wyrm_msgs.egg-info/PKG-INFO
[0.199s] writing dependency_links to wyrm_msgs.egg-info/dependency_links.txt
[0.199s] writing top-level names to wyrm_msgs.egg-info/top_level.txt
[0.200s] reading manifest file 'wyrm_msgs.egg-info/SOURCES.txt'
[0.201s] writing manifest file 'wyrm_msgs.egg-info/SOURCES.txt'
[0.215s] [100%] Built target ament_cmake_python_build_wyrm_msgs_egg
[0.222s] Invoked command in '/home/ws/build/wyrm_msgs' returned '0': CMAKE_PREFIX_PATH=/opt/ros/humble /usr/bin/cmake --build /home/ws/build/wyrm_msgs -- -j16 -l16
[0.228s] Invoking command in '/home/ws/build/wyrm_msgs': CMAKE_PREFIX_PATH=/opt/ros/humble /usr/bin/cmake --install /home/ws/build/wyrm_msgs
[0.233s] -- Install configuration: ""
[0.233s] -- Up-to-date: /home/ws/install/wyrm_msgs/share/ament_index/resource_index/rosidl_interfaces/wyrm_msgs
[0.233s] -- Up-to-date: /home/ws/install/wyrm_msgs/include/wyrm_msgs/wyrm_msgs
[0.233s] -- Up-to-date: /home/ws/install/wyrm_msgs/include/wyrm_msgs/wyrm_msgs/msg
[0.233s] -- Up-to-date: /home/ws/install/wyrm_msgs/include/wyrm_msgs/wyrm_msgs/msg/rosidl_generator_c__visibility_control.h
[0.233s] -- Up-to-date: /home/ws/install/wyrm_msgs/include/wyrm_msgs/wyrm_msgs/msg/detail
[0.233s] -- Up-to-date: /home/ws/install/wyrm_msgs/include/wyrm_msgs/wyrm_msgs/msg/detail/frame__type_support.h
[0.233s] -- Up-to-date: /home/ws/install/wyrm_msgs/include/wyrm_msgs/wyrm_msgs/msg/detail/frame__functions.h
[0.233s] -- Up-to-date: /home/ws/install/wyrm_msgs/include/wyrm_msgs/wyrm_msgs/msg/detail/rigid_body__struct.h
[0.233s] -- Up-to-date: /home/ws/install/wyrm_msgs/include/wyrm_msgs/wyrm_msgs/msg/detail/frame__struct.h
[0.233s] -- Up-to-date: /home/ws/install/wyrm_msgs/include/wyrm_msgs/wyrm_msgs/msg/detail/rigid_body__type_support.h
[0.233s] -- Up-to-date: /home/ws/install/wyrm_msgs/include/wyrm_msgs/wyrm_msgs/msg/detail/description__type_support.h
[0.233s] -- Up-to-date: /home/ws/install/wyrm_msgs/include/wyrm_msgs/wyrm_msgs/msg/detail/description__struct.h
[0.233s] -- Up-to-date: /home/ws/install/wyrm_msgs/include/wyrm_msgs/wyrm_msgs/msg/detail/frame__functions.c
[0.233s] -- Up-to-date: /home/ws/install/wyrm_msgs/include/wyrm_msgs/wyrm_msgs/msg/detail/rigid_body__functions.h
[0.233s] -- Up-to-date: /home/ws/install/wyrm_msgs/include/wyrm_msgs/wyrm_msgs/msg/detail/description__functions.h
[0.233s] -- Up-to-date: /home/ws/install/wyrm_msgs/include/wyrm_msgs/wyrm_msgs/msg/detail/rigid_body__functions.c
[0.234s] -- Up-to-date: /home/ws/install/wyrm_msgs/include/wyrm_msgs/wyrm_msgs/msg/detail/description__functions.c
[0.234s] -- Up-to-date: /home/ws/install/wyrm_msgs/include/wyrm_msgs/wyrm_msgs/msg/frame.h
[0.234s] -- Up-to-date: /home/ws/install/wyrm_msgs/include/wyrm_msgs/wyrm_msgs/msg/rigid_body.h
[0.234s] -- Up-to-date: /home/ws/install/wyrm_msgs/include/wyrm_msgs/wyrm_msgs/msg/description.h
[0.234s] -- Up-to-date: /home/ws/install/wyrm_msgs/share/wyrm_msgs/environment/library_path.sh
[0.234s] -- Up-to-date: /home/ws/install/wyrm_msgs/share/wyrm_msgs/environment/library_path.dsv
[0.234s] -- Up-to-date: /home/ws/install/wyrm_msgs/lib/libwyrm_msgs__rosidl_generator_c.so
[0.234s] -- Up-to-date: /home/ws/install/wyrm_msgs/include/wyrm_msgs/wyrm_msgs
[0.234s] -- Up-to-date: /home/ws/install/wyrm_msgs/include/wyrm_msgs/wyrm_msgs/msg
[0.234s] -- Up-to-date: /home/ws/install/wyrm_msgs/include/wyrm_msgs/wyrm_msgs/msg/rosidl_typesupport_fastrtps_c__visibility_control.h
[0.234s] -- Up-to-date: /home/ws/install/wyrm_msgs/include/wyrm_msgs/wyrm_msgs/msg/detail
[0.234s] -- Up-to-date: /home/ws/install/wyrm_msgs/include/wyrm_msgs/wyrm_msgs/msg/detail/frame__rosidl_typesupport_fastrtps_c.h
[0.234s] -- Up-to-date: /home/ws/install/wyrm_msgs/include/wyrm_msgs/wyrm_msgs/msg/detail/description__rosidl_typesupport_fastrtps_c.h
[0.234s] -- Up-to-date: /home/ws/install/wyrm_msgs/include/wyrm_msgs/wyrm_msgs/msg/detail/rigid_body__rosidl_typesupport_fastrtps_c.h
[0.234s] -- Up-to-date: /home/ws/install/wyrm_msgs/lib/libwyrm_msgs__rosidl_typesupport_fastrtps_c.so
[0.234s] -- Up-to-date: /home/ws/install/wyrm_msgs/include/wyrm_msgs/wyrm_msgs
[0.234s] -- Up-to-date: /home/ws/install/wyrm_msgs/include/wyrm_msgs/wyrm_msgs/msg
[0.234s] -- Up-to-date: /home/ws/install/wyrm_msgs/include/wyrm_msgs/wyrm_msgs/msg/detail
[0.234s] -- Up-to-date: /home/ws/install/wyrm_msgs/include/wyrm_msgs/wyrm_msgs/msg/detail/frame__type_support.c
[0.234s] -- Up-to-date: /home/ws/install/wyrm_msgs/include/wyrm_msgs/wyrm_msgs/msg/detail/rigid_body__type_support.c
[0.234s] -- Up-to-date: /home/ws/install/wyrm_msgs/include/wyrm_msgs/wyrm_msgs/msg/detail/rigid_body__rosidl_typesupport_introspection_c.h
[0.234s] -- Up-to-date: /home/ws/install/wyrm_msgs/include/wyrm_msgs/wyrm_msgs/msg/detail/frame__rosidl_typesupport_introspection_c.h
[0.234s] -- Up-to-date: /home/ws/install/wyrm_msgs/include/wyrm_msgs/wyrm_msgs/msg/detail/description__type_support.c
[0.234s] -- Up-to-date: /home/ws/install/wyrm_msgs/include/wyrm_msgs/wyrm_msgs/msg/detail/description__rosidl_typesupport_introspection_c.h
[0.234s] -- Up-to-date: /home/ws/install/wyrm_msgs/include/wyrm_msgs/wyrm_msgs/msg/rosidl_typesupport_introspection_c__visibility_control.h
[0.234s] -- Up-to-date: /home/ws/install/wyrm_msgs/lib/libwyrm_msgs__rosidl_typesupport_introspection_c.so
[0.235s] -- Up-to-date: /home/ws/install/wyrm_msgs/lib/libwyrm_msgs__rosidl_typesupport_c.so
[0.235s] -- Up-to-date: /home/ws/install/wyrm_msgs/include/wyrm_msgs/wyrm_msgs
[0.235s] -- Up-to-date: /home/ws/install/wyrm_msgs/include/wyrm_msgs/wyrm_msgs/msg
[0.235s] -- Up-to-date: /home/ws/install/wyrm_msgs/include/wyrm_msgs/wyrm_msgs/msg/frame.hpp
[0.235s] -- Up-to-date: /home/ws/install/wyrm_msgs/include/wyrm_msgs/wyrm_msgs/msg/rigid_body.hpp
[0.235s] -- Up-to-date: /home/ws/install/wyrm_msgs/include/wyrm_msgs/wyrm_msgs/msg/detail
[0.235s] -- Up-to-date: /home/ws/install/wyrm_msgs/include/wyrm_msgs/wyrm_msgs/msg/detail/description__type_support.hpp
[0.235s] -- Up-to-date: /home/ws/install/wyrm_msgs/include/wyrm_msgs/wyrm_msgs/msg/detail/description__struct.hpp
[0.235s] -- Up-to-date: /home/ws/install/wyrm_msgs/include/wyrm_msgs/wyrm_msgs/msg/detail/frame__type_support.hpp
[0.235s] -- Up-to-date: /home/ws/install/wyrm_msgs/include/wyrm_msgs/wyrm_msgs/msg/detail/description__builder.hpp
[0.235s] -- Up-to-date: /home/ws/install/wyrm_msgs/include/wyrm_msgs/wyrm_msgs/msg/detail/rigid_body__traits.hpp
[0.235s] -- Up-to-date: /home/ws/install/wyrm_msgs/include/wyrm_msgs/wyrm_msgs/msg/detail/description__traits.hpp
[0.235s] -- Up-to-date: /home/ws/install/wyrm_msgs/include/wyrm_msgs/wyrm_msgs/msg/detail/rigid_body__builder.hpp
[0.235s] -- Up-to-date: /home/ws/install/wyrm_msgs/include/wyrm_msgs/wyrm_msgs/msg/detail/rigid_body__struct.hpp
[0.235s] -- Up-to-date: /home/ws/install/wyrm_msgs/include/wyrm_msgs/wyrm_msgs/msg/detail/rigid_body__type_support.hpp
[0.235s] -- Up-to-date: /home/ws/install/wyrm_msgs/include/wyrm_msgs/wyrm_msgs/msg/detail/frame__traits.hpp
[0.235s] -- Up-to-date: /home/ws/install/wyrm_msgs/include/wyrm_msgs/wyrm_msgs/msg/detail/frame__struct.hpp
[0.235s] -- Up-to-date: /home/ws/install/wyrm_msgs/include/wyrm_msgs/wyrm_msgs/msg/detail/frame__builder.hpp
[0.235s] -- Up-to-date: /home/ws/install/wyrm_msgs/include/wyrm_msgs/wyrm_msgs/msg/description.hpp
[0.235s] -- Up-to-date: /home/ws/install/wyrm_msgs/include/wyrm_msgs/wyrm_msgs/msg/rosidl_generator_cpp__visibility_control.hpp
[0.235s] -- Up-to-date: /home/ws/install/wyrm_msgs/include/wyrm_msgs/wyrm_msgs
[0.235s] -- Up-to-date: /home/ws/install/wyrm_msgs/include/wyrm_msgs/wyrm_msgs/msg
[0.235s] -- Up-to-date: /home/ws/install/wyrm_msgs/include/wyrm_msgs/wyrm_msgs/msg/detail
[0.235s] -- Up-to-date: /home/ws/install/wyrm_msgs/include/wyrm_msgs/wyrm_msgs/msg/detail/description__rosidl_typesupport_fastrtps_cpp.hpp
[0.235s] -- Up-to-date: /home/ws/install/wyrm_msgs/include/wyrm_msgs/wyrm_msgs/msg/detail/dds_fastrtps
[0.236s] -- Up-to-date: /home/ws/install/wyrm_msgs/include/wyrm_msgs/wyrm_msgs/msg/detail/frame__rosidl_typesupport_fastrtps_cpp.hpp
[0.236s] -- Up-to-date: /home/ws/install/wyrm_msgs/include/wyrm_msgs/wyrm_msgs/msg/detail/rigid_body__rosidl_typesupport_fastrtps_cpp.hpp
[0.236s] -- Up-to-date: /home/ws/install/wyrm_msgs/include/wyrm_msgs/wyrm_msgs/msg/rosidl_typesupport_fastrtps_cpp__visibility_control.h
[0.236s] -- Up-to-date: /home/ws/install/wyrm_msgs/lib/libwyrm_msgs__rosidl_typesupport_fastrtps_cpp.so
[0.236s] -- Up-to-date: /home/ws/install/wyrm_msgs/include/wyrm_msgs/wyrm_msgs
[0.236s] -- Up-to-date: /home/ws/install/wyrm_msgs/include/wyrm_msgs/wyrm_msgs/msg
[0.236s] -- Up-to-date: /home/ws/install/wyrm_msgs/include/wyrm_msgs/wyrm_msgs/msg/detail
[0.236s] -- Up-to-date: /home/ws/install/wyrm_msgs/include/wyrm_msgs/wyrm_msgs/msg/detail/frame__type_support.cpp
[0.236s] -- Up-to-date: /home/ws/install/wyrm_msgs/include/wyrm_msgs/wyrm_msgs/msg/detail/rigid_body__rosidl_typesupport_introspection_cpp.hpp
[0.236s] -- Up-to-date: /home/ws/install/wyrm_msgs/include/wyrm_msgs/wyrm_msgs/msg/detail/rigid_body__type_support.cpp
[0.236s] -- Up-to-date: /home/ws/install/wyrm_msgs/include/wyrm_msgs/wyrm_msgs/msg/detail/frame__rosidl_typesupport_introspection_cpp.hpp
[0.236s] -- Up-to-date: /home/ws/install/wyrm_msgs/include/wyrm_msgs/wyrm_msgs/msg/detail/description__type_support.cpp
[0.236s] -- Up-to-date: /home/ws/install/wyrm_msgs/include/wyrm_msgs/wyrm_msgs/msg/detail/description__rosidl_typesupport_introspection_cpp.hpp
[0.236s] -- Up-to-date: /home/ws/install/wyrm_msgs/lib/libwyrm_msgs__rosidl_typesupport_introspection_cpp.so
[0.236s] -- Up-to-date: /home/ws/install/wyrm_msgs/lib/libwyrm_msgs__rosidl_typesupport_cpp.so
[0.236s] -- Up-to-date: /home/ws/install/wyrm_msgs/share/wyrm_msgs/environment/pythonpath.sh
[0.236s] -- Up-to-date: /home/ws/install/wyrm_msgs/share/wyrm_msgs/environment/pythonpath.dsv
[0.236s] -- Up-to-date: /home/ws/install/wyrm_msgs/local/lib/python3.10/dist-packages/wyrm_msgs-1.0.0-py3.10.egg-info
[0.236s] -- Installing: /home/ws/install/wyrm_msgs/local/lib/python3.10/dist-packages/wyrm_msgs-1.0.0-py3.10.egg-info/SOURCES.txt
[0.236s] -- Installing: /home/ws/install/wyrm_msgs/local/lib/python3.10/dist-packages/wyrm_msgs-1.0.0-py3.10.egg-info/PKG-INFO
[0.236s] -- Installing: /home/ws/install/wyrm_msgs/local/lib/python3.10/dist-packages/wyrm_msgs-1.0.0-py3.10.egg-info/top_level.txt
[0.236s] -- Installing: /home/ws/install/wyrm_msgs/local/lib/python3.10/dist-packages/wyrm_msgs-1.0.0-py3.10.egg-info/dependency_links.txt
[0.236s] -- Up-to-date: /home/ws/install/wyrm_msgs/local/lib/python3.10/dist-packages/wyrm_msgs
[0.236s] -- Up-to-date: /home/ws/install/wyrm_msgs/local/lib/python3.10/dist-packages/wyrm_msgs/wyrm_msgs_s__rosidl_typesupport_introspection_c.cpython-310-x86_64-linux-gnu.so
[0.236s] -- Up-to-date: /home/ws/install/wyrm_msgs/local/lib/python3.10/dist-packages/wyrm_msgs/libwyrm_msgs__rosidl_generator_py.so
[0.236s] -- Up-to-date: /home/ws/install/wyrm_msgs/local/lib/python3.10/dist-packages/wyrm_msgs/msg
[0.236s] -- Up-to-date: /home/ws/install/wyrm_msgs/local/lib/python3.10/dist-packages/wyrm_msgs/msg/_frame_s.c
[0.236s] -- Up-to-date: /home/ws/install/wyrm_msgs/local/lib/python3.10/dist-packages/wyrm_msgs/msg/_description.py
[0.237s] -- Up-to-date: /home/ws/install/wyrm_msgs/local/lib/python3.10/dist-packages/wyrm_msgs/msg/_description_s.c
[0.237s] -- Up-to-date: /home/ws/install/wyrm_msgs/local/lib/python3.10/dist-packages/wyrm_msgs/msg/__init__.py
[0.237s] -- Up-to-date: /home/ws/install/wyrm_msgs/local/lib/python3.10/dist-packages/wyrm_msgs/msg/_rigid_body_s.c
[0.237s] -- Up-to-date: /home/ws/install/wyrm_msgs/local/lib/python3.10/dist-packages/wyrm_msgs/msg/_rigid_body.py
[0.237s] -- Up-to-date: /home/ws/install/wyrm_msgs/local/lib/python3.10/dist-packages/wyrm_msgs/msg/_frame.py
[0.237s] -- Up-to-date: /home/ws/install/wyrm_msgs/local/lib/python3.10/dist-packages/wyrm_msgs/wyrm_msgs_s__rosidl_typesupport_c.cpython-310-x86_64-linux-gnu.so
[0.237s] -- Up-to-date: /home/ws/install/wyrm_msgs/local/lib/python3.10/dist-packages/wyrm_msgs/wyrm_msgs_s__rosidl_typesupport_fastrtps_c.cpython-310-x86_64-linux-gnu.so
[0.237s] -- Up-to-date: /home/ws/install/wyrm_msgs/local/lib/python3.10/dist-packages/wyrm_msgs/__init__.py
[0.237s] -- Up-to-date: /home/ws/install/wyrm_msgs/local/lib/python3.10/dist-packages/wyrm_msgs/_wyrm_msgs_s.ep.rosidl_typesupport_introspection_c.c
[0.237s] -- Up-to-date: /home/ws/install/wyrm_msgs/local/lib/python3.10/dist-packages/wyrm_msgs/_wyrm_msgs_s.ep.rosidl_typesupport_fastrtps_c.c
[0.237s] -- Up-to-date: /home/ws/install/wyrm_msgs/local/lib/python3.10/dist-packages/wyrm_msgs/_wyrm_msgs_s.ep.rosidl_typesupport_c.c
[0.254s] Listing '/home/ws/install/wyrm_msgs/local/lib/python3.10/dist-packages/wyrm_msgs'...
[0.254s] Listing '/home/ws/install/wyrm_msgs/local/lib/python3.10/dist-packages/wyrm_msgs/msg'...
[0.257s] -- Up-to-date: /home/ws/install/wyrm_msgs/local/lib/python3.10/dist-packages/wyrm_msgs/wyrm_msgs_s__rosidl_typesupport_fastrtps_c.cpython-310-x86_64-linux-gnu.so
[0.257s] -- Up-to-date: /home/ws/install/wyrm_msgs/local/lib/python3.10/dist-packages/wyrm_msgs/wyrm_msgs_s__rosidl_typesupport_introspection_c.cpython-310-x86_64-linux-gnu.so
[0.257s] -- Up-to-date: /home/ws/install/wyrm_msgs/local/lib/python3.10/dist-packages/wyrm_msgs/wyrm_msgs_s__rosidl_typesupport_c.cpython-310-x86_64-linux-gnu.so
[0.258s] -- Up-to-date: /home/ws/install/wyrm_msgs/lib/libwyrm_msgs__rosidl_generator_py.so
[0.258s] -- Up-to-date: /home/ws/install/wyrm_msgs/share/ament_index/resource_index/rust_packages/wyrm_msgs
[0.258s] -- Up-to-date: /home/ws/install/wyrm_msgs/share/wyrm_msgs/rust
[0.258s] -- Up-to-date: /home/ws/install/wyrm_msgs/share/wyrm_msgs/rust/build.rs
[0.258s] -- Up-to-date: /home/ws/install/wyrm_msgs/share/wyrm_msgs/rust/Cargo.toml
[0.258s] -- Up-to-date: /home/ws/install/wyrm_msgs/share/wyrm_msgs/rust/src
[0.258s] -- Up-to-date: /home/ws/install/wyrm_msgs/share/wyrm_msgs/rust/src/lib.rs
[0.258s] -- Up-to-date: /home/ws/install/wyrm_msgs/share/wyrm_msgs/rust/src/msg
[0.258s] -- Up-to-date: /home/ws/install/wyrm_msgs/share/wyrm_msgs/rust/src/msg/rmw.rs
[0.258s] -- Up-to-date: /home/ws/install/wyrm_msgs/share/wyrm_msgs/rust/src/msg.rs
[0.258s] -- Up-to-date: /home/ws/install/wyrm_msgs/share/wyrm_msgs/msg/Description.idl
[0.258s] -- Up-to-date: /home/ws/install/wyrm_msgs/share/wyrm_msgs/msg/RigidBody.idl
[0.258s] -- Up-to-date: /home/ws/install/wyrm_msgs/share/wyrm_msgs/msg/Frame.idl
[0.258s] -- Up-to-date: /home/ws/install/wyrm_msgs/share/wyrm_msgs/msg/Description.msg
[0.258s] -- Up-to-date: /home/ws/install/wyrm_msgs/share/wyrm_msgs/msg/RigidBody.msg
[0.258s] -- Up-to-date: /home/ws/install/wyrm_msgs/share/wyrm_msgs/msg/Frame.msg
[0.258s] -- Up-to-date: /home/ws/install/wyrm_msgs/share/ament_index/resource_index/package_run_dependencies/wyrm_msgs
[0.258s] -- Up-to-date: /home/ws/install/wyrm_msgs/share/ament_index/resource_index/parent_prefix_path/wyrm_msgs
[0.258s] -- Up-to-date: /home/ws/install/wyrm_msgs/share/wyrm_msgs/environment/ament_prefix_path.sh
[0.258s] -- Up-to-date: /home/ws/install/wyrm_msgs/share/wyrm_msgs/environment/ament_prefix_path.dsv
[0.258s] -- Up-to-date: /home/ws/install/wyrm_msgs/share/wyrm_msgs/environment/path.sh
[0.259s] -- Up-to-date: /home/ws/install/wyrm_msgs/share/wyrm_msgs/environment/path.dsv
[0.259s] -- Up-to-date: /home/ws/install/wyrm_msgs/share/wyrm_msgs/local_setup.bash
[0.259s] -- Up-to-date: /home/ws/install/wyrm_msgs/share/wyrm_msgs/local_setup.sh
[0.259s] -- Up-to-date: /home/ws/install/wyrm_msgs/share/wyrm_msgs/local_setup.zsh
[0.259s] -- Up-to-date: /home/ws/install/wyrm_msgs/share/wyrm_msgs/local_setup.dsv
[0.259s] -- Installing: /home/ws/install/wyrm_msgs/share/wyrm_msgs/package.dsv
[0.259s] -- Up-to-date: /home/ws/install/wyrm_msgs/share/ament_index/resource_index/packages/wyrm_msgs
[0.259s] -- Up-to-date: /home/ws/install/wyrm_msgs/share/wyrm_msgs/cmake/export_wyrm_msgs__rosidl_generator_cExport.cmake
[0.259s] -- Up-to-date: /home/ws/install/wyrm_msgs/share/wyrm_msgs/cmake/export_wyrm_msgs__rosidl_generator_cExport-noconfig.cmake
[0.259s] -- Up-to-date: /home/ws/install/wyrm_msgs/share/wyrm_msgs/cmake/export_wyrm_msgs__rosidl_typesupport_fastrtps_cExport.cmake
[0.259s] -- Up-to-date: /home/ws/install/wyrm_msgs/share/wyrm_msgs/cmake/export_wyrm_msgs__rosidl_typesupport_fastrtps_cExport-noconfig.cmake
[0.259s] -- Up-to-date: /home/ws/install/wyrm_msgs/share/wyrm_msgs/cmake/wyrm_msgs__rosidl_typesupport_introspection_cExport.cmake
[0.259s] -- Up-to-date: /home/ws/install/wyrm_msgs/share/wyrm_msgs/cmake/wyrm_msgs__rosidl_typesupport_introspection_cExport-noconfig.cmake
[0.259s] -- Up-to-date: /home/ws/install/wyrm_msgs/share/wyrm_msgs/cmake/wyrm_msgs__rosidl_typesupport_cExport.cmake
[0.259s] -- Up-to-date: /home/ws/install/wyrm_msgs/share/wyrm_msgs/cmake/wyrm_msgs__rosidl_typesupport_cExport-noconfig.cmake
[0.259s] -- Up-to-date: /home/ws/install/wyrm_msgs/share/wyrm_msgs/cmake/export_wyrm_msgs__rosidl_generator_cppExport.cmake
[0.259s] -- Up-to-date: /home/ws/install/wyrm_msgs/share/wyrm_msgs/cmake/export_wyrm_msgs__rosidl_typesupport_fastrtps_cppExport.cmake
[0.259s] -- Up-to-date: /home/ws/install/wyrm_msgs/share/wyrm_msgs/cmake/export_wyrm_msgs__rosidl_typesupport_fastrtps_cppExport-noconfig.cmake
[0.259s] -- Up-to-date: /home/ws/install/wyrm_msgs/share/wyrm_msgs/cmake/wyrm_msgs__rosidl_typesupport_introspection_cppExport.cmake
[0.259s] -- Up-to-date: /home/ws/install/wyrm_msgs/share/wyrm_msgs/cmake/wyrm_msgs__rosidl_typesupport_introspection_cppExport-noconfig.cmake
[0.259s] -- Up-to-date: /home/ws/install/wyrm_msgs/share/wyrm_msgs/cmake/wyrm_msgs__rosidl_typesupport_cppExport.cmake
[0.260s] -- Up-to-date: /home/ws/install/wyrm_msgs/share/wyrm_msgs/cmake/wyrm_msgs__rosidl_typesupport_cppExport-noconfig.cmake
[0.260s] -- Up-to-date: /home/ws/install/wyrm_msgs/share/wyrm_msgs/cmake/export_wyrm_msgs__rosidl_generator_pyExport.cmake
[0.260s] -- Up-to-date: /home/ws/install/wyrm_msgs/share/wyrm_msgs/cmake/export_wyrm_msgs__rosidl_generator_pyExport-noconfig.cmake
[0.260s] -- Up-to-date: /home/ws/install/wyrm_msgs/share/wyrm_msgs/cmake/rosidl_cmake-extras.cmake
[0.260s] -- Up-to-date: /home/ws/install/wyrm_msgs/share/wyrm_msgs/cmake/ament_cmake_export_dependencies-extras.cmake
[0.260s] -- Up-to-date: /home/ws/install/wyrm_msgs/share/wyrm_msgs/cmake/ament_cmake_export_include_directories-extras.cmake
[0.260s] -- Up-to-date: /home/ws/install/wyrm_msgs/share/wyrm_msgs/cmake/ament_cmake_export_libraries-extras.cmake
[0.260s] -- Up-to-date: /home/ws/install/wyrm_msgs/share/wyrm_msgs/cmake/ament_cmake_export_targets-extras.cmake
[0.260s] -- Up-to-date: /home/ws/install/wyrm_msgs/share/wyrm_msgs/cmake/rosidl_cmake_export_typesupport_targets-extras.cmake
[0.260s] -- Up-to-date: /home/ws/install/wyrm_msgs/share/wyrm_msgs/cmake/rosidl_cmake_export_typesupport_libraries-extras.cmake
[0.260s] -- Up-to-date: /home/ws/install/wyrm_msgs/share/wyrm_msgs/cmake/wyrm_msgsConfig.cmake
[0.260s] -- Up-to-date: /home/ws/install/wyrm_msgs/share/wyrm_msgs/cmake/wyrm_msgsConfig-version.cmake
[0.260s] -- Up-to-date: /home/ws/install/wyrm_msgs/share/wyrm_msgs/package.xml
[0.262s] Invoked command in '/home/ws/build/wyrm_msgs' returned '0': CMAKE_PREFIX_PATH=/opt/ros/humble /usr/bin/cmake --install /home/ws/build/wyrm_msgs
