[0.261s] Invoking command in '/home/ws/src/wyrm_mocap_bridge_pkg': AMENT_PREFIX_PATH=/home/ws/install/wyrm_msgs:${AMENT_PREFIX_PATH} CMAKE_PREFIX_PATH=/home/ws/install/wyrm_msgs LD_LIBRARY_PATH=/home/ws/install/wyrm_msgs/lib:${LD_LIBRARY_PATH} PYTHONPATH=/home/ws/build/wyrm_mocap_bridge_pkg/prefix_override:/usr/lib/python3/dist-packages/colcon_core/task/python/colcon_distutils_commands:/home/ws/install/wyrm_mocap_bridge_pkg/lib/python3.10/site-packages:/home/ws/install/wyrm_msgs/local/lib/python3.10/dist-packages:${PYTHONPATH} /usr/bin/python3 -W ignore:setup.py install is deprecated -W ignore:easy_install command is deprecated setup.py egg_info --egg-base ../../build/wyrm_mocap_bridge_pkg build --build-base /home/ws/build/wyrm_mocap_bridge_pkg/build install --record /home/ws/build/wyrm_mocap_bridge_pkg/install.log --install-scripts $base/lib/wyrm_mocap_bridge_pkg --single-version-externally-managed install_data
[0.358s] running egg_info
[0.358s] creating ../../build/wyrm_mocap_bridge_pkg/wyrm_mocap_bridge_pkg.egg-info
[0.358s] writing ../../build/wyrm_mocap_bridge_pkg/wyrm_mocap_bridge_pkg.egg-info/PKG-INFO
[0.358s] writing dependency_links to ../../build/wyrm_mocap_bridge_pkg/wyrm_mocap_bridge_pkg.egg-info/dependency_links.txt
[0.359s] writing entry points to ../../build/wyrm_mocap_bridge_pkg/wyrm_mocap_bridge_pkg.egg-info/entry_points.txt
[0.359s] writing requirements to ../../build/wyrm_mocap_bridge_pkg/wyrm_mocap_bridge_pkg.egg-info/requires.txt
[0.359s] writing top-level names to ../../build/wyrm_mocap_bridge_pkg/wyrm_mocap_bridge_pkg.egg-info/top_level.txt
[0.359s] writing manifest file '../../build/wyrm_mocap_bridge_pkg/wyrm_mocap_bridge_pkg.egg-info/SOURCES.txt'
[0.359s] reading manifest file '../../build/wyrm_mocap_bridge_pkg/wyrm_mocap_bridge_pkg.egg-info/SOURCES.txt'
[0.360s] writing manifest file '../../build/wyrm_mocap_bridge_pkg/wyrm_mocap_bridge_pkg.egg-info/SOURCES.txt'
[0.360s] running build
[0.360s] running build_py
[0.360s] creating /home/ws/build/wyrm_mocap_bridge_pkg/build
[0.360s] creating /home/ws/build/wyrm_mocap_bridge_pkg/build/lib
[0.360s] creating /home/ws/build/wyrm_mocap_bridge_pkg/build/lib/wyrm_mocap_bridge_pkg
[0.361s] copying wyrm_mocap_bridge_pkg/bridge_node.py -> /home/ws/build/wyrm_mocap_bridge_pkg/build/lib/wyrm_mocap_bridge_pkg
[0.361s] copying wyrm_mocap_bridge_pkg/__init__.py -> /home/ws/build/wyrm_mocap_bridge_pkg/build/lib/wyrm_mocap_bridge_pkg
[0.361s] running install
[0.361s] running install_lib
[0.361s] creating /home/ws/install/wyrm_mocap_bridge_pkg/lib/python3.10/site-packages/wyrm_mocap_bridge_pkg
[0.361s] copying /home/ws/build/wyrm_mocap_bridge_pkg/build/lib/wyrm_mocap_bridge_pkg/bridge_node.py -> /home/ws/install/wyrm_mocap_bridge_pkg/lib/python3.10/site-packages/wyrm_mocap_bridge_pkg
[0.362s] copying /home/ws/build/wyrm_mocap_bridge_pkg/build/lib/wyrm_mocap_bridge_pkg/__init__.py -> /home/ws/install/wyrm_mocap_bridge_pkg/lib/python3.10/site-packages/wyrm_mocap_bridge_pkg
[0.362s] byte-compiling /home/ws/install/wyrm_mocap_bridge_pkg/lib/python3.10/site-packages/wyrm_mocap_bridge_pkg/bridge_node.py to bridge_node.cpython-310.pyc
[0.362s] byte-compiling /home/ws/install/wyrm_mocap_bridge_pkg/lib/python3.10/site-packages/wyrm_mocap_bridge_pkg/__init__.py to __init__.cpython-310.pyc
[0.362s] running install_data
[0.362s] error: can't copy 'resource/wyrm-mocap-bridge_pkg': doesn't exist or not a regular file
[0.372s] Invoked command in '/home/ws/src/wyrm_mocap_bridge_pkg' returned '1': AMENT_PREFIX_PATH=/home/ws/install/wyrm_msgs:${AMENT_PREFIX_PATH} CMAKE_PREFIX_PATH=/home/ws/install/wyrm_msgs LD_LIBRARY_PATH=/home/ws/install/wyrm_msgs/lib:${LD_LIBRARY_PATH} PYTHONPATH=/home/ws/build/wyrm_mocap_bridge_pkg/prefix_override:/usr/lib/python3/dist-packages/colcon_core/task/python/colcon_distutils_commands:/home/ws/install/wyrm_mocap_bridge_pkg/lib/python3.10/site-packages:/home/ws/install/wyrm_msgs/local/lib/python3.10/dist-packages:${PYTHONPATH} /usr/bin/python3 -W ignore:setup.py install is deprecated -W ignore:easy_install command is deprecated setup.py egg_info --egg-base ../../build/wyrm_mocap_bridge_pkg build --build-base /home/ws/build/wyrm_mocap_bridge_pkg/build install --record /home/ws/build/wyrm_mocap_bridge_pkg/install.log --install-scripts $base/lib/wyrm_mocap_bridge_pkg --single-version-externally-managed install_data
