[0.059s] DEBUG:colcon:Command line arguments: ['/usr/bin/colcon', 'build']
[0.059s] DEBUG:colcon:Parsed command line arguments: Namespace(log_base=None, log_level=None, verb_name='build', build_base='build', install_base='install', merge_install=False, symlink_install=False, test_result_base=None, continue_on_error=False, executor='parallel', parallel_workers=16, event_handlers=None, ignore_user_meta=False, metas=['./colcon.meta'], base_paths=['.'], packages_ignore=None, packages_ignore_regex=None, paths=None, packages_up_to=None, packages_up_to_regex=None, packages_above=None, packages_above_and_dependencies=None, packages_above_depth=None, packages_select_by_dep=None, packages_skip_by_dep=None, packages_skip_up_to=None, packages_select_build_failed=False, packages_skip_build_finished=False, packages_select_test_failures=False, packages_skip_test_passed=False, packages_select=None, packages_skip=None, packages_select_regex=None, packages_skip_regex=None, packages_start=None, packages_end=None, cmake_args=None, cmake_target=None, cmake_target_skip_unavailable=False, cmake_clean_cache=False, cmake_clean_first=False, cmake_force_configure=False, ament_cmake_args=None, catkin_cmake_args=None, catkin_skip_building_tests=False, mixin_files=None, mixin=None, verb_parser=<colcon_mixin.mixin.mixin_argument.MixinArgumentDecorator object at 0x725a10cf67a0>, verb_extension=<colcon_core.verb.build.BuildVerb object at 0x725a10cf5d80>, main=<bound method BuildVerb.main of <colcon_core.verb.build.BuildVerb object at 0x725a10cf5d80>>, mixin_verb=('build',))
[0.115s] Level 1:colcon.colcon_core.package_discovery:discover_packages(colcon_meta) check parameters
[0.115s] Level 1:colcon.colcon_core.package_discovery:discover_packages(recursive) check parameters
[0.115s] Level 1:colcon.colcon_core.package_discovery:discover_packages(ignore) check parameters
[0.115s] Level 1:colcon.colcon_core.package_discovery:discover_packages(path) check parameters
[0.115s] Level 1:colcon.colcon_core.package_discovery:discover_packages(colcon_meta) discover
[0.115s] Level 1:colcon.colcon_core.package_discovery:discover_packages(recursive) discover
[0.115s] INFO:colcon.colcon_core.package_discovery:Crawling recursively for packages in '/home/ws'
[0.115s] Level 1:colcon.colcon_core.package_identification:_identify(.) by extensions ['ignore', 'ignore_ament_install']
[0.115s] Level 1:colcon.colcon_core.package_identification:_identify(.) by extension 'ignore'
[0.115s] Level 1:colcon.colcon_core.package_identification:_identify(.) by extension 'ignore_ament_install'
[0.115s] Level 1:colcon.colcon_core.package_identification:_identify(.) by extensions ['colcon_pkg']
[0.115s] Level 1:colcon.colcon_core.package_identification:_identify(.) by extension 'colcon_pkg'
[0.115s] Level 1:colcon.colcon_core.package_identification:_identify(.) by extensions ['colcon_meta']
[0.115s] Level 1:colcon.colcon_core.package_identification:_identify(.) by extension 'colcon_meta'
[0.115s] Level 1:colcon.colcon_core.package_identification:_identify(.) by extensions ['ros']
[0.115s] Level 1:colcon.colcon_core.package_identification:_identify(.) by extension 'ros'
[0.121s] Level 1:colcon.colcon_core.package_identification:_identify(.) by extensions ['cmake', 'python']
[0.121s] Level 1:colcon.colcon_core.package_identification:_identify(.) by extension 'cmake'
[0.122s] Level 1:colcon.colcon_core.package_identification:_identify(.) by extension 'python'
[0.122s] Level 1:colcon.colcon_core.package_identification:_identify(.) by extensions ['python_setup_py']
[0.122s] Level 1:colcon.colcon_core.package_identification:_identify(.) by extension 'python_setup_py'
[0.122s] Level 1:colcon.colcon_core.package_identification:_identify(build) by extensions ['ignore', 'ignore_ament_install']
[0.122s] Level 1:colcon.colcon_core.package_identification:_identify(build) by extension 'ignore'
[0.122s] Level 1:colcon.colcon_core.package_identification:_identify(build) ignored
[0.122s] Level 1:colcon.colcon_core.package_identification:_identify(cache) by extensions ['ignore', 'ignore_ament_install']
[0.122s] Level 1:colcon.colcon_core.package_identification:_identify(cache) by extension 'ignore'
[0.122s] Level 1:colcon.colcon_core.package_identification:_identify(cache) by extension 'ignore_ament_install'
[0.122s] Level 1:colcon.colcon_core.package_identification:_identify(cache) by extensions ['colcon_pkg']
[0.122s] Level 1:colcon.colcon_core.package_identification:_identify(cache) by extension 'colcon_pkg'
[0.122s] Level 1:colcon.colcon_core.package_identification:_identify(cache) by extensions ['colcon_meta']
[0.122s] Level 1:colcon.colcon_core.package_identification:_identify(cache) by extension 'colcon_meta'
[0.122s] Level 1:colcon.colcon_core.package_identification:_identify(cache) by extensions ['ros']
[0.122s] Level 1:colcon.colcon_core.package_identification:_identify(cache) by extension 'ros'
[0.122s] Level 1:colcon.colcon_core.package_identification:_identify(cache) by extensions ['cmake', 'python']
[0.122s] Level 1:colcon.colcon_core.package_identification:_identify(cache) by extension 'cmake'
[0.122s] Level 1:colcon.colcon_core.package_identification:_identify(cache) by extension 'python'
[0.122s] Level 1:colcon.colcon_core.package_identification:_identify(cache) by extensions ['python_setup_py']
[0.122s] Level 1:colcon.colcon_core.package_identification:_identify(cache) by extension 'python_setup_py'
[0.122s] Level 1:colcon.colcon_core.package_identification:_identify(cache/humble) by extensions ['ignore', 'ignore_ament_install']
[0.122s] Level 1:colcon.colcon_core.package_identification:_identify(cache/humble) by extension 'ignore'
[0.122s] Level 1:colcon.colcon_core.package_identification:_identify(cache/humble) by extension 'ignore_ament_install'
[0.122s] Level 1:colcon.colcon_core.package_identification:_identify(cache/humble) by extensions ['colcon_pkg']
[0.122s] Level 1:colcon.colcon_core.package_identification:_identify(cache/humble) by extension 'colcon_pkg'
[0.122s] Level 1:colcon.colcon_core.package_identification:_identify(cache/humble) by extensions ['colcon_meta']
[0.122s] Level 1:colcon.colcon_core.package_identification:_identify(cache/humble) by extension 'colcon_meta'
[0.122s] Level 1:colcon.colcon_core.package_identification:_identify(cache/humble) by extensions ['ros']
[0.122s] Level 1:colcon.colcon_core.package_identification:_identify(cache/humble) by extension 'ros'
[0.122s] Level 1:colcon.colcon_core.package_identification:_identify(cache/humble) by extensions ['cmake', 'python']
[0.122s] Level 1:colcon.colcon_core.package_identification:_identify(cache/humble) by extension 'cmake'
[0.122s] Level 1:colcon.colcon_core.package_identification:_identify(cache/humble) by extension 'python'
[0.122s] Level 1:colcon.colcon_core.package_identification:_identify(cache/humble) by extensions ['python_setup_py']
[0.122s] Level 1:colcon.colcon_core.package_identification:_identify(cache/humble) by extension 'python_setup_py'
[0.122s] Level 1:colcon.colcon_core.package_identification:_identify(cache/humble/build) by extensions ['ignore', 'ignore_ament_install']
[0.122s] Level 1:colcon.colcon_core.package_identification:_identify(cache/humble/build) by extension 'ignore'
[0.122s] Level 1:colcon.colcon_core.package_identification:_identify(cache/humble/build) by extension 'ignore_ament_install'
[0.122s] Level 1:colcon.colcon_core.package_identification:_identify(cache/humble/build) by extensions ['colcon_pkg']
[0.122s] Level 1:colcon.colcon_core.package_identification:_identify(cache/humble/build) by extension 'colcon_pkg'
[0.122s] Level 1:colcon.colcon_core.package_identification:_identify(cache/humble/build) by extensions ['colcon_meta']
[0.122s] Level 1:colcon.colcon_core.package_identification:_identify(cache/humble/build) by extension 'colcon_meta'
[0.122s] Level 1:colcon.colcon_core.package_identification:_identify(cache/humble/build) by extensions ['ros']
[0.122s] Level 1:colcon.colcon_core.package_identification:_identify(cache/humble/build) by extension 'ros'
[0.123s] Level 1:colcon.colcon_core.package_identification:_identify(cache/humble/build) by extensions ['cmake', 'python']
[0.123s] Level 1:colcon.colcon_core.package_identification:_identify(cache/humble/build) by extension 'cmake'
[0.123s] Level 1:colcon.colcon_core.package_identification:_identify(cache/humble/build) by extension 'python'
[0.123s] Level 1:colcon.colcon_core.package_identification:_identify(cache/humble/build) by extensions ['python_setup_py']
[0.123s] Level 1:colcon.colcon_core.package_identification:_identify(cache/humble/build) by extension 'python_setup_py'
[0.123s] Level 1:colcon.colcon_core.package_identification:_identify(cache/humble/install) by extensions ['ignore', 'ignore_ament_install']
[0.123s] Level 1:colcon.colcon_core.package_identification:_identify(cache/humble/install) by extension 'ignore'
[0.123s] Level 1:colcon.colcon_core.package_identification:_identify(cache/humble/install) by extension 'ignore_ament_install'
[0.123s] Level 1:colcon.colcon_core.package_identification:_identify(cache/humble/install) by extensions ['colcon_pkg']
[0.123s] Level 1:colcon.colcon_core.package_identification:_identify(cache/humble/install) by extension 'colcon_pkg'
[0.123s] Level 1:colcon.colcon_core.package_identification:_identify(cache/humble/install) by extensions ['colcon_meta']
[0.123s] Level 1:colcon.colcon_core.package_identification:_identify(cache/humble/install) by extension 'colcon_meta'
[0.123s] Level 1:colcon.colcon_core.package_identification:_identify(cache/humble/install) by extensions ['ros']
[0.123s] Level 1:colcon.colcon_core.package_identification:_identify(cache/humble/install) by extension 'ros'
[0.123s] Level 1:colcon.colcon_core.package_identification:_identify(cache/humble/install) by extensions ['cmake', 'python']
[0.123s] Level 1:colcon.colcon_core.package_identification:_identify(cache/humble/install) by extension 'cmake'
[0.123s] Level 1:colcon.colcon_core.package_identification:_identify(cache/humble/install) by extension 'python'
[0.123s] Level 1:colcon.colcon_core.package_identification:_identify(cache/humble/install) by extensions ['python_setup_py']
[0.123s] Level 1:colcon.colcon_core.package_identification:_identify(cache/humble/install) by extension 'python_setup_py'
[0.123s] Level 1:colcon.colcon_core.package_identification:_identify(cache/humble/log) by extensions ['ignore', 'ignore_ament_install']
[0.123s] Level 1:colcon.colcon_core.package_identification:_identify(cache/humble/log) by extension 'ignore'
[0.123s] Level 1:colcon.colcon_core.package_identification:_identify(cache/humble/log) by extension 'ignore_ament_install'
[0.123s] Level 1:colcon.colcon_core.package_identification:_identify(cache/humble/log) by extensions ['colcon_pkg']
[0.123s] Level 1:colcon.colcon_core.package_identification:_identify(cache/humble/log) by extension 'colcon_pkg'
[0.123s] Level 1:colcon.colcon_core.package_identification:_identify(cache/humble/log) by extensions ['colcon_meta']
[0.123s] Level 1:colcon.colcon_core.package_identification:_identify(cache/humble/log) by extension 'colcon_meta'
[0.123s] Level 1:colcon.colcon_core.package_identification:_identify(cache/humble/log) by extensions ['ros']
[0.123s] Level 1:colcon.colcon_core.package_identification:_identify(cache/humble/log) by extension 'ros'
[0.123s] Level 1:colcon.colcon_core.package_identification:_identify(cache/humble/log) by extensions ['cmake', 'python']
[0.123s] Level 1:colcon.colcon_core.package_identification:_identify(cache/humble/log) by extension 'cmake'
[0.123s] Level 1:colcon.colcon_core.package_identification:_identify(cache/humble/log) by extension 'python'
[0.123s] Level 1:colcon.colcon_core.package_identification:_identify(cache/humble/log) by extensions ['python_setup_py']
[0.123s] Level 1:colcon.colcon_core.package_identification:_identify(cache/humble/log) by extension 'python_setup_py'
[0.123s] Level 1:colcon.colcon_core.package_identification:_identify(install) by extensions ['ignore', 'ignore_ament_install']
[0.123s] Level 1:colcon.colcon_core.package_identification:_identify(install) by extension 'ignore'
[0.123s] Level 1:colcon.colcon_core.package_identification:_identify(install) ignored
[0.123s] Level 1:colcon.colcon_core.package_identification:_identify(log) by extensions ['ignore', 'ignore_ament_install']
[0.123s] Level 1:colcon.colcon_core.package_identification:_identify(log) by extension 'ignore'
[0.123s] Level 1:colcon.colcon_core.package_identification:_identify(log) ignored
[0.123s] Level 1:colcon.colcon_core.package_identification:_identify(src) by extensions ['ignore', 'ignore_ament_install']
[0.123s] Level 1:colcon.colcon_core.package_identification:_identify(src) by extension 'ignore'
[0.123s] Level 1:colcon.colcon_core.package_identification:_identify(src) by extension 'ignore_ament_install'
[0.123s] Level 1:colcon.colcon_core.package_identification:_identify(src) by extensions ['colcon_pkg']
[0.124s] Level 1:colcon.colcon_core.package_identification:_identify(src) by extension 'colcon_pkg'
[0.124s] Level 1:colcon.colcon_core.package_identification:_identify(src) by extensions ['colcon_meta']
[0.124s] Level 1:colcon.colcon_core.package_identification:_identify(src) by extension 'colcon_meta'
[0.124s] Level 1:colcon.colcon_core.package_identification:_identify(src) by extensions ['ros']
[0.124s] Level 1:colcon.colcon_core.package_identification:_identify(src) by extension 'ros'
[0.124s] Level 1:colcon.colcon_core.package_identification:_identify(src) by extensions ['cmake', 'python']
[0.124s] Level 1:colcon.colcon_core.package_identification:_identify(src) by extension 'cmake'
[0.124s] Level 1:colcon.colcon_core.package_identification:_identify(src) by extension 'python'
[0.124s] Level 1:colcon.colcon_core.package_identification:_identify(src) by extensions ['python_setup_py']
[0.124s] Level 1:colcon.colcon_core.package_identification:_identify(src) by extension 'python_setup_py'
[0.124s] Level 1:colcon.colcon_core.package_identification:_identify(src/wyrm_mocap_bridge_pkg) by extensions ['ignore', 'ignore_ament_install']
[0.124s] Level 1:colcon.colcon_core.package_identification:_identify(src/wyrm_mocap_bridge_pkg) by extension 'ignore'
[0.124s] Level 1:colcon.colcon_core.package_identification:_identify(src/wyrm_mocap_bridge_pkg) by extension 'ignore_ament_install'
[0.124s] Level 1:colcon.colcon_core.package_identification:_identify(src/wyrm_mocap_bridge_pkg) by extensions ['colcon_pkg']
[0.124s] Level 1:colcon.colcon_core.package_identification:_identify(src/wyrm_mocap_bridge_pkg) by extension 'colcon_pkg'
[0.124s] Level 1:colcon.colcon_core.package_identification:_identify(src/wyrm_mocap_bridge_pkg) by extensions ['colcon_meta']
[0.124s] Level 1:colcon.colcon_core.package_identification:_identify(src/wyrm_mocap_bridge_pkg) by extension 'colcon_meta'
[0.124s] Level 1:colcon.colcon_core.package_identification:_identify(src/wyrm_mocap_bridge_pkg) by extensions ['ros']
[0.124s] Level 1:colcon.colcon_core.package_identification:_identify(src/wyrm_mocap_bridge_pkg) by extension 'ros'
[0.125s] DEBUG:colcon.colcon_core.package_identification:Package 'src/wyrm_mocap_bridge_pkg' with type 'ros.ament_python' and name 'wyrm_mocap_bridge_pkg'
[0.126s] Level 1:colcon.colcon_core.package_identification:_identify(src/wyrm_msgs) by extensions ['ignore', 'ignore_ament_install']
[0.126s] Level 1:colcon.colcon_core.package_identification:_identify(src/wyrm_msgs) by extension 'ignore'
[0.126s] Level 1:colcon.colcon_core.package_identification:_identify(src/wyrm_msgs) by extension 'ignore_ament_install'
[0.126s] Level 1:colcon.colcon_core.package_identification:_identify(src/wyrm_msgs) by extensions ['colcon_pkg']
[0.126s] Level 1:colcon.colcon_core.package_identification:_identify(src/wyrm_msgs) by extension 'colcon_pkg'
[0.126s] Level 1:colcon.colcon_core.package_identification:_identify(src/wyrm_msgs) by extensions ['colcon_meta']
[0.126s] Level 1:colcon.colcon_core.package_identification:_identify(src/wyrm_msgs) by extension 'colcon_meta'
[0.126s] Level 1:colcon.colcon_core.package_identification:_identify(src/wyrm_msgs) by extensions ['ros']
[0.126s] Level 1:colcon.colcon_core.package_identification:_identify(src/wyrm_msgs) by extension 'ros'
[0.126s] DEBUG:colcon.colcon_core.package_identification:Package 'src/wyrm_msgs' with type 'ros.ament_cmake' and name 'wyrm_msgs'
[0.126s] Level 1:colcon.colcon_core.package_discovery:discover_packages(recursive) using defaults
[0.126s] Level 1:colcon.colcon_core.package_discovery:discover_packages(ignore) discover
[0.126s] Level 1:colcon.colcon_core.package_discovery:discover_packages(ignore) using defaults
[0.126s] Level 1:colcon.colcon_core.package_discovery:discover_packages(path) discover
[0.126s] Level 1:colcon.colcon_core.package_discovery:discover_packages(path) using defaults
[0.138s] Level 5:colcon.colcon_core.verb:set package 'wyrm_msgs' build argument 'cmake_args' from command line to 'None'
[0.138s] Level 5:colcon.colcon_core.verb:set package 'wyrm_msgs' build argument 'cmake_target' from command line to 'None'
[0.138s] Level 5:colcon.colcon_core.verb:set package 'wyrm_msgs' build argument 'cmake_target_skip_unavailable' from command line to 'False'
[0.138s] Level 5:colcon.colcon_core.verb:set package 'wyrm_msgs' build argument 'cmake_clean_cache' from command line to 'False'
[0.138s] Level 5:colcon.colcon_core.verb:set package 'wyrm_msgs' build argument 'cmake_clean_first' from command line to 'False'
[0.138s] Level 5:colcon.colcon_core.verb:set package 'wyrm_msgs' build argument 'cmake_force_configure' from command line to 'False'
[0.138s] Level 5:colcon.colcon_core.verb:set package 'wyrm_msgs' build argument 'ament_cmake_args' from command line to 'None'
[0.138s] Level 5:colcon.colcon_core.verb:set package 'wyrm_msgs' build argument 'catkin_cmake_args' from command line to 'None'
[0.138s] Level 5:colcon.colcon_core.verb:set package 'wyrm_msgs' build argument 'catkin_skip_building_tests' from command line to 'False'
[0.138s] DEBUG:colcon.colcon_core.verb:Building package 'wyrm_msgs' with the following arguments: {'ament_cmake_args': None, 'build_base': '/home/ws/build/wyrm_msgs', 'catkin_cmake_args': None, 'catkin_skip_building_tests': False, 'cmake_args': None, 'cmake_clean_cache': False, 'cmake_clean_first': False, 'cmake_force_configure': False, 'cmake_target': None, 'cmake_target_skip_unavailable': False, 'install_base': '/home/ws/install/wyrm_msgs', 'merge_install': False, 'path': '/home/ws/src/wyrm_msgs', 'symlink_install': False, 'test_result_base': None}
[0.138s] Level 5:colcon.colcon_core.verb:set package 'wyrm_mocap_bridge_pkg' build argument 'cmake_args' from command line to 'None'
[0.138s] Level 5:colcon.colcon_core.verb:set package 'wyrm_mocap_bridge_pkg' build argument 'cmake_target' from command line to 'None'
[0.138s] Level 5:colcon.colcon_core.verb:set package 'wyrm_mocap_bridge_pkg' build argument 'cmake_target_skip_unavailable' from command line to 'False'
[0.138s] Level 5:colcon.colcon_core.verb:set package 'wyrm_mocap_bridge_pkg' build argument 'cmake_clean_cache' from command line to 'False'
[0.138s] Level 5:colcon.colcon_core.verb:set package 'wyrm_mocap_bridge_pkg' build argument 'cmake_clean_first' from command line to 'False'
[0.138s] Level 5:colcon.colcon_core.verb:set package 'wyrm_mocap_bridge_pkg' build argument 'cmake_force_configure' from command line to 'False'
[0.138s] Level 5:colcon.colcon_core.verb:set package 'wyrm_mocap_bridge_pkg' build argument 'ament_cmake_args' from command line to 'None'
[0.138s] Level 5:colcon.colcon_core.verb:set package 'wyrm_mocap_bridge_pkg' build argument 'catkin_cmake_args' from command line to 'None'
[0.138s] Level 5:colcon.colcon_core.verb:set package 'wyrm_mocap_bridge_pkg' build argument 'catkin_skip_building_tests' from command line to 'False'
[0.138s] DEBUG:colcon.colcon_core.verb:Building package 'wyrm_mocap_bridge_pkg' with the following arguments: {'ament_cmake_args': None, 'build_base': '/home/ws/build/wyrm_mocap_bridge_pkg', 'catkin_cmake_args': None, 'catkin_skip_building_tests': False, 'cmake_args': None, 'cmake_clean_cache': False, 'cmake_clean_first': False, 'cmake_force_configure': False, 'cmake_target': None, 'cmake_target_skip_unavailable': False, 'install_base': '/home/ws/install/wyrm_mocap_bridge_pkg', 'merge_install': False, 'path': '/home/ws/src/wyrm_mocap_bridge_pkg', 'symlink_install': False, 'test_result_base': None}
[0.138s] INFO:colcon.colcon_core.executor:Executing jobs using 'parallel' executor
[0.140s] DEBUG:colcon.colcon_parallel_executor.executor.parallel:run_until_complete
[0.141s] INFO:colcon.colcon_ros.task.ament_cmake.build:Building ROS package in '/home/ws/src/wyrm_msgs' with build type 'ament_cmake'
[0.141s] INFO:colcon.colcon_cmake.task.cmake.build:Building CMake package in '/home/ws/src/wyrm_msgs'
[0.142s] INFO:colcon.colcon_core.plugin_system:Skipping extension 'colcon_core.shell.bat': Not used on non-Windows systems
[0.142s] INFO:colcon.colcon_core.shell:Skip shell extension 'powershell' for command environment: Not usable outside of PowerShell
[0.142s] DEBUG:colcon.colcon_core.shell:Skip shell extension 'dsv' for command environment
[0.150s] DEBUG:colcon.colcon_core.event_handler.log_command:Invoking command in '/home/ws/build/wyrm_msgs': CMAKE_PREFIX_PATH=${CMAKE_PREFIX_PATH}:/home/ws/install/wyrm_mocap_bridge_pkg:/opt/ros/humble /usr/bin/cmake --build /home/ws/build/wyrm_msgs -- -j16 -l16
[0.313s] DEBUG:colcon.colcon_core.event_handler.log_command:Invoked command in '/home/ws/build/wyrm_msgs' returned '0': CMAKE_PREFIX_PATH=${CMAKE_PREFIX_PATH}:/home/ws/install/wyrm_mocap_bridge_pkg:/opt/ros/humble /usr/bin/cmake --build /home/ws/build/wyrm_msgs -- -j16 -l16
[0.319s] DEBUG:colcon.colcon_core.event_handler.log_command:Invoking command in '/home/ws/build/wyrm_msgs': CMAKE_PREFIX_PATH=${CMAKE_PREFIX_PATH}:/home/ws/install/wyrm_mocap_bridge_pkg:/opt/ros/humble /usr/bin/cmake --install /home/ws/build/wyrm_msgs
[0.354s] Level 1:colcon.colcon_core.environment:create_environment_scripts_only(wyrm_msgs)
[0.354s] DEBUG:colcon.colcon_core.event_handler.log_command:Invoked command in '/home/ws/build/wyrm_msgs' returned '0': CMAKE_PREFIX_PATH=${CMAKE_PREFIX_PATH}:/home/ws/install/wyrm_mocap_bridge_pkg:/opt/ros/humble /usr/bin/cmake --install /home/ws/build/wyrm_msgs
[0.361s] Level 1:colcon.colcon_core.environment:checking '/home/ws/install/wyrm_msgs' for CMake module files
[0.363s] Level 1:colcon.colcon_core.environment:checking '/home/ws/install/wyrm_msgs' for CMake config files
[0.364s] Level 1:colcon.colcon_core.shell:create_environment_hook('wyrm_msgs', 'cmake_prefix_path')
[0.364s] INFO:colcon.colcon_core.shell:Creating environment hook '/home/ws/install/wyrm_msgs/share/wyrm_msgs/hook/cmake_prefix_path.ps1'
[0.366s] INFO:colcon.colcon_core.shell:Creating environment descriptor '/home/ws/install/wyrm_msgs/share/wyrm_msgs/hook/cmake_prefix_path.dsv'
[0.368s] INFO:colcon.colcon_core.shell:Creating environment hook '/home/ws/install/wyrm_msgs/share/wyrm_msgs/hook/cmake_prefix_path.sh'
[0.371s] Level 1:colcon.colcon_core.environment:checking '/home/ws/install/wyrm_msgs/lib'
[0.371s] Level 1:colcon.colcon_core.shell:create_environment_hook('wyrm_msgs', 'ld_library_path_lib')
[0.372s] INFO:colcon.colcon_core.shell:Creating environment hook '/home/ws/install/wyrm_msgs/share/wyrm_msgs/hook/ld_library_path_lib.ps1'
[0.373s] INFO:colcon.colcon_core.shell:Creating environment descriptor '/home/ws/install/wyrm_msgs/share/wyrm_msgs/hook/ld_library_path_lib.dsv'
[0.374s] INFO:colcon.colcon_core.shell:Creating environment hook '/home/ws/install/wyrm_msgs/share/wyrm_msgs/hook/ld_library_path_lib.sh'
[0.376s] Level 1:colcon.colcon_core.environment:checking '/home/ws/install/wyrm_msgs/bin'
[0.376s] Level 1:colcon.colcon_core.environment:checking '/home/ws/install/wyrm_msgs/lib/pkgconfig/wyrm_msgs.pc'
[0.379s] Level 1:colcon.colcon_core.environment:checking '/home/ws/install/wyrm_msgs/lib/python3.10/site-packages'
[0.380s] Level 1:colcon.colcon_core.environment:checking '/home/ws/install/wyrm_msgs/bin'
[0.380s] INFO:colcon.colcon_core.shell:Creating package script '/home/ws/install/wyrm_msgs/share/wyrm_msgs/package.ps1'
[0.382s] INFO:colcon.colcon_core.shell:Creating package descriptor '/home/ws/install/wyrm_msgs/share/wyrm_msgs/package.dsv'
[0.383s] INFO:colcon.colcon_core.shell:Creating package script '/home/ws/install/wyrm_msgs/share/wyrm_msgs/package.sh'
[0.385s] INFO:colcon.colcon_core.shell:Creating package script '/home/ws/install/wyrm_msgs/share/wyrm_msgs/package.bash'
[0.386s] INFO:colcon.colcon_core.shell:Creating package script '/home/ws/install/wyrm_msgs/share/wyrm_msgs/package.zsh'
[0.387s] Level 1:colcon.colcon_core.environment:create_file_with_runtime_dependencies(/home/ws/install/wyrm_msgs/share/colcon-core/packages/wyrm_msgs)
[0.389s] Level 1:colcon.colcon_core.environment:create_environment_scripts_only(wyrm_msgs)
[0.389s] Level 1:colcon.colcon_core.environment:checking '/home/ws/install/wyrm_msgs' for CMake module files
[0.390s] Level 1:colcon.colcon_core.environment:checking '/home/ws/install/wyrm_msgs' for CMake config files
[0.390s] Level 1:colcon.colcon_core.shell:create_environment_hook('wyrm_msgs', 'cmake_prefix_path')
[0.391s] INFO:colcon.colcon_core.shell:Creating environment hook '/home/ws/install/wyrm_msgs/share/wyrm_msgs/hook/cmake_prefix_path.ps1'
[0.392s] INFO:colcon.colcon_core.shell:Creating environment descriptor '/home/ws/install/wyrm_msgs/share/wyrm_msgs/hook/cmake_prefix_path.dsv'
[0.392s] INFO:colcon.colcon_core.shell:Creating environment hook '/home/ws/install/wyrm_msgs/share/wyrm_msgs/hook/cmake_prefix_path.sh'
[0.394s] Level 1:colcon.colcon_core.environment:checking '/home/ws/install/wyrm_msgs/lib'
[0.394s] Level 1:colcon.colcon_core.shell:create_environment_hook('wyrm_msgs', 'ld_library_path_lib')
[0.394s] INFO:colcon.colcon_core.shell:Creating environment hook '/home/ws/install/wyrm_msgs/share/wyrm_msgs/hook/ld_library_path_lib.ps1'
[0.395s] INFO:colcon.colcon_core.shell:Creating environment descriptor '/home/ws/install/wyrm_msgs/share/wyrm_msgs/hook/ld_library_path_lib.dsv'
[0.396s] INFO:colcon.colcon_core.shell:Creating environment hook '/home/ws/install/wyrm_msgs/share/wyrm_msgs/hook/ld_library_path_lib.sh'
[0.397s] Level 1:colcon.colcon_core.environment:checking '/home/ws/install/wyrm_msgs/bin'
[0.397s] Level 1:colcon.colcon_core.environment:checking '/home/ws/install/wyrm_msgs/lib/pkgconfig/wyrm_msgs.pc'
[0.397s] Level 1:colcon.colcon_core.environment:checking '/home/ws/install/wyrm_msgs/lib/python3.10/site-packages'
[0.398s] Level 1:colcon.colcon_core.environment:checking '/home/ws/install/wyrm_msgs/bin'
[0.398s] INFO:colcon.colcon_core.shell:Creating package script '/home/ws/install/wyrm_msgs/share/wyrm_msgs/package.ps1'
[0.399s] INFO:colcon.colcon_core.shell:Creating package descriptor '/home/ws/install/wyrm_msgs/share/wyrm_msgs/package.dsv'
[0.400s] INFO:colcon.colcon_core.shell:Creating package script '/home/ws/install/wyrm_msgs/share/wyrm_msgs/package.sh'
[0.401s] INFO:colcon.colcon_core.shell:Creating package script '/home/ws/install/wyrm_msgs/share/wyrm_msgs/package.bash'
[0.402s] INFO:colcon.colcon_core.shell:Creating package script '/home/ws/install/wyrm_msgs/share/wyrm_msgs/package.zsh'
[0.403s] Level 1:colcon.colcon_core.environment:create_file_with_runtime_dependencies(/home/ws/install/wyrm_msgs/share/colcon-core/packages/wyrm_msgs)
[0.404s] INFO:colcon.colcon_ros.task.ament_python.build:Building ROS package in '/home/ws/src/wyrm_mocap_bridge_pkg' with build type 'ament_python'
[0.405s] Level 1:colcon.colcon_core.shell:create_environment_hook('wyrm_mocap_bridge_pkg', 'ament_prefix_path')
[0.405s] INFO:colcon.colcon_core.shell:Creating environment hook '/home/ws/install/wyrm_mocap_bridge_pkg/share/wyrm_mocap_bridge_pkg/hook/ament_prefix_path.ps1'
[0.407s] INFO:colcon.colcon_core.shell:Creating environment descriptor '/home/ws/install/wyrm_mocap_bridge_pkg/share/wyrm_mocap_bridge_pkg/hook/ament_prefix_path.dsv'
[0.407s] INFO:colcon.colcon_core.shell:Creating environment hook '/home/ws/install/wyrm_mocap_bridge_pkg/share/wyrm_mocap_bridge_pkg/hook/ament_prefix_path.sh'
[0.409s] INFO:colcon.colcon_core.shell:Skip shell extension 'powershell' for command environment: Not usable outside of PowerShell
[0.409s] DEBUG:colcon.colcon_core.shell:Skip shell extension 'dsv' for command environment
[0.521s] INFO:colcon.colcon_core.task.python.build:Building Python package in '/home/ws/src/wyrm_mocap_bridge_pkg'
[0.522s] INFO:colcon.colcon_core.shell:Skip shell extension 'powershell' for command environment: Not usable outside of PowerShell
[0.522s] DEBUG:colcon.colcon_core.shell:Skip shell extension 'dsv' for command environment
[0.680s] DEBUG:colcon.colcon_core.task.python.build:Available setuptools commands: easy_install, test, register, rotate, install_scripts, develop, egg_info, clean, saveopts, bdist, upload_docs, bdist_wheel, install_lib, install_data, install, bdist_rpm, build, setopt, alias, bdist_dumb, sdist, build_py, build_clib, upload, install_egg_info, symlink_data, install_headers, dist_info, build_scripts, build_ext, bdist_egg, check
[0.682s] DEBUG:colcon.colcon_core.event_handler.log_command:Invoking command in '/home/ws/src/wyrm_mocap_bridge_pkg': PYTHONPATH=/home/ws/build/wyrm_mocap_bridge_pkg/prefix_override:/usr/lib/python3/dist-packages/colcon_core/task/python/colcon_distutils_commands:/home/ws/install/wyrm_mocap_bridge_pkg/lib/python3.10/site-packages:${PYTHONPATH} /usr/bin/python3 -W ignore:setup.py install is deprecated -W ignore:easy_install command is deprecated setup.py egg_info --egg-base ../../build/wyrm_mocap_bridge_pkg build --build-base /home/ws/build/wyrm_mocap_bridge_pkg/build install --record /home/ws/build/wyrm_mocap_bridge_pkg/install.log --install-scripts $base/lib/wyrm_mocap_bridge_pkg --single-version-externally-managed install_data
[0.815s] Level 1:colcon.colcon_core.environment:checking '/home/ws/install/wyrm_mocap_bridge_pkg' for CMake module files
[0.815s] Level 1:colcon.colcon_core.environment:checking '/home/ws/install/wyrm_mocap_bridge_pkg' for CMake config files
[0.815s] DEBUG:colcon.colcon_core.event_handler.log_command:Invoked command in '/home/ws/src/wyrm_mocap_bridge_pkg' returned '0': PYTHONPATH=/home/ws/build/wyrm_mocap_bridge_pkg/prefix_override:/usr/lib/python3/dist-packages/colcon_core/task/python/colcon_distutils_commands:/home/ws/install/wyrm_mocap_bridge_pkg/lib/python3.10/site-packages:${PYTHONPATH} /usr/bin/python3 -W ignore:setup.py install is deprecated -W ignore:easy_install command is deprecated setup.py egg_info --egg-base ../../build/wyrm_mocap_bridge_pkg build --build-base /home/ws/build/wyrm_mocap_bridge_pkg/build install --record /home/ws/build/wyrm_mocap_bridge_pkg/install.log --install-scripts $base/lib/wyrm_mocap_bridge_pkg --single-version-externally-managed install_data
[0.816s] Level 1:colcon.colcon_core.environment:checking '/home/ws/install/wyrm_mocap_bridge_pkg/lib'
[0.816s] Level 1:colcon.colcon_core.environment:checking '/home/ws/install/wyrm_mocap_bridge_pkg/bin'
[0.816s] Level 1:colcon.colcon_core.environment:checking '/home/ws/install/wyrm_mocap_bridge_pkg/lib/pkgconfig/wyrm_mocap_bridge_pkg.pc'
[0.816s] Level 1:colcon.colcon_core.environment:checking '/home/ws/install/wyrm_mocap_bridge_pkg/lib/python3.10/site-packages'
[0.816s] Level 1:colcon.colcon_core.shell:create_environment_hook('wyrm_mocap_bridge_pkg', 'pythonpath')
[0.816s] INFO:colcon.colcon_core.shell:Creating environment hook '/home/ws/install/wyrm_mocap_bridge_pkg/share/wyrm_mocap_bridge_pkg/hook/pythonpath.ps1'
[0.816s] INFO:colcon.colcon_core.shell:Creating environment descriptor '/home/ws/install/wyrm_mocap_bridge_pkg/share/wyrm_mocap_bridge_pkg/hook/pythonpath.dsv'
[0.817s] INFO:colcon.colcon_core.shell:Creating environment hook '/home/ws/install/wyrm_mocap_bridge_pkg/share/wyrm_mocap_bridge_pkg/hook/pythonpath.sh'
[0.817s] Level 1:colcon.colcon_core.environment:checking '/home/ws/install/wyrm_mocap_bridge_pkg/bin'
[0.817s] Level 1:colcon.colcon_core.environment:create_environment_scripts_only(wyrm_mocap_bridge_pkg)
[0.817s] INFO:colcon.colcon_core.shell:Creating package script '/home/ws/install/wyrm_mocap_bridge_pkg/share/wyrm_mocap_bridge_pkg/package.ps1'
[0.818s] INFO:colcon.colcon_core.shell:Creating package descriptor '/home/ws/install/wyrm_mocap_bridge_pkg/share/wyrm_mocap_bridge_pkg/package.dsv'
[0.818s] INFO:colcon.colcon_core.shell:Creating package script '/home/ws/install/wyrm_mocap_bridge_pkg/share/wyrm_mocap_bridge_pkg/package.sh'
[0.818s] INFO:colcon.colcon_core.shell:Creating package script '/home/ws/install/wyrm_mocap_bridge_pkg/share/wyrm_mocap_bridge_pkg/package.bash'
[0.818s] INFO:colcon.colcon_core.shell:Creating package script '/home/ws/install/wyrm_mocap_bridge_pkg/share/wyrm_mocap_bridge_pkg/package.zsh'
[0.818s] Level 1:colcon.colcon_core.environment:create_file_with_runtime_dependencies(/home/ws/install/wyrm_mocap_bridge_pkg/share/colcon-core/packages/wyrm_mocap_bridge_pkg)
[0.818s] DEBUG:colcon.colcon_parallel_executor.executor.parallel:closing loop
[0.819s] DEBUG:colcon.colcon_parallel_executor.executor.parallel:loop closed
[0.819s] DEBUG:colcon.colcon_parallel_executor.executor.parallel:run_until_complete finished with '0'
[0.819s] DEBUG:colcon.colcon_core.event_reactor:joining thread
[0.821s] INFO:colcon.colcon_core.plugin_system:Skipping extension 'colcon_notification.desktop_notification.notify_send': Could not find 'notify-send'
[0.821s] INFO:colcon.colcon_core.plugin_system:Skipping extension 'colcon_notification.desktop_notification.terminal_notifier': Not used on non-Darwin systems
[0.821s] INFO:colcon.colcon_core.plugin_system:Skipping extension 'colcon_notification.desktop_notification.win32': Not used on non-Windows systems
[0.821s] INFO:colcon.colcon_notification.desktop_notification:Sending desktop notification using 'notify2'
[0.823s] DEBUG:colcon.colcon_notification.desktop_notification.notify2:Failed to initialize notify2: org.freedesktop.DBus.Error.Spawn.ExecFailed: /usr/bin/dbus-launch terminated abnormally without any error message
[0.823s] DEBUG:colcon.colcon_core.event_reactor:joined thread
[0.824s] INFO:colcon.colcon_core.shell:Creating prefix script '/home/ws/install/local_setup.ps1'
[0.824s] INFO:colcon.colcon_core.shell:Creating prefix util module '/home/ws/install/_local_setup_util_ps1.py'
[0.825s] INFO:colcon.colcon_core.shell:Creating prefix chain script '/home/ws/install/setup.ps1'
[0.826s] INFO:colcon.colcon_core.shell:Creating prefix script '/home/ws/install/local_setup.sh'
[0.826s] INFO:colcon.colcon_core.shell:Creating prefix util module '/home/ws/install/_local_setup_util_sh.py'
[0.827s] INFO:colcon.colcon_core.shell:Creating prefix chain script '/home/ws/install/setup.sh'
[0.827s] INFO:colcon.colcon_core.shell:Creating prefix script '/home/ws/install/local_setup.bash'
[0.827s] INFO:colcon.colcon_core.shell:Creating prefix chain script '/home/ws/install/setup.bash'
[0.828s] INFO:colcon.colcon_core.shell:Creating prefix script '/home/ws/install/local_setup.zsh'
[0.828s] INFO:colcon.colcon_core.shell:Creating prefix chain script '/home/ws/install/setup.zsh'
