[0.063s] DEBUG:colcon:Command line arguments: ['/usr/bin/colcon', 'build']
[0.063s] DEBUG:colcon:Parsed command line arguments: Namespace(log_base=None, log_level=None, verb_name='build', build_base='build', install_base='install', merge_install=False, symlink_install=False, test_result_base=None, continue_on_error=False, executor='parallel', parallel_workers=16, event_handlers=None, ignore_user_meta=False, metas=['./colcon.meta'], base_paths=['.'], packages_ignore=None, packages_ignore_regex=None, paths=None, packages_up_to=None, packages_up_to_regex=None, packages_above=None, packages_above_and_dependencies=None, packages_above_depth=None, packages_select_by_dep=None, packages_skip_by_dep=None, packages_skip_up_to=None, packages_select_build_failed=False, packages_skip_build_finished=False, packages_select_test_failures=False, packages_skip_test_passed=False, packages_select=None, packages_skip=None, packages_select_regex=None, packages_skip_regex=None, packages_start=None, packages_end=None, cmake_args=None, cmake_target=None, cmake_target_skip_unavailable=False, cmake_clean_cache=False, cmake_clean_first=False, cmake_force_configure=False, ament_cmake_args=None, catkin_cmake_args=None, catkin_skip_building_tests=False, mixin_files=None, mixin=None, verb_parser=<colcon_mixin.mixin.mixin_argument.MixinArgumentDecorator object at 0x772cb60b62c0>, verb_extension=<colcon_core.verb.build.BuildVerb object at 0x772cb60b58a0>, main=<bound method BuildVerb.main of <colcon_core.verb.build.BuildVerb object at 0x772cb60b58a0>>, mixin_verb=('build',))
[0.116s] Level 1:colcon.colcon_core.package_discovery:discover_packages(colcon_meta) check parameters
[0.116s] Level 1:colcon.colcon_core.package_discovery:discover_packages(recursive) check parameters
[0.116s] Level 1:colcon.colcon_core.package_discovery:discover_packages(ignore) check parameters
[0.116s] Level 1:colcon.colcon_core.package_discovery:discover_packages(path) check parameters
[0.116s] Level 1:colcon.colcon_core.package_discovery:discover_packages(colcon_meta) discover
[0.116s] Level 1:colcon.colcon_core.package_discovery:discover_packages(recursive) discover
[0.117s] INFO:colcon.colcon_core.package_discovery:Crawling recursively for packages in '/home/ws'
[0.117s] Level 1:colcon.colcon_core.package_identification:_identify(.) by extensions ['ignore', 'ignore_ament_install']
[0.117s] Level 1:colcon.colcon_core.package_identification:_identify(.) by extension 'ignore'
[0.117s] Level 1:colcon.colcon_core.package_identification:_identify(.) by extension 'ignore_ament_install'
[0.117s] Level 1:colcon.colcon_core.package_identification:_identify(.) by extensions ['colcon_pkg']
[0.117s] Level 1:colcon.colcon_core.package_identification:_identify(.) by extension 'colcon_pkg'
[0.117s] Level 1:colcon.colcon_core.package_identification:_identify(.) by extensions ['colcon_meta']
[0.117s] Level 1:colcon.colcon_core.package_identification:_identify(.) by extension 'colcon_meta'
[0.117s] Level 1:colcon.colcon_core.package_identification:_identify(.) by extensions ['ros']
[0.117s] Level 1:colcon.colcon_core.package_identification:_identify(.) by extension 'ros'
[0.122s] Level 1:colcon.colcon_core.package_identification:_identify(.) by extensions ['cmake', 'python']
[0.123s] Level 1:colcon.colcon_core.package_identification:_identify(.) by extension 'cmake'
[0.123s] Level 1:colcon.colcon_core.package_identification:_identify(.) by extension 'python'
[0.123s] Level 1:colcon.colcon_core.package_identification:_identify(.) by extensions ['python_setup_py']
[0.123s] Level 1:colcon.colcon_core.package_identification:_identify(.) by extension 'python_setup_py'
[0.123s] Level 1:colcon.colcon_core.package_identification:_identify(build) by extensions ['ignore', 'ignore_ament_install']
[0.123s] Level 1:colcon.colcon_core.package_identification:_identify(build) by extension 'ignore'
[0.123s] Level 1:colcon.colcon_core.package_identification:_identify(build) ignored
[0.123s] Level 1:colcon.colcon_core.package_identification:_identify(cache) by extensions ['ignore', 'ignore_ament_install']
[0.123s] Level 1:colcon.colcon_core.package_identification:_identify(cache) by extension 'ignore'
[0.123s] Level 1:colcon.colcon_core.package_identification:_identify(cache) by extension 'ignore_ament_install'
[0.123s] Level 1:colcon.colcon_core.package_identification:_identify(cache) by extensions ['colcon_pkg']
[0.123s] Level 1:colcon.colcon_core.package_identification:_identify(cache) by extension 'colcon_pkg'
[0.123s] Level 1:colcon.colcon_core.package_identification:_identify(cache) by extensions ['colcon_meta']
[0.123s] Level 1:colcon.colcon_core.package_identification:_identify(cache) by extension 'colcon_meta'
[0.123s] Level 1:colcon.colcon_core.package_identification:_identify(cache) by extensions ['ros']
[0.123s] Level 1:colcon.colcon_core.package_identification:_identify(cache) by extension 'ros'
[0.123s] Level 1:colcon.colcon_core.package_identification:_identify(cache) by extensions ['cmake', 'python']
[0.123s] Level 1:colcon.colcon_core.package_identification:_identify(cache) by extension 'cmake'
[0.123s] Level 1:colcon.colcon_core.package_identification:_identify(cache) by extension 'python'
[0.123s] Level 1:colcon.colcon_core.package_identification:_identify(cache) by extensions ['python_setup_py']
[0.123s] Level 1:colcon.colcon_core.package_identification:_identify(cache) by extension 'python_setup_py'
[0.123s] Level 1:colcon.colcon_core.package_identification:_identify(cache/humble) by extensions ['ignore', 'ignore_ament_install']
[0.123s] Level 1:colcon.colcon_core.package_identification:_identify(cache/humble) by extension 'ignore'
[0.123s] Level 1:colcon.colcon_core.package_identification:_identify(cache/humble) by extension 'ignore_ament_install'
[0.123s] Level 1:colcon.colcon_core.package_identification:_identify(cache/humble) by extensions ['colcon_pkg']
[0.123s] Level 1:colcon.colcon_core.package_identification:_identify(cache/humble) by extension 'colcon_pkg'
[0.123s] Level 1:colcon.colcon_core.package_identification:_identify(cache/humble) by extensions ['colcon_meta']
[0.123s] Level 1:colcon.colcon_core.package_identification:_identify(cache/humble) by extension 'colcon_meta'
[0.123s] Level 1:colcon.colcon_core.package_identification:_identify(cache/humble) by extensions ['ros']
[0.123s] Level 1:colcon.colcon_core.package_identification:_identify(cache/humble) by extension 'ros'
[0.123s] Level 1:colcon.colcon_core.package_identification:_identify(cache/humble) by extensions ['cmake', 'python']
[0.123s] Level 1:colcon.colcon_core.package_identification:_identify(cache/humble) by extension 'cmake'
[0.123s] Level 1:colcon.colcon_core.package_identification:_identify(cache/humble) by extension 'python'
[0.123s] Level 1:colcon.colcon_core.package_identification:_identify(cache/humble) by extensions ['python_setup_py']
[0.123s] Level 1:colcon.colcon_core.package_identification:_identify(cache/humble) by extension 'python_setup_py'
[0.123s] Level 1:colcon.colcon_core.package_identification:_identify(cache/humble/build) by extensions ['ignore', 'ignore_ament_install']
[0.124s] Level 1:colcon.colcon_core.package_identification:_identify(cache/humble/build) by extension 'ignore'
[0.124s] Level 1:colcon.colcon_core.package_identification:_identify(cache/humble/build) by extension 'ignore_ament_install'
[0.124s] Level 1:colcon.colcon_core.package_identification:_identify(cache/humble/build) by extensions ['colcon_pkg']
[0.124s] Level 1:colcon.colcon_core.package_identification:_identify(cache/humble/build) by extension 'colcon_pkg'
[0.124s] Level 1:colcon.colcon_core.package_identification:_identify(cache/humble/build) by extensions ['colcon_meta']
[0.124s] Level 1:colcon.colcon_core.package_identification:_identify(cache/humble/build) by extension 'colcon_meta'
[0.124s] Level 1:colcon.colcon_core.package_identification:_identify(cache/humble/build) by extensions ['ros']
[0.124s] Level 1:colcon.colcon_core.package_identification:_identify(cache/humble/build) by extension 'ros'
[0.124s] Level 1:colcon.colcon_core.package_identification:_identify(cache/humble/build) by extensions ['cmake', 'python']
[0.124s] Level 1:colcon.colcon_core.package_identification:_identify(cache/humble/build) by extension 'cmake'
[0.124s] Level 1:colcon.colcon_core.package_identification:_identify(cache/humble/build) by extension 'python'
[0.124s] Level 1:colcon.colcon_core.package_identification:_identify(cache/humble/build) by extensions ['python_setup_py']
[0.124s] Level 1:colcon.colcon_core.package_identification:_identify(cache/humble/build) by extension 'python_setup_py'
[0.124s] Level 1:colcon.colcon_core.package_identification:_identify(cache/humble/install) by extensions ['ignore', 'ignore_ament_install']
[0.124s] Level 1:colcon.colcon_core.package_identification:_identify(cache/humble/install) by extension 'ignore'
[0.124s] Level 1:colcon.colcon_core.package_identification:_identify(cache/humble/install) by extension 'ignore_ament_install'
[0.124s] Level 1:colcon.colcon_core.package_identification:_identify(cache/humble/install) by extensions ['colcon_pkg']
[0.124s] Level 1:colcon.colcon_core.package_identification:_identify(cache/humble/install) by extension 'colcon_pkg'
[0.124s] Level 1:colcon.colcon_core.package_identification:_identify(cache/humble/install) by extensions ['colcon_meta']
[0.124s] Level 1:colcon.colcon_core.package_identification:_identify(cache/humble/install) by extension 'colcon_meta'
[0.124s] Level 1:colcon.colcon_core.package_identification:_identify(cache/humble/install) by extensions ['ros']
[0.124s] Level 1:colcon.colcon_core.package_identification:_identify(cache/humble/install) by extension 'ros'
[0.124s] Level 1:colcon.colcon_core.package_identification:_identify(cache/humble/install) by extensions ['cmake', 'python']
[0.124s] Level 1:colcon.colcon_core.package_identification:_identify(cache/humble/install) by extension 'cmake'
[0.124s] Level 1:colcon.colcon_core.package_identification:_identify(cache/humble/install) by extension 'python'
[0.124s] Level 1:colcon.colcon_core.package_identification:_identify(cache/humble/install) by extensions ['python_setup_py']
[0.124s] Level 1:colcon.colcon_core.package_identification:_identify(cache/humble/install) by extension 'python_setup_py'
[0.124s] Level 1:colcon.colcon_core.package_identification:_identify(cache/humble/log) by extensions ['ignore', 'ignore_ament_install']
[0.124s] Level 1:colcon.colcon_core.package_identification:_identify(cache/humble/log) by extension 'ignore'
[0.124s] Level 1:colcon.colcon_core.package_identification:_identify(cache/humble/log) by extension 'ignore_ament_install'
[0.124s] Level 1:colcon.colcon_core.package_identification:_identify(cache/humble/log) by extensions ['colcon_pkg']
[0.124s] Level 1:colcon.colcon_core.package_identification:_identify(cache/humble/log) by extension 'colcon_pkg'
[0.124s] Level 1:colcon.colcon_core.package_identification:_identify(cache/humble/log) by extensions ['colcon_meta']
[0.124s] Level 1:colcon.colcon_core.package_identification:_identify(cache/humble/log) by extension 'colcon_meta'
[0.124s] Level 1:colcon.colcon_core.package_identification:_identify(cache/humble/log) by extensions ['ros']
[0.124s] Level 1:colcon.colcon_core.package_identification:_identify(cache/humble/log) by extension 'ros'
[0.124s] Level 1:colcon.colcon_core.package_identification:_identify(cache/humble/log) by extensions ['cmake', 'python']
[0.124s] Level 1:colcon.colcon_core.package_identification:_identify(cache/humble/log) by extension 'cmake'
[0.124s] Level 1:colcon.colcon_core.package_identification:_identify(cache/humble/log) by extension 'python'
[0.124s] Level 1:colcon.colcon_core.package_identification:_identify(cache/humble/log) by extensions ['python_setup_py']
[0.124s] Level 1:colcon.colcon_core.package_identification:_identify(cache/humble/log) by extension 'python_setup_py'
[0.124s] Level 1:colcon.colcon_core.package_identification:_identify(install) by extensions ['ignore', 'ignore_ament_install']
[0.124s] Level 1:colcon.colcon_core.package_identification:_identify(install) by extension 'ignore'
[0.124s] Level 1:colcon.colcon_core.package_identification:_identify(install) ignored
[0.124s] Level 1:colcon.colcon_core.package_identification:_identify(log) by extensions ['ignore', 'ignore_ament_install']
[0.124s] Level 1:colcon.colcon_core.package_identification:_identify(log) by extension 'ignore'
[0.125s] Level 1:colcon.colcon_core.package_identification:_identify(log) ignored
[0.125s] Level 1:colcon.colcon_core.package_identification:_identify(src) by extensions ['ignore', 'ignore_ament_install']
[0.125s] Level 1:colcon.colcon_core.package_identification:_identify(src) by extension 'ignore'
[0.125s] Level 1:colcon.colcon_core.package_identification:_identify(src) by extension 'ignore_ament_install'
[0.125s] Level 1:colcon.colcon_core.package_identification:_identify(src) by extensions ['colcon_pkg']
[0.125s] Level 1:colcon.colcon_core.package_identification:_identify(src) by extension 'colcon_pkg'
[0.125s] Level 1:colcon.colcon_core.package_identification:_identify(src) by extensions ['colcon_meta']
[0.125s] Level 1:colcon.colcon_core.package_identification:_identify(src) by extension 'colcon_meta'
[0.125s] Level 1:colcon.colcon_core.package_identification:_identify(src) by extensions ['ros']
[0.125s] Level 1:colcon.colcon_core.package_identification:_identify(src) by extension 'ros'
[0.125s] Level 1:colcon.colcon_core.package_identification:_identify(src) by extensions ['cmake', 'python']
[0.125s] Level 1:colcon.colcon_core.package_identification:_identify(src) by extension 'cmake'
[0.125s] Level 1:colcon.colcon_core.package_identification:_identify(src) by extension 'python'
[0.125s] Level 1:colcon.colcon_core.package_identification:_identify(src) by extensions ['python_setup_py']
[0.125s] Level 1:colcon.colcon_core.package_identification:_identify(src) by extension 'python_setup_py'
[0.125s] Level 1:colcon.colcon_core.package_identification:_identify(src/wyrm_mocap_bridge_pkg) by extensions ['ignore', 'ignore_ament_install']
[0.125s] Level 1:colcon.colcon_core.package_identification:_identify(src/wyrm_mocap_bridge_pkg) by extension 'ignore'
[0.125s] Level 1:colcon.colcon_core.package_identification:_identify(src/wyrm_mocap_bridge_pkg) by extension 'ignore_ament_install'
[0.125s] Level 1:colcon.colcon_core.package_identification:_identify(src/wyrm_mocap_bridge_pkg) by extensions ['colcon_pkg']
[0.125s] Level 1:colcon.colcon_core.package_identification:_identify(src/wyrm_mocap_bridge_pkg) by extension 'colcon_pkg'
[0.125s] Level 1:colcon.colcon_core.package_identification:_identify(src/wyrm_mocap_bridge_pkg) by extensions ['colcon_meta']
[0.125s] Level 1:colcon.colcon_core.package_identification:_identify(src/wyrm_mocap_bridge_pkg) by extension 'colcon_meta'
[0.125s] Level 1:colcon.colcon_core.package_identification:_identify(src/wyrm_mocap_bridge_pkg) by extensions ['ros']
[0.125s] Level 1:colcon.colcon_core.package_identification:_identify(src/wyrm_mocap_bridge_pkg) by extension 'ros'
[0.126s] DEBUG:colcon.colcon_core.package_identification:Package 'src/wyrm_mocap_bridge_pkg' with type 'ros.ament_python' and name 'wyrm_mocap_bridge_pkg'
[0.126s] Level 1:colcon.colcon_core.package_identification:_identify(src/wyrm_msgs) by extensions ['ignore', 'ignore_ament_install']
[0.127s] Level 1:colcon.colcon_core.package_identification:_identify(src/wyrm_msgs) by extension 'ignore'
[0.127s] Level 1:colcon.colcon_core.package_identification:_identify(src/wyrm_msgs) by extension 'ignore_ament_install'
[0.127s] Level 1:colcon.colcon_core.package_identification:_identify(src/wyrm_msgs) by extensions ['colcon_pkg']
[0.127s] Level 1:colcon.colcon_core.package_identification:_identify(src/wyrm_msgs) by extension 'colcon_pkg'
[0.127s] Level 1:colcon.colcon_core.package_identification:_identify(src/wyrm_msgs) by extensions ['colcon_meta']
[0.127s] Level 1:colcon.colcon_core.package_identification:_identify(src/wyrm_msgs) by extension 'colcon_meta'
[0.127s] Level 1:colcon.colcon_core.package_identification:_identify(src/wyrm_msgs) by extensions ['ros']
[0.127s] Level 1:colcon.colcon_core.package_identification:_identify(src/wyrm_msgs) by extension 'ros'
[0.127s] DEBUG:colcon.colcon_core.package_identification:Package 'src/wyrm_msgs' with type 'ros.ament_cmake' and name 'wyrm_msgs'
[0.127s] Level 1:colcon.colcon_core.package_discovery:discover_packages(recursive) using defaults
[0.127s] Level 1:colcon.colcon_core.package_discovery:discover_packages(ignore) discover
[0.127s] Level 1:colcon.colcon_core.package_discovery:discover_packages(ignore) using defaults
[0.127s] Level 1:colcon.colcon_core.package_discovery:discover_packages(path) discover
[0.127s] Level 1:colcon.colcon_core.package_discovery:discover_packages(path) using defaults
[0.139s] Level 5:colcon.colcon_core.verb:set package 'wyrm_msgs' build argument 'cmake_args' from command line to 'None'
[0.139s] Level 5:colcon.colcon_core.verb:set package 'wyrm_msgs' build argument 'cmake_target' from command line to 'None'
[0.139s] Level 5:colcon.colcon_core.verb:set package 'wyrm_msgs' build argument 'cmake_target_skip_unavailable' from command line to 'False'
[0.139s] Level 5:colcon.colcon_core.verb:set package 'wyrm_msgs' build argument 'cmake_clean_cache' from command line to 'False'
[0.139s] Level 5:colcon.colcon_core.verb:set package 'wyrm_msgs' build argument 'cmake_clean_first' from command line to 'False'
[0.139s] Level 5:colcon.colcon_core.verb:set package 'wyrm_msgs' build argument 'cmake_force_configure' from command line to 'False'
[0.139s] Level 5:colcon.colcon_core.verb:set package 'wyrm_msgs' build argument 'ament_cmake_args' from command line to 'None'
[0.139s] Level 5:colcon.colcon_core.verb:set package 'wyrm_msgs' build argument 'catkin_cmake_args' from command line to 'None'
[0.139s] Level 5:colcon.colcon_core.verb:set package 'wyrm_msgs' build argument 'catkin_skip_building_tests' from command line to 'False'
[0.139s] DEBUG:colcon.colcon_core.verb:Building package 'wyrm_msgs' with the following arguments: {'ament_cmake_args': None, 'build_base': '/home/ws/build/wyrm_msgs', 'catkin_cmake_args': None, 'catkin_skip_building_tests': False, 'cmake_args': None, 'cmake_clean_cache': False, 'cmake_clean_first': False, 'cmake_force_configure': False, 'cmake_target': None, 'cmake_target_skip_unavailable': False, 'install_base': '/home/ws/install/wyrm_msgs', 'merge_install': False, 'path': '/home/ws/src/wyrm_msgs', 'symlink_install': False, 'test_result_base': None}
[0.139s] Level 5:colcon.colcon_core.verb:set package 'wyrm_mocap_bridge_pkg' build argument 'cmake_args' from command line to 'None'
[0.139s] Level 5:colcon.colcon_core.verb:set package 'wyrm_mocap_bridge_pkg' build argument 'cmake_target' from command line to 'None'
[0.139s] Level 5:colcon.colcon_core.verb:set package 'wyrm_mocap_bridge_pkg' build argument 'cmake_target_skip_unavailable' from command line to 'False'
[0.139s] Level 5:colcon.colcon_core.verb:set package 'wyrm_mocap_bridge_pkg' build argument 'cmake_clean_cache' from command line to 'False'
[0.139s] Level 5:colcon.colcon_core.verb:set package 'wyrm_mocap_bridge_pkg' build argument 'cmake_clean_first' from command line to 'False'
[0.139s] Level 5:colcon.colcon_core.verb:set package 'wyrm_mocap_bridge_pkg' build argument 'cmake_force_configure' from command line to 'False'
[0.139s] Level 5:colcon.colcon_core.verb:set package 'wyrm_mocap_bridge_pkg' build argument 'ament_cmake_args' from command line to 'None'
[0.139s] Level 5:colcon.colcon_core.verb:set package 'wyrm_mocap_bridge_pkg' build argument 'catkin_cmake_args' from command line to 'None'
[0.139s] Level 5:colcon.colcon_core.verb:set package 'wyrm_mocap_bridge_pkg' build argument 'catkin_skip_building_tests' from command line to 'False'
[0.139s] DEBUG:colcon.colcon_core.verb:Building package 'wyrm_mocap_bridge_pkg' with the following arguments: {'ament_cmake_args': None, 'build_base': '/home/ws/build/wyrm_mocap_bridge_pkg', 'catkin_cmake_args': None, 'catkin_skip_building_tests': False, 'cmake_args': None, 'cmake_clean_cache': False, 'cmake_clean_first': False, 'cmake_force_configure': False, 'cmake_target': None, 'cmake_target_skip_unavailable': False, 'install_base': '/home/ws/install/wyrm_mocap_bridge_pkg', 'merge_install': False, 'path': '/home/ws/src/wyrm_mocap_bridge_pkg', 'symlink_install': False, 'test_result_base': None}
[0.139s] INFO:colcon.colcon_core.executor:Executing jobs using 'parallel' executor
[0.140s] DEBUG:colcon.colcon_parallel_executor.executor.parallel:run_until_complete
[0.141s] INFO:colcon.colcon_ros.task.ament_cmake.build:Building ROS package in '/home/ws/src/wyrm_msgs' with build type 'ament_cmake'
[0.141s] INFO:colcon.colcon_cmake.task.cmake.build:Building CMake package in '/home/ws/src/wyrm_msgs'
[0.143s] INFO:colcon.colcon_core.plugin_system:Skipping extension 'colcon_core.shell.bat': Not used on non-Windows systems
[0.143s] INFO:colcon.colcon_core.shell:Skip shell extension 'powershell' for command environment: Not usable outside of PowerShell
[0.143s] DEBUG:colcon.colcon_core.shell:Skip shell extension 'dsv' for command environment
[0.157s] DEBUG:colcon.colcon_core.event_handler.log_command:Invoking command in '/home/ws/build/wyrm_msgs': CMAKE_PREFIX_PATH=/opt/ros/humble /usr/bin/cmake --build /home/ws/build/wyrm_msgs -- -j16 -l16
[0.443s] DEBUG:colcon.colcon_core.event_handler.log_command:Invoked command in '/home/ws/build/wyrm_msgs' returned '0': CMAKE_PREFIX_PATH=/opt/ros/humble /usr/bin/cmake --build /home/ws/build/wyrm_msgs -- -j16 -l16
[0.461s] DEBUG:colcon.colcon_core.event_handler.log_command:Invoking command in '/home/ws/build/wyrm_msgs': CMAKE_PREFIX_PATH=/opt/ros/humble /usr/bin/cmake --install /home/ws/build/wyrm_msgs
[0.526s] Level 1:colcon.colcon_core.environment:create_environment_scripts_only(wyrm_msgs)
[0.530s] Level 1:colcon.colcon_core.environment:checking '/home/ws/install/wyrm_msgs' for CMake module files
[0.530s] DEBUG:colcon.colcon_core.event_handler.log_command:Invoked command in '/home/ws/build/wyrm_msgs' returned '0': CMAKE_PREFIX_PATH=/opt/ros/humble /usr/bin/cmake --install /home/ws/build/wyrm_msgs
[0.531s] Level 1:colcon.colcon_core.environment:checking '/home/ws/install/wyrm_msgs' for CMake config files
[0.531s] Level 1:colcon.colcon_core.shell:create_environment_hook('wyrm_msgs', 'cmake_prefix_path')
[0.531s] INFO:colcon.colcon_core.shell:Creating environment hook '/home/ws/install/wyrm_msgs/share/wyrm_msgs/hook/cmake_prefix_path.ps1'
[0.532s] INFO:colcon.colcon_core.shell:Creating environment descriptor '/home/ws/install/wyrm_msgs/share/wyrm_msgs/hook/cmake_prefix_path.dsv'
[0.533s] INFO:colcon.colcon_core.shell:Creating environment hook '/home/ws/install/wyrm_msgs/share/wyrm_msgs/hook/cmake_prefix_path.sh'
[0.534s] Level 1:colcon.colcon_core.environment:checking '/home/ws/install/wyrm_msgs/lib'
[0.534s] Level 1:colcon.colcon_core.shell:create_environment_hook('wyrm_msgs', 'ld_library_path_lib')
[0.535s] INFO:colcon.colcon_core.shell:Creating environment hook '/home/ws/install/wyrm_msgs/share/wyrm_msgs/hook/ld_library_path_lib.ps1'
[0.535s] INFO:colcon.colcon_core.shell:Creating environment descriptor '/home/ws/install/wyrm_msgs/share/wyrm_msgs/hook/ld_library_path_lib.dsv'
[0.535s] INFO:colcon.colcon_core.shell:Creating environment hook '/home/ws/install/wyrm_msgs/share/wyrm_msgs/hook/ld_library_path_lib.sh'
[0.536s] Level 1:colcon.colcon_core.environment:checking '/home/ws/install/wyrm_msgs/bin'
[0.536s] Level 1:colcon.colcon_core.environment:checking '/home/ws/install/wyrm_msgs/lib/pkgconfig/wyrm_msgs.pc'
[0.539s] Level 1:colcon.colcon_core.environment:checking '/home/ws/install/wyrm_msgs/lib/python3.10/site-packages'
[0.539s] Level 1:colcon.colcon_core.environment:checking '/home/ws/install/wyrm_msgs/bin'
[0.540s] INFO:colcon.colcon_core.shell:Creating package script '/home/ws/install/wyrm_msgs/share/wyrm_msgs/package.ps1'
[0.541s] INFO:colcon.colcon_core.shell:Creating package descriptor '/home/ws/install/wyrm_msgs/share/wyrm_msgs/package.dsv'
[0.542s] INFO:colcon.colcon_core.shell:Creating package script '/home/ws/install/wyrm_msgs/share/wyrm_msgs/package.sh'
[0.543s] INFO:colcon.colcon_core.shell:Creating package script '/home/ws/install/wyrm_msgs/share/wyrm_msgs/package.bash'
[0.543s] INFO:colcon.colcon_core.shell:Creating package script '/home/ws/install/wyrm_msgs/share/wyrm_msgs/package.zsh'
[0.544s] Level 1:colcon.colcon_core.environment:create_file_with_runtime_dependencies(/home/ws/install/wyrm_msgs/share/colcon-core/packages/wyrm_msgs)
[0.544s] Level 1:colcon.colcon_core.environment:create_environment_scripts_only(wyrm_msgs)
[0.544s] Level 1:colcon.colcon_core.environment:checking '/home/ws/install/wyrm_msgs' for CMake module files
[0.545s] Level 1:colcon.colcon_core.environment:checking '/home/ws/install/wyrm_msgs' for CMake config files
[0.545s] Level 1:colcon.colcon_core.shell:create_environment_hook('wyrm_msgs', 'cmake_prefix_path')
[0.545s] INFO:colcon.colcon_core.shell:Creating environment hook '/home/ws/install/wyrm_msgs/share/wyrm_msgs/hook/cmake_prefix_path.ps1'
[0.545s] INFO:colcon.colcon_core.shell:Creating environment descriptor '/home/ws/install/wyrm_msgs/share/wyrm_msgs/hook/cmake_prefix_path.dsv'
[0.546s] INFO:colcon.colcon_core.shell:Creating environment hook '/home/ws/install/wyrm_msgs/share/wyrm_msgs/hook/cmake_prefix_path.sh'
[0.546s] Level 1:colcon.colcon_core.environment:checking '/home/ws/install/wyrm_msgs/lib'
[0.546s] Level 1:colcon.colcon_core.shell:create_environment_hook('wyrm_msgs', 'ld_library_path_lib')
[0.546s] INFO:colcon.colcon_core.shell:Creating environment hook '/home/ws/install/wyrm_msgs/share/wyrm_msgs/hook/ld_library_path_lib.ps1'
[0.546s] INFO:colcon.colcon_core.shell:Creating environment descriptor '/home/ws/install/wyrm_msgs/share/wyrm_msgs/hook/ld_library_path_lib.dsv'
[0.547s] INFO:colcon.colcon_core.shell:Creating environment hook '/home/ws/install/wyrm_msgs/share/wyrm_msgs/hook/ld_library_path_lib.sh'
[0.547s] Level 1:colcon.colcon_core.environment:checking '/home/ws/install/wyrm_msgs/bin'
[0.547s] Level 1:colcon.colcon_core.environment:checking '/home/ws/install/wyrm_msgs/lib/pkgconfig/wyrm_msgs.pc'
[0.547s] Level 1:colcon.colcon_core.environment:checking '/home/ws/install/wyrm_msgs/lib/python3.10/site-packages'
[0.547s] Level 1:colcon.colcon_core.environment:checking '/home/ws/install/wyrm_msgs/bin'
[0.547s] INFO:colcon.colcon_core.shell:Creating package script '/home/ws/install/wyrm_msgs/share/wyrm_msgs/package.ps1'
[0.548s] INFO:colcon.colcon_core.shell:Creating package descriptor '/home/ws/install/wyrm_msgs/share/wyrm_msgs/package.dsv'
[0.549s] INFO:colcon.colcon_core.shell:Creating package script '/home/ws/install/wyrm_msgs/share/wyrm_msgs/package.sh'
[0.549s] INFO:colcon.colcon_core.shell:Creating package script '/home/ws/install/wyrm_msgs/share/wyrm_msgs/package.bash'
[0.549s] INFO:colcon.colcon_core.shell:Creating package script '/home/ws/install/wyrm_msgs/share/wyrm_msgs/package.zsh'
[0.550s] Level 1:colcon.colcon_core.environment:create_file_with_runtime_dependencies(/home/ws/install/wyrm_msgs/share/colcon-core/packages/wyrm_msgs)
[0.550s] INFO:colcon.colcon_ros.task.ament_python.build:Building ROS package in '/home/ws/src/wyrm_mocap_bridge_pkg' with build type 'ament_python'
[0.550s] Level 1:colcon.colcon_core.shell:create_environment_hook('wyrm_mocap_bridge_pkg', 'ament_prefix_path')
[0.550s] INFO:colcon.colcon_core.shell:Creating environment hook '/home/ws/install/wyrm_mocap_bridge_pkg/share/wyrm_mocap_bridge_pkg/hook/ament_prefix_path.ps1'
[0.550s] INFO:colcon.colcon_core.shell:Creating environment descriptor '/home/ws/install/wyrm_mocap_bridge_pkg/share/wyrm_mocap_bridge_pkg/hook/ament_prefix_path.dsv'
[0.551s] INFO:colcon.colcon_core.shell:Creating environment hook '/home/ws/install/wyrm_mocap_bridge_pkg/share/wyrm_mocap_bridge_pkg/hook/ament_prefix_path.sh'
[0.551s] INFO:colcon.colcon_core.shell:Skip shell extension 'powershell' for command environment: Not usable outside of PowerShell
[0.551s] DEBUG:colcon.colcon_core.shell:Skip shell extension 'dsv' for command environment
[0.674s] INFO:colcon.colcon_core.task.python.build:Building Python package in '/home/ws/src/wyrm_mocap_bridge_pkg'
[0.675s] INFO:colcon.colcon_core.shell:Skip shell extension 'powershell' for command environment: Not usable outside of PowerShell
[0.675s] DEBUG:colcon.colcon_core.shell:Skip shell extension 'dsv' for command environment
[0.865s] DEBUG:colcon.colcon_core.task.python.build:Available setuptools commands: bdist_rpm, build, dist_info, bdist, test, setopt, rotate, upload, bdist_wheel, clean, bdist_egg, develop, install_scripts, build_py, bdist_dumb, install_headers, alias, egg_info, easy_install, build_scripts, sdist, install_egg_info, upload_docs, check, register, install_data, install_lib, saveopts, build_clib, install, symlink_data, build_ext
[0.870s] DEBUG:colcon.colcon_core.event_handler.log_command:Invoking command in '/home/ws/src/wyrm_mocap_bridge_pkg': AMENT_PREFIX_PATH=/home/ws/install/wyrm_msgs:${AMENT_PREFIX_PATH} CMAKE_PREFIX_PATH=/home/ws/install/wyrm_msgs LD_LIBRARY_PATH=/home/ws/install/wyrm_msgs/lib:${LD_LIBRARY_PATH} PYTHONPATH=/home/ws/build/wyrm_mocap_bridge_pkg/prefix_override:/usr/lib/python3/dist-packages/colcon_core/task/python/colcon_distutils_commands:/home/ws/install/wyrm_mocap_bridge_pkg/lib/python3.10/site-packages:/home/ws/install/wyrm_msgs/local/lib/python3.10/dist-packages:${PYTHONPATH} /usr/bin/python3 -W ignore:setup.py install is deprecated -W ignore:easy_install command is deprecated setup.py egg_info --egg-base ../../build/wyrm_mocap_bridge_pkg build --build-base /home/ws/build/wyrm_mocap_bridge_pkg/build install --record /home/ws/build/wyrm_mocap_bridge_pkg/install.log --install-scripts $base/lib/wyrm_mocap_bridge_pkg --single-version-externally-managed install_data
[1.031s] Level 1:colcon.colcon_core.environment:checking '/home/ws/install/wyrm_mocap_bridge_pkg' for CMake module files
[1.032s] DEBUG:colcon.colcon_core.event_handler.log_command:Invoked command in '/home/ws/src/wyrm_mocap_bridge_pkg' returned '0': AMENT_PREFIX_PATH=/home/ws/install/wyrm_msgs:${AMENT_PREFIX_PATH} CMAKE_PREFIX_PATH=/home/ws/install/wyrm_msgs LD_LIBRARY_PATH=/home/ws/install/wyrm_msgs/lib:${LD_LIBRARY_PATH} PYTHONPATH=/home/ws/build/wyrm_mocap_bridge_pkg/prefix_override:/usr/lib/python3/dist-packages/colcon_core/task/python/colcon_distutils_commands:/home/ws/install/wyrm_mocap_bridge_pkg/lib/python3.10/site-packages:/home/ws/install/wyrm_msgs/local/lib/python3.10/dist-packages:${PYTHONPATH} /usr/bin/python3 -W ignore:setup.py install is deprecated -W ignore:easy_install command is deprecated setup.py egg_info --egg-base ../../build/wyrm_mocap_bridge_pkg build --build-base /home/ws/build/wyrm_mocap_bridge_pkg/build install --record /home/ws/build/wyrm_mocap_bridge_pkg/install.log --install-scripts $base/lib/wyrm_mocap_bridge_pkg --single-version-externally-managed install_data
[1.032s] Level 1:colcon.colcon_core.environment:checking '/home/ws/install/wyrm_mocap_bridge_pkg' for CMake config files
[1.034s] Level 1:colcon.colcon_core.environment:checking '/home/ws/install/wyrm_mocap_bridge_pkg/lib'
[1.034s] Level 1:colcon.colcon_core.environment:checking '/home/ws/install/wyrm_mocap_bridge_pkg/bin'
[1.034s] Level 1:colcon.colcon_core.environment:checking '/home/ws/install/wyrm_mocap_bridge_pkg/lib/pkgconfig/wyrm_mocap_bridge_pkg.pc'
[1.034s] Level 1:colcon.colcon_core.environment:checking '/home/ws/install/wyrm_mocap_bridge_pkg/lib/python3.10/site-packages'
[1.035s] Level 1:colcon.colcon_core.shell:create_environment_hook('wyrm_mocap_bridge_pkg', 'pythonpath')
[1.035s] INFO:colcon.colcon_core.shell:Creating environment hook '/home/ws/install/wyrm_mocap_bridge_pkg/share/wyrm_mocap_bridge_pkg/hook/pythonpath.ps1'
[1.036s] INFO:colcon.colcon_core.shell:Creating environment descriptor '/home/ws/install/wyrm_mocap_bridge_pkg/share/wyrm_mocap_bridge_pkg/hook/pythonpath.dsv'
[1.037s] INFO:colcon.colcon_core.shell:Creating environment hook '/home/ws/install/wyrm_mocap_bridge_pkg/share/wyrm_mocap_bridge_pkg/hook/pythonpath.sh'
[1.039s] Level 1:colcon.colcon_core.environment:checking '/home/ws/install/wyrm_mocap_bridge_pkg/bin'
[1.039s] Level 1:colcon.colcon_core.environment:create_environment_scripts_only(wyrm_mocap_bridge_pkg)
[1.039s] INFO:colcon.colcon_core.shell:Creating package script '/home/ws/install/wyrm_mocap_bridge_pkg/share/wyrm_mocap_bridge_pkg/package.ps1'
[1.041s] INFO:colcon.colcon_core.shell:Creating package descriptor '/home/ws/install/wyrm_mocap_bridge_pkg/share/wyrm_mocap_bridge_pkg/package.dsv'
[1.041s] INFO:colcon.colcon_core.shell:Creating package script '/home/ws/install/wyrm_mocap_bridge_pkg/share/wyrm_mocap_bridge_pkg/package.sh'
[1.042s] INFO:colcon.colcon_core.shell:Creating package script '/home/ws/install/wyrm_mocap_bridge_pkg/share/wyrm_mocap_bridge_pkg/package.bash'
[1.043s] INFO:colcon.colcon_core.shell:Creating package script '/home/ws/install/wyrm_mocap_bridge_pkg/share/wyrm_mocap_bridge_pkg/package.zsh'
[1.044s] Level 1:colcon.colcon_core.environment:create_file_with_runtime_dependencies(/home/ws/install/wyrm_mocap_bridge_pkg/share/colcon-core/packages/wyrm_mocap_bridge_pkg)
[1.044s] DEBUG:colcon.colcon_parallel_executor.executor.parallel:closing loop
[1.045s] DEBUG:colcon.colcon_parallel_executor.executor.parallel:loop closed
[1.045s] DEBUG:colcon.colcon_parallel_executor.executor.parallel:run_until_complete finished with '0'
[1.045s] DEBUG:colcon.colcon_core.event_reactor:joining thread
[1.053s] INFO:colcon.colcon_core.plugin_system:Skipping extension 'colcon_notification.desktop_notification.notify_send': Could not find 'notify-send'
[1.054s] INFO:colcon.colcon_core.plugin_system:Skipping extension 'colcon_notification.desktop_notification.terminal_notifier': Not used on non-Darwin systems
[1.054s] INFO:colcon.colcon_core.plugin_system:Skipping extension 'colcon_notification.desktop_notification.win32': Not used on non-Windows systems
[1.054s] INFO:colcon.colcon_notification.desktop_notification:Sending desktop notification using 'notify2'
[1.059s] DEBUG:colcon.colcon_notification.desktop_notification.notify2:Failed to initialize notify2: org.freedesktop.DBus.Error.Spawn.ExecFailed: /usr/bin/dbus-launch terminated abnormally without any error message
[1.060s] DEBUG:colcon.colcon_core.event_reactor:joined thread
[1.061s] INFO:colcon.colcon_core.shell:Creating prefix script '/home/ws/install/local_setup.ps1'
[1.064s] INFO:colcon.colcon_core.shell:Creating prefix util module '/home/ws/install/_local_setup_util_ps1.py'
[1.068s] INFO:colcon.colcon_core.shell:Creating prefix chain script '/home/ws/install/setup.ps1'
[1.071s] INFO:colcon.colcon_core.shell:Creating prefix script '/home/ws/install/local_setup.sh'
[1.072s] INFO:colcon.colcon_core.shell:Creating prefix util module '/home/ws/install/_local_setup_util_sh.py'
[1.073s] INFO:colcon.colcon_core.shell:Creating prefix chain script '/home/ws/install/setup.sh'
[1.076s] INFO:colcon.colcon_core.shell:Creating prefix script '/home/ws/install/local_setup.bash'
[1.077s] INFO:colcon.colcon_core.shell:Creating prefix chain script '/home/ws/install/setup.bash'
[1.078s] INFO:colcon.colcon_core.shell:Creating prefix script '/home/ws/install/local_setup.zsh'
[1.079s] INFO:colcon.colcon_core.shell:Creating prefix chain script '/home/ws/install/setup.zsh'
